172.31.38.136 - - [01/Jan/2016:00:00:07 +0000] "GET /axis2/services/WebFilteringService/getCategoryByUrl?app=chrome_webfilter&ver=0.19.7.1&url=http%3A//static.poptropica.com/game/assets/ui/transitions/logoLoadingScreen.swf HTTP/1.1" 200 133 "-" "Mozilla/5.0 (Windows NT 6.1; WOW64) AppleWebKit/537.36 (KHTML, like Gecko) Chrome/47.0.2526.106 Safari/537.36"
172.31.38.136 - - [01/Jan/2016:00:00:07 +0000] "GET /axis2/services/WebFilteringService/getCategoryByUrl?app=chrome_antiporn&ver=0.19.7.1&url=https%3A//s-ak.kobojo.com/mutants/assets/sprites/character/b_e_06-sijnipqosi95ugd7ohswoiirfr.bin HTTP/1.1" 200 133 "-" "Mozilla/5.0 (Windows NT 6.1; WOW64) AppleWebKit/537.36 (KHTML, like Gecko) Chrome/47.0.2526.106 Safari/537.36"
172.31.238.200 - - [01/Jan/2016:00:00:08 +0000] "GET /axis2/services/WebFilteringService/getCategoryByUrl?app=chrome_antiporn&ver=0.19.7.1&url=https%3A//www.google.com.pe/webhp%3Fsourceid%3Dchrome-instant%26ion%3D1%26espv%3D2%26ie%3DUTF-8 HTTP/1.1" 200 133 "-" "Mozilla/5.0 (Windows NT 6.1; WOW64) AppleWebKit/537.36 (KHTML, like Gecko) Chrome/47.0.2526.106 Safari/537.36"
172.31.238.200 - - [01/Jan/2016:00:00:08 +0000] "GET /webapi/getcategory?uri=www.google.co.il&key=d647fe2a-2193-4c2d-8cad-38e78316d020 HTTP/1.1" 200 67 "-" "Apache-HttpClient/UNAVAILABLE (java 1.4)"
172.31.38.136 - - [01/Jan/2016:00:00:07 +0000] "GET /axis2/services/WebFilteringService/getCategoryByUrl?app=chrome_antiporn&ver=0.19.7.1&url=https%3A//d1ou66h5crnn2w.cloudfront.net/en/static/images/BubbleTree.51.png HTTP/1.1" 200 133 "-" "Mozilla/5.0 (Windows NT 6.1) AppleWebKit/537.36 (KHTML, like Gecko) Chrome/47.0.2526.106 Safari/537.36"
172.31.38.136 - - [01/Jan/2016:00:00:07 +0000] "GET /axis2/services/WebFilteringService/getCategoryByUrl?app=chrome_antiporn&ver=0.19.7.1&url=https%3A//s.ytimg.com/yts/img/favicon_32-vfl8NGn4k.png HTTP/1.1" 200 133 "-" "Mozilla/5.0 (Windows NT 6.1; WOW64) AppleWebKit/537.36 (KHTML, like Gecko) Chrome/47.0.2526.106 Safari/537.36"
172.31.238.200 - - [01/Jan/2016:00:00:08 +0000] "GET /axis2/services/WebFilteringService/getCategoryByUrl?app=chrome_antiporn&ver=0.19.7.1&url=http%3A//www.ajaxcdn.org/swf.swf HTTP/1.1" 200 134 "-" "Mozilla/5.0 (Windows NT 6.1) AppleWebKit/537.36 (KHTML, like Gecko) Chrome/46.17.2490.86 Safari/537.36"
172.31.38.136 - - [01/Jan/2016:00:00:07 +0000] "GET /axis2/services/WebFilteringService/getCategoryByUrl?app=firefox_WebFilter&ver=0.19.6.9&url=http%3A%2F%2Fhumourtop.com%2Fles-meilleures-illusions-d-optique-du-monde%2F%23.VoXBilLq3IU HTTP/1.1" 200 133 "-" "Mozilla/5.0 (Windows NT 6.1; WOW64; rv:43.0) Gecko/20100101 Firefox/43.0"
172.31.38.136 - - [01/Jan/2016:00:00:07 +0000] "GET /axis2/services/WebFilteringService/getCategoryByUrl?app=chrome_antiporn&ver=0.19.7.1&url=https%3A//s-ak.kobojo.com/mutants/assets/hud/shop/fx_item_hc_goldpromo.bin HTTP/1.1" 200 133 "-" "Mozilla/5.0 (Windows NT 6.3; WOW64) AppleWebKit/537.36 (KHTML, like Gecko) Chrome/47.0.2526.106 Safari/537.36"
172.31.38.136 - - [01/Jan/2016:00:00:07 +0000] "GET /axis2/services/WebFilteringService/getCategoryByUrl?app=chrome_antiporn&ver=0.19.7.1&url=https%3A//d1ou66h5crnn2w.cloudfront.net/en/static/images/StarFruitTree.1.png HTTP/1.1" 200 133 "-" "Mozilla/5.0 (Windows NT 6.1) AppleWebKit/537.36 (KHTML, like Gecko) Chrome/47.0.2526.106 Safari/537.36"
172.31.238.200 - - [01/Jan/2016:00:00:08 +0000] "GET /axis2/services/WebFilteringService/getCategoryByUrl?app=chrome_webfilter&ver=0.19.7.1&url=http%3A//hds.video-cdn.espn.com/z/motion/2015/1229/dm_151229_ncf_clemsonplayers_suspended/dm_151229_ncf_clemsonplayers_suspended_rel.smil/2150000_6b2ff5ecca11e4fd_Seg1-Frag2%3Fals%3D4.82%2C30%2C0%2C6%2C6322%2C70683%2C0%2C3%2C0%2C148%2Cf%2C0.34%2C160.9%2Cf%2Cu%2CCAHMYGWGDKGY%2C2.10.3%2C148%26hdcore%3D2.10.3 HTTP/1.1" 200 133 "-" "Mozilla/5.0 (Macintosh; Intel Mac OS X 10_10_5) AppleWebKit/537.36 (KHTML, like Gecko) Chrome/44.0.2403.89 Safari/537.36"
172.31.38.136 - - [01/Jan/2016:00:00:07 +0000] "GET /axis2/services/WebFilteringService/getCategoryByUrl?app=chrome_antiporn&ver=0.19.7.1&url=https%3A//bs.serving-sys.com/BurstingPipe/adServer.bs%3Fcn%3Disi%26pl%3DVAST%26optOut%3D0%26interactionsStr%3D32471439%257E%257E0%255EebVideoPause%257E0%257E0%257E1%257E1%257E1%257E146105215%257E0%26pos%3D7799%26ebRandom%3D1045119096%26dg%3D4376060%26ta%3D-1%26sessionid%3D3886999273673377731 HTTP/1.1" 200 133 "-" "Mozilla/5.0 (X11; CrOS x86_64 7520.63.0) AppleWebKit/537.36 (KHTML, like Gecko) Chrome/47.0.2526.106 Safari/537.36"
172.31.38.136 - - [01/Jan/2016:00:00:07 +0000] "GET /axis2/services/WebFilteringService/getCategoryByUrl?app=chrome_antiporn&ver=0.19.7.1&url=https%3A//s.ytimg.com/yts/img/favicon_144-vflWmzoXw.png HTTP/1.1" 200 133 "-" "Mozilla/5.0 (Windows NT 6.1; WOW64) AppleWebKit/537.36 (KHTML, like Gecko) Chrome/47.0.2526.106 Safari/537.36"
172.31.238.200 - - [01/Jan/2016:00:00:08 +0000] "GET /axis2/services/WebFilteringService/getCategoryByUrl?app=chrome_webfilter&ver=0.19.7.1&url=https%3A//r3---sn-vgqsener.c.2mdn.net/videoplayback/id/e03c77432383e8ab/itag/18/source/doubleclick_dmm/ratebypass/yes/ip/107.147.207.107/ipbits/0/expire/3589393036/sparams/expire%2Cid%2Cip%2Cipbits%2Citag%2Cmm%2Cmn%2Cms%2Cmv%2Cnh%2Cpl%2Cratebypass%2Csource/signature/4F341DCA70FF7B7468763EDA9411A30E15936501.1D5FFE6D5D00A56C8D95369E15B41536032CC31B/key/cms1/cms_redirect/yes/mm/30/mn/sn-vgqsener/ms/nxu/mt/1451606301/mv/m/nh/IgpwcjAzLm9yZDEyKg03Mi4xNC4yMjAuMTU3/pl/18/file/file.mp4 HTTP/1.1" 200 133 "-" "Mozilla/5.0 (X11; CrOS x86_64 7520.63.0) AppleWebKit/537.36 (KHTML, like Gecko) Chrome/47.0.2526.106 Safari/537.36"
172.31.38.136 - - [01/Jan/2016:00:00:07 +0000] "GET /axis2/services/WebFilteringService/getCategoryByUrl?app=chrome_webfilter&ver=0.19.7.1&url=http%3A//www.liveadexchanger.com/favicon.ico HTTP/1.1" 200 134 "-" "Mozilla/5.0 (Windows NT 6.1) AppleWebKit/537.36 (KHTML, like Gecko) Chrome/47.0.2526.106 Safari/537.36"
172.31.238.200 - - [01/Jan/2016:00:00:08 +0000] "GET /axis2/services/WebFilteringService/getCategoryByUrl?app=chrome_webfilter&ver=0.19.7.1&url=https%3A//fbcdn-profile-a.akamaihd.net/hprofile-ak-xft1/v/t1.0-1/c8.0.50.50/p50x50/1911779_606665879420460_1441216284_n.jpg%3Foh%3D1d9941c0351c98e6c6dc15c3931fae4c%26oe%3D570DB0FC%26__gda__%3D1461555339_0866c713093726e1f5a46d296bfd7b14 HTTP/1.1" 200 133 "-" "Mozilla/5.0 (Windows NT 5.1) AppleWebKit/537.36 (KHTML, like Gecko) Chrome/47.0.2526.106 Safari/537.36"
172.31.238.200 - - [01/Jan/2016:00:00:08 +0000] "GET /axis2/services/WebFilteringService/getCategoryByUrl?app=chrome_antiporn&ver=0.19.7.1&url=https%3A//s.ytimg.com/yts/img/favicon_96-vfldSA3ca.png HTTP/1.1" 200 133 "-" "Mozilla/5.0 (Windows NT 6.1; WOW64) AppleWebKit/537.36 (KHTML, like Gecko) Chrome/47.0.2526.106 Safari/537.36"
172.31.38.136 - - [01/Jan/2016:00:00:07 +0000] "GET /axis2/services/WebFilteringService/getCategoryByUrl?app=chrome_antiporn&ver=0.19.7.1&url=https%3A//s-ak.kobojo.com/mutants/assets/hud/shop/flap/base_e.png HTTP/1.1" 200 133 "-" "Mozilla/5.0 (Windows NT 6.3; WOW64) AppleWebKit/537.36 (KHTML, like Gecko) Chrome/47.0.2526.106 Safari/537.36"
172.31.238.200 - - [01/Jan/2016:00:00:08 +0000] "GET /axis2/services/WebFilteringService/getCategoryByUrl?app=chrome_antiporn&ver=0.19.7.1&url=https%3A//s.ytimg.com/yts/img/favicon_32-vfl8NGn4k.png HTTP/1.1" 200 133 "-" "Mozilla/5.0 (Windows NT 6.3; WOW64) AppleWebKit/537.36 (KHTML, like Gecko) Chrome/47.0.2526.106 Safari/537.36"
172.31.38.136 - - [01/Jan/2016:00:00:07 +0000] "GET /axis2/services/WebFilteringService/getCategoryByUrl?app=chrome_antiporn&ver=0.19.7.1&url=https%3A//s.ytimg.com/yts/img/favicon_96-vfldSA3ca.png HTTP/1.1" 200 133 "-" "Mozilla/5.0 (Windows NT 10.0; WOW64) AppleWebKit/537.36 (KHTML, like Gecko) Chrome/47.0.2526.106 Safari/537.36"
172.31.238.200 - - [01/Jan/2016:00:00:08 +0000] "GET /axis2/services/WebFilteringService/getCategoryByUrl?app=chrome_webfilter&ver=0.19.7.1&url=https%3A//default01.static.socialpointgames.com/static/dragoncity/assets/images/en/fogIsland/fi_snow_adventure/cell-node-way-buy.png%3Fversion%3D1 HTTP/1.1" 200 133 "-" "Mozilla/5.0 (Windows NT 5.1) AppleWebKit/537.36 (KHTML, like Gecko) Chrome/47.0.2526.106 Safari/537.36"
172.31.38.136 - - [01/Jan/2016:00:00:07 +0000] "GET /axis2/services/WebFilteringService/getCategoryByUrl?app=chrome_antiporn&ver=0.19.7.1&url=https%3A//s.ytimg.com/yts/img/favicon_96-vfldSA3ca.png HTTP/1.1" 200 133 "-" "Mozilla/5.0 (Windows NT 6.1; WOW64) AppleWebKit/537.36 (KHTML, like Gecko) Chrome/47.0.2526.106 Safari/537.36"
172.31.238.200 - - [01/Jan/2016:00:00:08 +0000] "GET /axis2/services/WebFilteringService/getCategoryByUrl?app=chrome_antiporn&ver=0.19.7.1&url=https%3A//swx.cdn.skype.com/assets/v/0.0.248/audio/m4a/call-outgoing-p2-loop.m4a HTTP/1.1" 200 133 "-" "Mozilla/5.0 (Windows NT 5.1) AppleWebKit/537.36 (KHTML, like Gecko) Chrome/47.0.2526.106 Safari/537.36"
172.31.238.200 - - [01/Jan/2016:00:00:08 +0000] "GET /webapi/getcategory?uri=dar-e-arqam.org.pk&key=d647fe2a-2193-4c2d-8cad-38e78316d020 HTTP/1.1" 200 90 "-" "Apache-HttpClient/UNAVAILABLE (java 1.4)"
172.31.38.136 - - [01/Jan/2016:00:00:07 +0000] "GET /axis2/services/WebFilteringService/getCategoryByUrl?app=chrome_antiporn&ver=0.19.7.1&url=https%3A//s.ytimg.com/yts/img/favicon_48-vfl1s0rGh.png HTTP/1.1" 200 133 "-" "Mozilla/5.0 (Windows NT 5.1) AppleWebKit/537.36 (KHTML, like Gecko) Chrome/43.0.2357.130 Safari/537.36"
172.31.238.200 - - [01/Jan/2016:00:00:08 +0000] "GET /axis2/services/WebFilteringService/getCategoryByUrl?app=chrome_antiporn&ver=0.19.7.1&url=https%3A//api.facebook.com/crossdomain.xml HTTP/1.1" 200 133 "-" "Mozilla/5.0 (Windows NT 6.1; WOW64) AppleWebKit/537.36 (KHTML, like Gecko) Chrome/47.0.2526.106 Safari/537.36"
172.31.38.136 - - [01/Jan/2016:00:00:07 +0000] "GET /axis2/services/WebFilteringService/getCategoryByUrl?app=chrome_webfilter&ver=0.19.7.1&url=https%3A//s.ytimg.com/yts/img/favicon_144-vflWmzoXw.png HTTP/1.1" 200 133 "-" "Mozilla/5.0 (Windows NT 6.1; WOW64) AppleWebKit/537.36 (KHTML, like Gecko) Chrome/47.0.2526.106 Safari/537.36"
172.31.238.200 - - [01/Jan/2016:00:00:08 +0000] "GET /axis2/services/WebFilteringService/getCategoryByUrl?app=chrome_antiporn&ver=0.19.7.1&url=https%3A//swx.cdn.skype.com/assets/v/0.0.248/audio/ogg/call-outgoing-p1.ogg HTTP/1.1" 200 133 "-" "Mozilla/5.0 (Windows NT 5.1) AppleWebKit/537.36 (KHTML, like Gecko) Chrome/47.0.2526.106 Safari/537.36"
172.31.238.200 - - [01/Jan/2016:00:00:08 +0000] "GET /axis2/services/WebFilteringService/getCategoryByUrl?app=chrome_antiporn&ver=0.19.7.1&url=https%3A//d2d8g5sjza4b48.cloudfront.net/tr/gametriggers.json%3F_v%3D1ck2c9n HTTP/1.1" 200 133 "-" "Mozilla/5.0 (Windows NT 6.1; WOW64) AppleWebKit/537.36 (KHTML, like Gecko) Chrome/47.0.2526.106 Safari/537.36"
172.31.38.136 - - [01/Jan/2016:00:00:07 +0000] "GET /webapi/getcategory?uri=m.facebook.com&key=d647fe2a-2193-4c2d-8cad-38e78316d020 HTTP/1.1" 200 71 "-" "Apache-HttpClient/UNAVAILABLE (java 1.4)"
172.31.238.200 - - [01/Jan/2016:00:00:08 +0000] "GET /axis2/services/WebFilteringService/getCategoryByUrl?app=chrome_antiporn&ver=0.19.7.1&url=https%3A//s.ytimg.com/yts/img/favicon_48-vfl1s0rGh.png HTTP/1.1" 200 133 "-" "Mozilla/5.0 (Windows NT 6.1; WOW64) AppleWebKit/537.36 (KHTML, like Gecko) Chrome/47.0.2526.106 Safari/537.36"
172.31.238.200 - - [01/Jan/2016:00:00:08 +0000] "GET /axis2/services/WebFilteringService/getCategoryByUrl?app=chrome_antiporn&ver=0.19.7.1&url=https%3A//s.ytimg.com/yts/img/favicon_144-vflWmzoXw.png HTTP/1.1" 200 133 "-" "Mozilla/5.0 (Windows NT 6.1; WOW64) AppleWebKit/537.36 (KHTML, like Gecko) Chrome/45.0.2454.101 Safari/537.36"
172.31.38.136 - - [01/Jan/2016:00:00:07 +0000] "GET /axis2/services/WebFilteringService/getCategoryByUrl?app=chrome_webfilter&ver=0.19.7.1&url=http%3A//thumbs2.na.macrojuegos.com/11000/11198/preview.webm HTTP/1.1" 200 133 "-" "Mozilla/5.0 (Windows NT 6.2; WOW64) AppleWebKit/537.36 (KHTML, like Gecko) Chrome/47.0.2526.106 Safari/537.36"
172.31.238.200 - - [01/Jan/2016:00:00:08 +0000] "GET /axis2/services/WebFilteringService/getCategoryByUrl?app=chrome_webfilter&ver=0.19.7.1&url=https%3A//s.ytimg.com/yts/img/favicon_144-vflWmzoXw.png HTTP/1.1" 200 133 "-" "Mozilla/5.0 (Windows NT 6.3; WOW64) AppleWebKit/537.36 (KHTML, like Gecko) Chrome/47.0.2526.106 Safari/537.36"
172.31.38.136 - - [01/Jan/2016:00:00:07 +0000] "GET /axis2/services/WebFilteringService/getCategoryByUrl?app=chrome_antiporn&ver=0.19.7.1&url=https%3A//s.ytimg.com/yts/img/favicon_96-vfldSA3ca.png HTTP/1.1" 200 133 "-" "Mozilla/5.0 (Windows NT 6.1; WOW64) AppleWebKit/537.36 (KHTML, like Gecko) Chrome/47.0.2526.106 Safari/537.36"
172.31.238.200 - - [01/Jan/2016:00:00:08 +0000] "GET /axis2/services/WebFilteringService/getCategoryByUrl?app=chrome_antiporn&ver=0.19.7.1&url=https%3A//s.ytimg.com/yts/img/favicon_144-vflWmzoXw.png HTTP/1.1" 200 133 "-" "Mozilla/5.0 (Windows NT 6.3; WOW64) AppleWebKit/537.36 (KHTML, like Gecko) Chrome/47.0.2526.106 Safari/537.36"
172.31.38.136 - - [01/Jan/2016:00:00:07 +0000] "GET /axis2/services/WebFilteringService/getCategoryByUrl?app=chrome_antiporn&ver=0.19.7.1&url=https%3A//quickresource.eyereturn.com/OVVBeacon.swf HTTP/1.1" 200 133 "-" "Mozilla/5.0 (Macintosh; Intel Mac OS X 10_11_2) AppleWebKit/537.36 (KHTML, like Gecko) Chrome/47.0.2526.106 Safari/537.36"
172.31.238.200 - - [01/Jan/2016:00:00:08 +0000] "GET /axis2/services/WebFilteringService/getCategoryByUrl?app=chrome_antiporn&ver=0.19.7.1&url=http%3A//nlds217.cdnak.neulion.com/nlds/nhl/capitals/as/live/capitals_hd_3000/20151231/23/5948.mp4 HTTP/1.1" 200 133 "-" "Mozilla/5.0 (Windows NT 6.1; WOW64) AppleWebKit/537.36 (KHTML, like Gecko) Chrome/47.0.2526.106 Safari/537.36"
172.31.38.136 - - [01/Jan/2016:00:00:07 +0000] "GET /axis2/services/WebFilteringService/getCategoryByUrl?app=chrome_antiporn&ver=0.19.7.1&url=https%3A//s.ytimg.com/yts/img/favicon_144-vflWmzoXw.png HTTP/1.1" 200 133 "-" "Mozilla/5.0 (Windows NT 6.1; WOW64) AppleWebKit/537.36 (KHTML, like Gecko) Chrome/47.0.2526.106 Safari/537.36"
172.31.238.200 - - [01/Jan/2016:00:00:08 +0000] "GET /axis2/services/WebFilteringService/getCategoryByUrl?app=chrome_antiporn&ver=0.19.7.1&url=http%3A//www.twitch.tv/widgets/live_embed_player.swf%3Fchannel%3Delectrokidi HTTP/1.1" 200 133 "-" "Mozilla/5.0 (Windows NT 6.1) AppleWebKit/537.36 (KHTML, like Gecko) Chrome/47.0.2526.106 Safari/537.36"
172.31.38.136 - - [01/Jan/2016:00:00:07 +0000] "GET /axis2/services/WebFilteringService/getCategoryByUrl?app=chrome_webfilter&ver=0.19.7.1&url=https%3A//fbcdn-profile-a.akamaihd.net/hprofile-ak-xft1/v/t1.0-1/p50x50/11246854_10206939088544294_3148356919941712906_n.jpg%3Foh%3D4afc76ee66305f2490c9f6db4924ace7%26oe%3D57058754%26__gda__%3D1460473885_82108a790dabf8053a1d8eeb1d5b7a40 HTTP/1.1" 200 133 "-" "Mozilla/5.0 (Windows NT 5.1) AppleWebKit/537.36 (KHTML, like Gecko) Chrome/47.0.2526.106 Safari/537.36"
172.31.38.136 - - [01/Jan/2016:00:00:07 +0000] "GET /axis2/services/WebFilteringService/getCategoryByUrl?app=chrome_webfilter&ver=0.19.7.1&url=https%3A//s.ytimg.com/yts/img/favicon_96-vfldSA3ca.png HTTP/1.1" 200 133 "-" "Mozilla/5.0 (Windows NT 6.1; WOW64) AppleWebKit/537.36 (KHTML, like Gecko) Chrome/47.0.2526.106 Safari/537.36"
172.31.238.200 - - [01/Jan/2016:00:00:08 +0000] "GET /axis2/services/WebFilteringService/getCategoryByUrl?app=chrome_antiporn&ver=0.19.7.1&url=https%3A//sc-cdn.playkot.com/content/1a87d646f6ad273b14e7831b2d1a8063_fc_buildings_120_olimpic_orgcomitee.swf HTTP/1.1" 200 133 "-" "Mozilla/5.0 (Windows NT 10.0; WOW64) AppleWebKit/537.36 (KHTML, like Gecko) Chrome/47.0.2526.106 Safari/537.36"
172.31.238.200 - - [01/Jan/2016:00:00:08 +0000] "GET /axis2/services/WebFilteringService/getCategoryByUrl?app=chrome_antiporn&ver=0.19.7.1&url=https%3A//mail.google.com/mail/u/0/ HTTP/1.1" 200 133 "-" "Mozilla/5.0 (Windows NT 6.1; WOW64) AppleWebKit/537.36 (KHTML, like Gecko) Chrome/47.0.2526.106 Safari/537.36"
172.31.38.136 - - [01/Jan/2016:00:00:07 +0000] "GET /axis2/services/WebFilteringService/getCategoryByUrl?appid=android_safebrowser&ver=1.2.4&url=http://www.ticketbisfr.com/sellers HTTP/1.1" 200 134 "-" "Dalvik/1.6.0 (Linux; U; Android 4.1.1; MFC157FR Build/JRO03H)"
172.31.238.200 - - [01/Jan/2016:00:00:08 +0000] "GET /axis2/services/WebFilteringService/getCategoryByUrl?app=chrome_antiporn&ver=0.19.7.1&url=http%3A//c2s-openrtb.liverail.com/crossdomain.xml HTTP/1.1" 200 133 "-" "Mozilla/5.0 (Windows NT 6.1; WOW64) AppleWebKit/537.36 (KHTML, like Gecko) Chrome/47.0.2526.106 Safari/537.36"
172.31.38.136 - - [01/Jan/2016:00:00:07 +0000] "GET /axis2/services/WebFilteringService/getCategoryByUrl?app=chrome_antiporn&ver=0.19.7.1&url=https%3A//instagramstatic-a.akamaihd.net/bluebar/07a863f/webfonts/proximanova-reg-webfont.woff HTTP/1.1" 200 133 "-" "Mozilla/5.0 (Windows NT 5.1) AppleWebKit/537.36 (KHTML, like Gecko) Chrome/47.0.2526.106 Safari/537.36"
172.31.238.200 - - [01/Jan/2016:00:00:08 +0000] "GET /axis2/services/WebFilteringService/getCategoryByUrl?app=chrome_webfilter&ver=0.19.7.1&url=http%3A//lr-bid.display.provenpixel.com/crossdomain.xml HTTP/1.1" 200 133 "-" "Mozilla/5.0 (Windows NT 6.1; WOW64) AppleWebKit/537.36 (KHTML, like Gecko) Chrome/47.0.2526.106 Safari/537.36"
172.31.38.136 - - [01/Jan/2016:00:00:07 +0000] "GET /axis2/services/WebFilteringService/getCategoryByUrl?app=chrome_antiporn&ver=0.19.7.1&url=https%3A//s.ytimg.com/yts/img/favicon_48-vfl1s0rGh.png HTTP/1.1" 200 133 "-" "Mozilla/5.0 (Windows NT 6.3; WOW64) AppleWebKit/537.36 (KHTML, like Gecko) Chrome/47.0.2526.106 Safari/537.36"
172.31.38.136 - - [01/Jan/2016:00:00:07 +0000] "GET /axis2/services/WebFilteringService/getCategoryByUrl?app=chrome_antiporn&ver=0.19.7.1&url=https%3A//fonts.gstatic.com/s/roboto/v15/CWB0XYA8bzo0kSThX0UTuA.woff2 HTTP/1.1" 200 133 "-" "Mozilla/5.0 (Windows NT 5.1) AppleWebKit/537.36 (KHTML, like Gecko) Chrome/45.0.2454.101 Safari/537.36"
172.31.238.200 - - [01/Jan/2016:00:00:08 +0000] "GET /axis2/services/WebFilteringService/getCategoryByUrl?app=chrome_antiporn&ver=0.19.7.1&url=http%3A//www.retailmenot.com/out/7369879 HTTP/1.1" 200 133 "-" "Mozilla/5.0 (Macintosh; Intel Mac OS X 10_11_2) AppleWebKit/537.36 (KHTML, like Gecko) Chrome/47.0.2526.106 Safari/537.36"
172.31.38.136 - - [01/Jan/2016:00:00:07 +0000] "GET /webapi/getcategory?uri=popcash.net&key=d647fe2a-2193-4c2d-8cad-38e78316d020 HTTP/1.1" 200 73 "-" "Apache-HttpClient/UNAVAILABLE (java 1.4)"
172.31.238.200 - - [01/Jan/2016:00:00:08 +0000] "GET /axis2/services/WebFilteringService/getCategoryByUrl?app=chrome_webfilter&ver=0.19.7.1&url=https%3A//fbcdn-profile-a.akamaihd.net/hprofile-ak-xpa1/v/t1.0-1/p50x50/11666223_1641354302818041_4991403109117816354_n.jpg%3Foh%3D23e4e2327ee5368df203a42eab51134e%26oe%3D57192025%26__gda__%3D1459947802_bbf06d857b825062c3b8f8bb4f617d87 HTTP/1.1" 200 133 "-" "Mozilla/5.0 (Windows NT 5.1) AppleWebKit/537.36 (KHTML, like Gecko) Chrome/47.0.2526.106 Safari/537.36"
172.31.38.136 - - [01/Jan/2016:00:00:07 +0000] "GET /axis2/services/WebFilteringService/getCategoryByUrl?app=chrome_antiporn&ver=0.19.7.1&url=https%3A//instagramstatic-a.akamaihd.net/bluebar/07a863f/webfonts/proximanova-bold-webfont.woff HTTP/1.1" 200 133 "-" "Mozilla/5.0 (Windows NT 5.1) AppleWebKit/537.36 (KHTML, like Gecko) Chrome/47.0.2526.106 Safari/537.36"
172.31.238.200 - - [01/Jan/2016:00:00:08 +0000] "GET /axis2/services/WebFilteringService/getCategoryByUrl?app=chrome_antiporn&ver=0.19.7.1&url=https%3A//z.moatads.com/swf/MessageSenderV4.swf HTTP/1.1" 200 133 "-" "Mozilla/5.0 (X11; CrOS x86_64 7520.63.0) AppleWebKit/537.36 (KHTML, like Gecko) Chrome/47.0.2526.106 Safari/537.36"
172.31.38.136 - - [01/Jan/2016:00:00:07 +0000] "GET /axis2/services/WebFilteringService/getCategoryByUrl?app=chrome_antiporn&ver=0.19.7.1&url=http%3A//video-1-101.rutube.ru/hdsv2/QEqSDBR6mL0ewceTEIw53g/1451612576/72/0x5000c5007a7bbe2d/335fbe287762470abb18311a9843d0b2.mp4Seg1-Frag107 HTTP/1.1" 200 133 "-" "Mozilla/5.0 (Windows NT 6.3; WOW64) AppleWebKit/537.36 (KHTML, like Gecko) Chrome/47.0.2526.106 Safari/537.36"
172.31.238.200 - - [01/Jan/2016:00:00:08 +0000] "GET /axis2/services/WebFilteringService/getCategoryByUrl?app=chrome_antiporn&ver=0.19.7.1&url=https%3A//s.ytimg.com/yts/img/favicon_96-vfldSA3ca.png HTTP/1.1" 200 133 "-" "Mozilla/5.0 (Windows NT 6.1; WOW64) AppleWebKit/537.36 (KHTML, like Gecko) Chrome/47.0.2526.106 Safari/537.36"
172.31.38.136 - - [01/Jan/2016:00:00:07 +0000] "GET /axis2/services/WebFilteringService/getCategoryByUrl?app=chrome_antiporn&ver=0.19.7.1&url=https%3A//s.ytimg.com/yts/img/favicon_32-vfl8NGn4k.png HTTP/1.1" 200 133 "-" "Mozilla/5.0 (Windows NT 6.1; WOW64) AppleWebKit/537.36 (KHTML, like Gecko) Chrome/47.0.2526.106 Safari/537.36"
172.31.38.136 - - [01/Jan/2016:00:00:07 +0000] "GET /axis2/services/WebFilteringService/getCategoryByUrl?app=chrome_antiporn&ver=0.19.7.1&url=https%3A//s.ytimg.com/yts/img/favicon_32-vfl8NGn4k.png HTTP/1.1" 200 133 "-" "Mozilla/5.0 (Windows NT 6.1; WOW64) AppleWebKit/537.36 (KHTML, like Gecko) Chrome/47.0.2526.106 Safari/537.36"
172.31.38.136 - - [01/Jan/2016:00:00:07 +0000] "GET /axis2/services/WebFilteringService/getCategoryByUrl?app=chrome_webfilter&ver=0.19.7.1&url=http%3A//redir.adap.tv/redir/client/VPixel.swf HTTP/1.1" 200 133 "-" "Mozilla/5.0 (Windows NT 6.2) AppleWebKit/537.36 (KHTML, like Gecko) Chrome/47.0.2526.106 Safari/537.36"
172.31.238.200 - - [01/Jan/2016:00:00:08 +0000] "GET /axis2/services/WebFilteringService/getCategoryByUrl?app=chrome_antiporn&ver=0.19.7.1&url=https%3A//s.ytimg.com/yts/img/favicon_32-vfl8NGn4k.png HTTP/1.1" 200 133 "-" "Mozilla/5.0 (Windows NT 5.1) AppleWebKit/537.36 (KHTML, like Gecko) Chrome/43.0.2357.134 Safari/537.36"
172.31.38.136 - - [01/Jan/2016:00:00:07 +0000] "GET /webapi/getcategory?uri=www.marefa.org&key=d647fe2a-2193-4c2d-8cad-38e78316d020 HTTP/1.1" 200 59 "-" "Apache-HttpClient/UNAVAILABLE (java 1.4)"
172.31.238.200 - - [01/Jan/2016:00:00:08 +0000] "GET /axis2/services/WebFilteringService/getCategoryByUrl?app=chrome_antiporn&ver=0.19.7.1&url=https%3A//s.ytimg.com/yts/img/favicon_144-vflWmzoXw.png HTTP/1.1" 200 133 "-" "Mozilla/5.0 (Windows NT 6.1; WOW64) AppleWebKit/537.36 (KHTML, like Gecko) Chrome/47.0.2526.106 Safari/537.36"
172.31.38.136 - - [01/Jan/2016:00:00:07 +0000] "GET /axis2/services/WebFilteringService/getCategoryByUrl?app=chrome_antiporn&ver=0.19.7.1&url=https%3A//fonts.gstatic.com/s/ubuntu/v8/M-Ii49WH_TYYnOjQyLgTMBJtnKITppOI_IvcXXDNrsc.woff2 HTTP/1.1" 200 133 "-" "Mozilla/5.0 (Windows NT 6.2; WOW64) AppleWebKit/537.36 (KHTML, like Gecko) Chrome/47.0.2526.106 Safari/537.36"
172.31.238.200 - - [01/Jan/2016:00:00:08 +0000] "GET /axis2/services/WebFilteringService/getCategoryByUrl?app=chrome_antiporn&ver=0.19.7.1&url=https%3A//fbcdn-video-p-a.akamaihd.net/hvideo-ak-xft1/v/t42.1790-2/11334847_644112395689773_1053414400_n.mp4%3Fefg%3DeyJybHIiOjUyMywicmxhIjo1MTIsInZlbmNvZGVfdGFnIjoic2QifQ%253D%253D%26rl%3D523%26vabr%3D291%26oh%3Dc53469ae1b5b20bd3884f39f72414ea9%26oe%3D5685EE60%26__gda__%3D1451619219_584c4be8045d16010fb72d8253086d5f HTTP/1.1" 200 133 "-" "Mozilla/5.0 (Windows NT 6.3; WOW64) AppleWebKit/537.36 (KHTML, like Gecko) Chrome/47.0.2526.106 Safari/537.36"
172.31.38.136 - - [01/Jan/2016:00:00:07 +0000] "GET /axis2/services/WebFilteringService/getCategoryByUrl?app=chrome_antiporn&ver=0.19.7.1&url=https%3A//s.ytimg.com/yts/img/favicon_144-vflWmzoXw.png HTTP/1.1" 200 133 "-" "Mozilla/5.0 (Windows NT 6.1; WOW64) AppleWebKit/537.36 (KHTML, like Gecko) Chrome/47.0.2526.106 Safari/537.36"
172.31.238.200 - - [01/Jan/2016:00:00:08 +0000] "GET /axis2/services/WebFilteringService/getCategoryByUrl?app=chrome_antiporn&ver=0.19.7.1&url=https%3A//www.facebook.com/ HTTP/1.1" 200 133 "-" "Mozilla/5.0 (Windows NT 6.1) AppleWebKit/537.36 (KHTML, like Gecko) Chrome/44.0.2403.157 Safari/537.36"
172.31.38.136 - - [01/Jan/2016:00:00:08 +0000] "GET /axis2/services/WebFilteringService/getCategoryByUrl?app=chrome_webfilter&ver=0.19.7.1&url=http%3A//vs-hds-uk-live.bbcfmt.vo.llnwd.net/pool_4/live/bbc_one_london/bbc_one_london.isml/bbc_one_london-pa3%3D96000-video%3D437000.bootstrap HTTP/1.1" 200 133 "-" "Mozilla/5.0 (Windows NT 10.0; WOW64) AppleWebKit/537.36 (KHTML, like Gecko) Chrome/47.0.2526.106 Safari/537.36"
172.31.238.200 - - [01/Jan/2016:00:00:08 +0000] "GET /axis2/services/WebFilteringService/getCategoryByUrl?app=chrome_antiporn&ver=0.19.7.1&url=https%3A//s.ytimg.com/yts/img/favicon_96-vfldSA3ca.png HTTP/1.1" 200 133 "-" "Mozilla/5.0 (Windows NT 6.1; WOW64) AppleWebKit/537.36 (KHTML, like Gecko) Chrome/44.0.2403.157 Safari/537.36"
172.31.238.200 - - [01/Jan/2016:00:00:08 +0000] "GET /axis2/services/WebFilteringService/getCategoryByUrl?app=chrome_antiporn&ver=0.19.7.1&url=https%3A//s.ytimg.com/yts/img/favicon_96-vfldSA3ca.png HTTP/1.1" 200 133 "-" "Mozilla/5.0 (Windows NT 6.1) AppleWebKit/537.36 (KHTML, like Gecko) Chrome/47.0.2526.106 Safari/537.36"
172.31.38.136 - - [01/Jan/2016:00:00:08 +0000] "GET /axis2/services/WebFilteringService/getCategoryByUrl?app=chrome_antiporn&ver=0.19.7.1&url=https%3A//quickresource.eyereturn.com/OVVBeacon.swf HTTP/1.1" 200 133 "-" "Mozilla/5.0 (Macintosh; Intel Mac OS X 10_11_2) AppleWebKit/537.36 (KHTML, like Gecko) Chrome/47.0.2526.106 Safari/537.36"
172.31.238.200 - - [01/Jan/2016:00:00:08 +0000] "GET /axis2/services/WebFilteringService/getCategoryByUrl?app=chrome_antiporn&ver=0.19.7.1&url=http%3A//img-9gag-fun.9cache.com/photo/a67yyNm_460sv.mp4 HTTP/1.1" 200 134 "-" "Mozilla/5.0 (Windows NT 6.3) AppleWebKit/537.36 (KHTML, like Gecko) Chrome/31.0.1650.63 Safari/537.36"
172.31.238.200 - - [01/Jan/2016:00:00:08 +0000] "GET /axis2/services/WebFilteringService/getCategoryByUrl?app=chrome_webfilter&ver=0.19.7.1&url=http%3A//agarz.com/favicon.png HTTP/1.1" 200 134 "-" "Mozilla/5.0 (Windows NT 6.1) AppleWebKit/537.36 (KHTML, like Gecko) Chrome/47.0.2526.106 Safari/537.36"
172.31.38.136 - - [01/Jan/2016:00:00:08 +0000] "GET /axis2/services/WebFilteringService/getCategoryByUrl?app=chrome_antiporn&ver=0.19.7.1&url=https%3A//s.ytimg.com/yts/img/favicon_96-vfldSA3ca.png HTTP/1.1" 200 133 "-" "Mozilla/5.0 (Windows NT 6.1; WOW64) AppleWebKit/537.36 (KHTML, like Gecko) Chrome/47.0.2526.106 Safari/537.36"
172.31.238.200 - - [01/Jan/2016:00:00:08 +0000] "GET /axis2/services/WebFilteringService/getCategoryByUrl?app=chrome_antiporn&ver=0.19.7.1&url=https%3A//s.ytimg.com/yts/img/favicon_32-vfl8NGn4k.png HTTP/1.1" 200 133 "-" "Mozilla/5.0 (Windows NT 6.3; WOW64) AppleWebKit/537.36 (KHTML, like Gecko) Chrome/47.0.2526.106 Safari/537.36"
172.31.38.136 - - [01/Jan/2016:00:00:08 +0000] "GET /axis2/services/WebFilteringService/getCategoryByUrl?app=chrome_antiporn&ver=0.19.7.1&url=http%3A//api.omniata.com/crossdomain.xml HTTP/1.1" 200 134 "-" "Mozilla/5.0 (Windows NT 6.1) AppleWebKit/537.36 (KHTML, like Gecko) Chrome/38.0.2125.104 Safari/537.36"
172.31.38.136 - - [01/Jan/2016:00:00:08 +0000] "GET /axis2/services/WebFilteringService/getCategoryByUrl?app=chrome_antiporn&ver=0.19.7.1&url=http%3A//redir.adap.tv/redir/client/VPixel.swf HTTP/1.1" 200 133 "-" "Mozilla/5.0 (Windows NT 6.2) AppleWebKit/537.36 (KHTML, like Gecko) Chrome/47.0.2526.106 Safari/537.36"
172.31.238.200 - - [01/Jan/2016:00:00:08 +0000] "GET /axis2/services/WebFilteringService/getCategoryByUrl?app=chrome_antiporn&ver=0.19.7.1&url=http%3A//req.tidaltv.com/crossdomain.xml HTTP/1.1" 200 133 "-" "Mozilla/5.0 (Windows NT 6.1; WOW64) AppleWebKit/537.36 (KHTML, like Gecko) Chrome/47.0.2526.106 Safari/537.36"
172.31.38.136 - - [01/Jan/2016:00:00:08 +0000] "GET /axis2/services/WebFilteringService/getCategoryByUrl?app=chrome_antiporn&ver=0.19.7.1&url=https%3A//cdn-caes.oasgames.com/flashsn/assets/cn/battle/effect/lianXieJi.swf HTTP/1.1" 200 133 "-" "Mozilla/5.0 (Windows NT 5.1) AppleWebKit/537.36 (KHTML, like Gecko) Chrome/47.0.2526.106 Safari/537.36"
172.31.238.200 - - [01/Jan/2016:00:00:08 +0000] "GET /axis2/services/WebFilteringService/getCategoryByUrl?app=chrome_antiporn&ver=0.19.7.1&url=https%3A//s.ytimg.com/yts/img/favicon_96-vfldSA3ca.png HTTP/1.1" 200 133 "-" "Mozilla/5.0 (Windows NT 6.1; WOW64) AppleWebKit/537.36 (KHTML, like Gecko) Chrome/47.0.2526.106 Safari/537.36"
172.31.38.136 - - [01/Jan/2016:00:00:08 +0000] "GET /axis2/services/WebFilteringService/getCategoryByUrl?app=chrome_antiporn&ver=0.19.7.1&url=http%3A//es-antena3.videoplaza.tv/proxy/tracker/v2%3Faid%3D6c1bcd4b-e45e-443b-b8b5-85b25b6fb7e9%26cd%3D252%26cf%3Dlong_form%26dcid%3D28450307-a4a8-48ec-bf33-1a7843f556b2%26e%3D17%26pid%3D2eea82e2-69b6-4ae7-a94f-f178b49777f3%26rnd%3D43090806%26s%3DAtresmedia%252FAtresplayer%252Fdirectos%252Ftelevision%252Flasexta*%26t%3Dflash%26tid%3D7ffc08b1-b01a-11e5-9008-002590e80cc1%26tt%3Dp HTTP/1.1" 200 133 "-" "Mozilla/5.0 (Windows NT 10.0; WOW64) AppleWebKit/537.36 (KHTML, like Gecko) Chrome/47.0.2526.106 Safari/537.36"
172.31.238.200 - - [01/Jan/2016:00:00:08 +0000] "GET /webapi/getcategory?uri=www.google.com&key=d647fe2a-2193-4c2d-8cad-38e78316d020 HTTP/1.1" 200 65 "-" "Apache-HttpClient/UNAVAILABLE (java 1.4)"
172.31.38.136 - - [01/Jan/2016:00:00:08 +0000] "GET /axis2/services/WebFilteringService/getCategoryByUrl?app=chrome_webfilter&ver=0.19.7.1&url=https%3A//fbcdn-profile-a.akamaihd.net/hprofile-ak-xlp1/v/t1.0-1/c20.1.276.276/s50x50/12239564_10207740635383415_8429844002956792546_n.jpg%3Foh%3Dfef03fa68cf9deba850ac06c586edf74%26oe%3D570E24B7%26__gda__%3D1459943024_d040b871ac1984f44b6ecdfaf88e8587 HTTP/1.1" 200 133 "-" "Mozilla/5.0 (Windows NT 5.1) AppleWebKit/537.36 (KHTML, like Gecko) Chrome/47.0.2526.106 Safari/537.36"
172.31.38.136 - - [01/Jan/2016:00:00:08 +0000] "GET /axis2/services/WebFilteringService/getCategoryByUrl?app=chrome_antiporn&ver=0.19.7.1&url=https%3A//s-ak.kobojo.com/mutants/assets/hud/shop/fx_item_hc_platinumpromo.bin HTTP/1.1" 200 133 "-" "Mozilla/5.0 (Windows NT 6.3; WOW64) AppleWebKit/537.36 (KHTML, like Gecko) Chrome/47.0.2526.106 Safari/537.36"
172.31.38.136 - - [01/Jan/2016:00:00:08 +0000] "GET /axis2/services/WebFilteringService/getCategoryByUrl?app=chrome_webfilter&ver=0.19.7.1&url=http%3A//fonts.gstatic.com/s/roboto/v15/RxZJdnzeo3R5zSexge8UUVtXRa8TVwTICgirnJhmVJw.woff2 HTTP/1.1" 200 133 "-" "Mozilla/5.0 (Windows NT 5.1) AppleWebKit/537.36 (KHTML, like Gecko) Chrome/47.0.2526.106 Safari/537.36"
172.31.238.200 - - [01/Jan/2016:00:00:08 +0000] "GET /webapi/getcategory?uri=onepi.sp.mbga.jp&key=d647fe2a-2193-4c2d-8cad-38e78316d020 HTTP/1.1" 200 53 "-" "Apache-HttpClient/UNAVAILABLE (java 1.4)"
172.31.38.136 - - [01/Jan/2016:00:00:08 +0000] "GET /axis2/services/WebFilteringService/getCategoryByUrl?app=chrome_antiporn&ver=0.19.7.1&url=https%3A//res162sqsa.oasgames.com/3.png%3Frnd%3D27decbca6b9e393ad42e2ee0f8b90a73 HTTP/1.1" 200 133 "-" "Mozilla/5.0 (Windows NT 6.1; WOW64) AppleWebKit/537.36 (KHTML, like Gecko) Chrome/47.0.2526.106 Safari/537.36"
172.31.238.200 - - [01/Jan/2016:00:00:08 +0000] "GET /axis2/services/WebFilteringService/getCategoryByUrl?app=chrome_antiporn&ver=0.19.7.1&url=http%3A//www.emjcd.com/j5104ox54P/x38/MLQUOLOT/NNMLNLN/L/SSMULNUUSSPLMQMMUU%3ACMHVo0HXcPGc/Uzx-ULONwLMvMMzQTMNRTPNwNwONvMNQ%3Fv%3DqWMH%253DyyyHJIH6GCI-7J95-B766-CG64-DDA887EGCD8A%253cgns%210Aiz-D9j6xsh-0o6k-D9vy6pp-0Atq-6u3s2oq%253clxxt%253A%252F%252F000.xouplgi.gsq%253AC4%252Fgpmgo-6654646-549D747C-58844D444D444%253c%253cK%253clxxt%253A%252F%252F000.vixempqirsx.gsq%252Fzmi0%252Flspmhe2mrr.gsq%253Fg%253DB7ADCBD%253c HTTP/1.1" 200 133 "-" "Mozilla/5.0 (Macintosh; Intel Mac OS X 10_11_2) AppleWebKit/537.36 (KHTML, like Gecko) Chrome/47.0.2526.106 Safari/537.36"
172.31.238.200 - - [01/Jan/2016:00:00:08 +0000] "GET /axis2/services/WebFilteringService/getCategoryByUrl?app=chrome_antiporn&ver=0.19.7.1&url=https%3A//default01.static.socialpointgames.com/static/dragoncity/assets/sounds/108_audio_nw_new_dragon_placed_2.mp3%3Fversion%3D1 HTTP/1.1" 200 133 "-" "Mozilla/5.0 (Windows NT 5.1) AppleWebKit/537.36 (KHTML, like Gecko) Chrome/47.0.2526.106 Safari/537.36"
172.31.38.136 - - [01/Jan/2016:00:00:08 +0000] "GET /axis2/services/WebFilteringService/getCategoryByUrl?app=chrome_webfilter&ver=0.19.7.1&url=http%3A//log.adaptv.advertising.com/crossdomain.xml HTTP/1.1" 200 133 "-" "Mozilla/5.0 (X11; CrOS x86_64 7520.62.0) AppleWebKit/537.36 (KHTML, like Gecko) Chrome/47.0.2526.80 Safari/537.36"
172.31.238.200 - - [01/Jan/2016:00:00:08 +0000] "GET /axis2/services/WebFilteringService/getCategoryByUrl?app=firefox_AntiPorn&ver=0.19.6.9&url=http%3A%2F%2Fwww.twitch.tv%2Fdirectory%2Fgame%2FDota%25202 HTTP/1.1" 200 133 "-" "Mozilla/5.0 (Windows NT 10.0; WOW64; rv:43.0) Gecko/20100101 Firefox/43.0"
172.31.38.136 - - [01/Jan/2016:00:00:08 +0000] "GET /axis2/services/WebFilteringService/getCategoryByUrl?app=chrome_webfilter&ver=0.19.7.1&url=http%3A//static.poptropica.com/game/data/entity/character/animation/human/navigation/jump.xml HTTP/1.1" 200 133 "-" "Mozilla/5.0 (Windows NT 6.1; WOW64) AppleWebKit/537.36 (KHTML, like Gecko) Chrome/47.0.2526.106 Safari/537.36"
172.31.238.200 - - [01/Jan/2016:00:00:08 +0000] "GET /axis2/services/WebFilteringService/getCategoryByUrl?app=chrome_antiporn&ver=0.19.7.1&url=http%3A//redmp3.cc/mp3-nek/8 HTTP/1.1" 200 134 "-" "Mozilla/5.0 (Windows NT 6.1; WOW64) AppleWebKit/537.36 (KHTML, like Gecko) Chrome/47.0.2526.106 Safari/537.36"
172.31.38.136 - - [01/Jan/2016:00:00:08 +0000] "GET /axis2/services/WebFilteringService/getCategoryByUrl?app=chrome_antiporn&ver=0.19.7.1&url=https%3A//default01.static.socialpointgames.com/static/dragoncity/assets/sprites/1336_dragon_godzilla_1.swf%3Fversion%3D1 HTTP/1.1" 200 133 "-" "Mozilla/5.0 (Windows NT 5.1) AppleWebKit/537.36 (KHTML, like Gecko) Chrome/47.0.2526.106 Safari/537.36"
172.31.38.136 - - [01/Jan/2016:00:00:08 +0000] "GET /axis2/services/WebFilteringService/getCategoryByUrl?app=chrome_antiporn&ver=0.19.7.1&url=http%3A//static.ak.fbcdn.net/pics/q_silhouette.gif HTTP/1.1" 200 133 "-" "Mozilla/5.0 (Windows NT 6.1; WOW64) AppleWebKit/537.36 (KHTML, like Gecko) Chrome/47.0.2526.106 Safari/537.36"
172.31.38.136 - - [01/Jan/2016:00:00:08 +0000] "GET /webapi/getcategory?uri=thepornserv.com&key=d647fe2a-2193-4c2d-8cad-38e78316d020 HTTP/1.1" 200 87 "-" "Apache-HttpClient/UNAVAILABLE (java 1.4)"
172.31.238.200 - - [01/Jan/2016:00:00:08 +0000] "GET /webapi/getcategory?uri=nghean24h.vn&key=d647fe2a-2193-4c2d-8cad-38e78316d020 HTTP/1.1" 200 67 "-" "Apache-HttpClient/UNAVAILABLE (java 1.4)"
172.31.238.200 - - [01/Jan/2016:00:00:08 +0000] "GET /axis2/services/WebFilteringService/getCategoryByUrl?app=chrome_webfilter&ver=0.19.7.1&url=http%3A//pbskids.org/_/martha/wipe_games.swf HTTP/1.1" 200 133 "-" "Mozilla/5.0 (Windows NT 6.1; WOW64) AppleWebKit/537.36 (KHTML, like Gecko) Chrome/47.0.2526.106 Safari/537.36"
172.31.38.136 - - [01/Jan/2016:00:00:08 +0000] "GET /axis2/services/WebFilteringService/getCategoryByUrl?app=chrome_webfilter&ver=0.19.7.1&url=http%3A//static.poptropica.com/game/data/entity/character/animation/human/navigation/duckUp.xml HTTP/1.1" 200 133 "-" "Mozilla/5.0 (Windows NT 6.1; WOW64) AppleWebKit/537.36 (KHTML, like Gecko) Chrome/47.0.2526.106 Safari/537.36"
172.31.238.200 - - [01/Jan/2016:00:00:08 +0000] "GET /axis2/services/WebFilteringService/getCategoryByUrl?app=chrome_antiporn&ver=0.19.7.1&url=http%3A//anything2mp3.com/sites/anything2mp3.com/themes/footheme/font/fontawesome-webfont.woff%3Fv%3D3.2.1 HTTP/1.1" 200 133 "-" "Mozilla/5.0 (Windows NT 6.1; WOW64) AppleWebKit/537.36 (KHTML, like Gecko) Chrome/47.0.2526.106 Safari/537.36"
172.31.38.136 - - [01/Jan/2016:00:00:08 +0000] "GET /axis2/services/WebFilteringService/getCategoryByUrl?app=chrome_antiporn&ver=0.19.7.1&url=https%3A//www.java.com/inc/BrowserRedirect1.jsp%3Flocale%3Des HTTP/1.1" 200 133 "-" "Mozilla/5.0 (Windows NT 6.1) AppleWebKit/537.36 (KHTML, like Gecko) Chrome/47.0.2526.106 Safari/537.36"
172.31.238.200 - - [01/Jan/2016:00:00:08 +0000] "GET /axis2/services/WebFilteringService/getCategoryByUrl?app=chrome_webfilter&ver=0.19.7.1&url=http%3A//anything2mp3.com/sites/anything2mp3.com/themes/footheme/font/fontawesome-webfont.woff%3Fv%3D3.2.1 HTTP/1.1" 200 133 "-" "Mozilla/5.0 (Windows NT 6.1; WOW64) AppleWebKit/537.36 (KHTML, like Gecko) Chrome/47.0.2526.106 Safari/537.36"
172.31.38.136 - - [01/Jan/2016:00:00:08 +0000] "GET /axis2/services/WebFilteringService/getCategoryByUrl?app=chrome_antiporn&ver=0.19.7.1&url=https%3A//fonts.gstatic.com/s/roboto/v15/RxZJdnzeo3R5zSexge8UUVtXRa8TVwTICgirnJhmVJw.woff2 HTTP/1.1" 200 133 "-" "Mozilla/5.0 (Windows NT 6.1) AppleWebKit/537.36 (KHTML, like Gecko) Chrome/47.0.2526.106 Safari/537.36"
172.31.238.200 - - [01/Jan/2016:00:00:08 +0000] "GET /axis2/services/WebFilteringService/getCategoryByUrl?app=chrome_antiporn&ver=0.19.7.1&url=https%3A//encrypted-tbn2.gstatic.com/images%3Fq%3Dtbn%3AANd9GcR1bqw9sXvcLdAaWMFMPpUNfjNZmwKbSz0SZB-kpq0662ACpVxf HTTP/1.1" 200 133 "-" "Mozilla/5.0 (Windows NT 6.1; WOW64) AppleWebKit/537.36 (KHTML, like Gecko) Chrome/47.0.2526.106 Safari/537.36"
172.31.38.136 - - [01/Jan/2016:00:00:08 +0000] "GET /axis2/services/WebFilteringService/getCategoryByUrl?app=chrome_antiporn&ver=0.19.7.1&url=https%3A//s.ytimg.com/yts/img/favicon_96-vfldSA3ca.png HTTP/1.1" 200 133 "-" "Mozilla/5.0 (Windows NT 6.1; WOW64) AppleWebKit/537.36 (KHTML, like Gecko) Chrome/47.0.2526.106 Safari/537.36"
172.31.238.200 - - [01/Jan/2016:00:00:08 +0000] "GET /axis2/services/WebFilteringService/getCategoryByUrl?app=chrome_webfilter&ver=0.19.7.1&url=https%3A//video-mia1-1.xx.fbcdn.net/hvideo-xap1/v/t42.1790-2/12372140_116695742034666_1166235007_n.mp4%3Fefg%3DeyJybHIiOjMwMCwicmxhIjo1MTIsInZlbmNvZGVfdGFnIjoic3ZlX3NkIn0%253D%26rl%3D300%26vabr%3D87%26oh%3D9aea564cebfe003234fe1191c6a62891%26oe%3D5685F6AF HTTP/1.1" 200 133 "-" "Mozilla/5.0 (Windows NT 6.0; WOW64) AppleWebKit/537.36 (KHTML, like Gecko) Chrome/47.0.2526.106 Safari/537.36"
172.31.238.200 - - [01/Jan/2016:00:00:08 +0000] "GET /axis2/services/WebFilteringService/getCategoryByUrl?app=chrome_webfilter&ver=0.19.7.1&url=https%3A//fbcdn-profile-a.akamaihd.net/hprofile-ak-xfl1/v/t1.0-1/p50x50/12373398_745291865605940_4845170942627411432_n.jpg%3Foh%3D691499cc9ccb05270e7160b09943206d%26oe%3D571F8E2C%26__gda__%3D1460026071_bc6f2ac3352a3e5aa111b33e759b15b4 HTTP/1.1" 200 133 "-" "Mozilla/5.0 (Windows NT 5.1) AppleWebKit/537.36 (KHTML, like Gecko) Chrome/47.0.2526.106 Safari/537.36"
172.31.38.136 - - [01/Jan/2016:00:00:08 +0000] "GET /axis2/services/WebFilteringService/getCategoryByUrl?app=chrome_antiporn&ver=0.19.7.1&url=https%3A//s.ytimg.com/yts/img/favicon_48-vfl1s0rGh.png HTTP/1.1" 200 133 "-" "Mozilla/5.0 (Windows NT 6.1) AppleWebKit/537.36 (KHTML, like Gecko) Chrome/47.0.2526.106 Safari/537.36"
172.31.238.200 - - [01/Jan/2016:00:00:08 +0000] "GET /webapi/getcategory?uri=orlando.craigslist.org&key=d647fe2a-2193-4c2d-8cad-38e78316d020 HTTP/1.1" 200 64 "-" "Apache-HttpClient/UNAVAILABLE (java 1.4)"
172.31.238.200 - - [01/Jan/2016:00:00:08 +0000] "GET /axis2/services/WebFilteringService/getCategoryByUrl?app=chrome_antiporn&ver=0.19.7.1&url=https%3A//s.ytimg.com/yts/img/favicon_144-vflWmzoXw.png HTTP/1.1" 200 133 "-" "Mozilla/5.0 (Windows NT 6.1) AppleWebKit/537.36 (KHTML, like Gecko) Chrome/46.0.2490.80 Safari/537.36"
172.31.38.136 - - [01/Jan/2016:00:00:08 +0000] "GET /axis2/services/WebFilteringService/getCategoryByUrl?app=chrome_antiporn&ver=0.19.7.1&url=https%3A//s.ytimg.com/yts/img/favicon_144-vflWmzoXw.png HTTP/1.1" 200 133 "-" "Mozilla/5.0 (Windows NT 6.1; WOW64) AppleWebKit/537.36 (KHTML, like Gecko) Chrome/47.0.2526.106 Safari/537.36"
172.31.238.200 - - [01/Jan/2016:00:00:08 +0000] "GET /axis2/services/WebFilteringService/getCategoryByUrl?app=chrome_antiporn&ver=0.19.7.1&url=https%3A//s.ytimg.com/yts/img/favicon_32-vfl8NGn4k.png HTTP/1.1" 200 133 "-" "Mozilla/5.0 (Windows NT 6.1; WOW64) AppleWebKit/537.36 (KHTML, like Gecko) Chrome/47.0.2526.106 Safari/537.36"
172.31.238.200 - - [01/Jan/2016:00:00:08 +0000] "GET /axis2/services/WebFilteringService/getCategoryByUrl?app=chrome_webfilter&ver=0.19.7.1&url=https%3A//s.ytimg.com/yts/img/favicon_144-vflWmzoXw.png HTTP/1.1" 200 133 "-" "Mozilla/5.0 (Windows NT 6.1) AppleWebKit/537.36 (KHTML, like Gecko) Chrome/46.0.2490.80 Safari/537.36"
172.31.38.136 - - [01/Jan/2016:00:00:08 +0000] "GET /axis2/services/WebFilteringService/getCategoryByUrl?app=chrome_antiporn&ver=0.19.7.1&url=https%3A//s.ytimg.com/yts/img/favicon_48-vfl1s0rGh.png HTTP/1.1" 200 133 "-" "Mozilla/5.0 (Windows NT 10.0; WOW64) AppleWebKit/537.36 (KHTML, like Gecko) Chrome/47.0.2526.106 Safari/537.36"
172.31.238.200 - - [01/Jan/2016:00:00:08 +0000] "GET /axis2/services/WebFilteringService/getCategoryByUrl?app=firefox_AntiPorn&ver=0.19.6.9&url=http%3A%2F%2Fs7.addthis.com%2Fstatic%2Fsh.63ce9099e9ce7d094433c330.html%23rand%3D0.06827867755260786%26iit%3D1451606406363%26tmr%3Dload%253D1451606405509%2526core%253D1451606405538%2526main%253D1451606406356%2526ifr%253D1451606406368%26cb%3D0%26cdn%3D0%26md%3D2%26kw%3D%26ab%3D-%26dh%3Dwww.soydebryanshow.net%26dr%3Dhttp%253A%252F%252Fwww.soydebryanshow.net%252F2015%252F12%252F14-fotos-que-prueban-que-yuya-es-la.html%253Fimg%253D4%26du%3Dhttp%253A%252F%252Fwww.soydebryanshow.net%252F2015%252F12%252F14-fotos-que-prueban-que-yuya-es-la.html%26href%3Dhttp%253A%252F%252Fwww.soydebryanshow.net%252F2015%252F12%252F14-fotos-que-prueban-que-yuya-es-la.html%26dt%3DDebryanshow%26dbg%3D0%26cap%3Dtc%253D0%2526ab%253D0%26inst%3D1%26jsl%3D129%26prod%3Dundefined%26lng%3Des-ES%26ogt%3Dtype%253Dimage%252Fjpeg%252Cimage%252Curl%252Cdescription%252Ctitle%26pc%3Dmen%26pub%3Dra-54c4a93a7ff9d8bc%26ssl%3D0%26sid%3D5685c18565c9862a%26srpl%3D1%26srd%3D1%26srf%3D0.01%26srx%3D1%26ver%3D300%26xck%3D0%26xtr%3D0%26og%3Dtitle%253D14%252520fotos%252520que%252520prueban%252520que%252520YUYA%252520es%252520la%252520mujer%252520m%2525C3%2525A1s%252520bella%252520del%252520planeta%2526description%253DSi%252520has%252520pasado%252520m%2525C3%2525A1s%252520de%252520dos%252520horas%252520frente%252520a%252520tu%252520computadora%25252C%252520seguramente%252520sabes%252520qui%2525C3%2525A9n%252520es%252520esta%252520bella%252520mujer%25252C%252520misma%252520que%252520desde%252520sus%252520inicios%252520ha%252520conquistado%252520a%252520grandes%252520y%252520peque%2525C3%2525B1os%252520con%252520su%252520dulce%252520voz%252520y%252520por%252520supuesto%25252C%252520con%252520su%252520incre%2525C3%2525ADble%252520hermosura%252520(algo%252520que%252520por%252520cierto%25252C%252520nos%252520mantienen%252520muy%252520entretenidos).%2526url%253Dhttp%25253A%25252F%25252Fwww.soydebryanshow.net%25252F2015%25252F12%25252F14-fotos-que-prueban-que-yuya-es-la.html%2526image%253Dhttp%25253A%25252F%25252F3.bp.blogspot.com%25252F-nmSPO8Tj6yM%25252FVn4wCNatBdI%25252FAAAAAAAAqag%25252F2bo0KuNZaho%25252Fs640%25252F1.jpg%2526image%25253Atype%253Dimage%25252Fjpeg%26csi%3Dundefined%26toLoJson%3Duvs%253D5685c0e286495e2c003%2526chr%253DUTF-8%2526vcl%253D1%26rev%3Dv4.0.3-wp%26ct%3D1%26xld%3D1%26xd%3D1 HTTP/1.1" 200 133 "-" "Mozilla/5.0 (Windows NT 5.1; rv:29.0) Gecko/20100101 Firefox/29.0"
172.31.38.136 - - [01/Jan/2016:00:00:08 +0000] "GET /axis2/services/WebFilteringService/getCategoryByUrl?app=chrome_webfilter&ver=0.19.7.1&url=https%3A//s.ytimg.com/yts/img/favicon_32-vfl8NGn4k.png HTTP/1.1" 200 133 "-" "Mozilla/5.0 (Windows NT 6.1; WOW64) AppleWebKit/537.36 (KHTML, like Gecko) Chrome/47.0.2526.106 Safari/537.36"
172.31.38.136 - - [01/Jan/2016:00:00:08 +0000] "GET /axis2/services/WebFilteringService/getCategoryByUrl?app=chrome_antiporn&ver=0.19.7.1&url=https%3A//default01.static.socialpointgames.com/static/dragoncity/assets/sounds/130_dc_guardian_quest_b.mp3%3Fversion%3D1 HTTP/1.1" 200 133 "-" "Mozilla/5.0 (Windows NT 5.1) AppleWebKit/537.36 (KHTML, like Gecko) Chrome/47.0.2526.106 Safari/537.36"
172.31.238.200 - - [01/Jan/2016:00:00:08 +0000] "GET /axis2/services/WebFilteringService/getCategoryByUrl?app=chrome_webfilter&ver=0.19.7.1&url=https%3A//s.ytimg.com/yts/img/favicon_32-vfl8NGn4k.png HTTP/1.1" 200 133 "-" "Mozilla/5.0 (Windows NT 10.0) AppleWebKit/537.36 (KHTML, like Gecko) Chrome/47.0.2526.106 Safari/537.36"
172.31.38.136 - - [01/Jan/2016:00:00:08 +0000] "GET /axis2/services/WebFilteringService/getCategoryByUrl?app=chrome_antiporn&ver=0.19.7.1&url=https%3A//fbcdn-video-g-a.akamaihd.net/hvideo-ak-xpt1/v/t42.1790-2/12462872_761452403959846_1605546804_n.mp4%3Fefg%3DeyJybHIiOjM0NSwicmxhIjo4MjQsInZlbmNvZGVfdGFnIjoic2QifQ%253D%253D%26rl%3D345%26vabr%3D192%26oh%3D180c30b2944433c80ca0a8d08bfb1ee2%26oe%3D5685F734%26__gda__%3D1451619050_27ec365fb94ba1ed77ae30ee87d45664 HTTP/1.1" 200 133 "-" "Mozilla/5.0 (Windows NT 6.1; WOW64) AppleWebKit/537.36 (KHTML, like Gecko) Chrome/47.0.2526.106 Safari/537.36"
172.31.238.200 - - [01/Jan/2016:00:00:08 +0000] "GET /axis2/services/WebFilteringService/getCategoryByUrl?app=chrome_webfilter&ver=0.19.7.1&url=http%3A//t4.liverail.com/%3Fmetric%3Derror%26erc%3D901%26cofl%3D1.00%3B3.50%3B0%26flid%3D170451%3B87286%3B0%26pos%3D100%26coid%3D119535%3B160299%3B208368%26pid%3D82753%26nid%3D46832%3B4933%3B63661%26oid%3D213864%26olid%3D58272804%26cid%3D297295%26tpcid%3D172432794%26vid%3DBangkok_Hotels_mp4%26amid%3D%26cc%3Ddefault%26pp%3D%26vi%3D2%26vv%3D136%26sg%3D12928%26tsg%3D%26pmu%3D2%26pau%3D2%26psz%3D2%26ctx%3D%26tctx%3D%26coty%3D7%26adt%3D3%26did%3D%26buid%3D%26scen%3D68868_178121%3B178121_191384%3B191384_110533%26mca%3D%26mma%3D%26mct%3D0%26url%3Dhttp%253A%252F%252Fwww.theblaze.com%252Fstories%252F2015%252F12%252F28%252Fafter-14-minute-rant-watch-what-donald-trump-does-with-piece-of-garbage-new-hampshire-newspaper%252F%26trid%3D5685c164cadf62.49591928.vp.prod%26retryi%3D0%26sloti%3D0%26bidf%3D0.6%26bids%3D0.465%26bidt%3D4%26bidh%3D1%3B0%3B0%26bidlaf%3D2%3B0%3B0%26sdk%3D1%26cb%3D7923.67.252.9.124.0%26ver%3D1%26mapp%3D0%26plid%3D%26plt%3D1%26plm%3D2%26pls%3D0%26rt%3D1451606390%26gen%3Dbfb0eb5d88a9784d3b634b378ad6a2488e5ddf17%26w%3D0%26wy%3D%26x%3D%26y%3D%26xy%3D HTTP/1.1" 200 133 "-" "Mozilla/5.0 (Windows NT 6.1) AppleWebKit/537.36 (KHTML, like Gecko) Chrome/47.0.2526.106 Safari/537.36"
172.31.38.136 - - [01/Jan/2016:00:00:08 +0000] "GET /axis2/services/WebFilteringService/getCategoryByUrl?app=chrome_antiporn&ver=0.19.7.1&url=http%3A//roulette.legende.net/music/classiciphone_background_christmas2.mp3 HTTP/1.1" 200 134 "-" "Mozilla/5.0 (Windows NT 6.1; WOW64) AppleWebKit/537.36 (KHTML, like Gecko) Chrome/47.0.2526.106 Safari/537.36"
172.31.238.200 - - [01/Jan/2016:00:00:08 +0000] "GET /axis2/services/WebFilteringService/getCategoryByUrl?app=firefox_AntiPorn&ver=0.19.6.9&url=http%3A%2F%2Fads.pubmatic.com%2FAdServer%2Fjs%2Fshowad.js HTTP/1.1" 200 133 "-" "Mozilla/5.0 (Windows NT 6.1; WOW64; rv:43.0) Gecko/20100101 Firefox/43.0"
172.31.238.200 - - [01/Jan/2016:00:00:08 +0000] "GET /axis2/services/WebFilteringService/getCategoryByUrl?app=chrome_webfilter&ver=0.19.7.1&url=http%3A//cache.lego.com/r/www/-/media/portal%2520v2010/mainstages/gamespagemainstages/chima%2520speedorz/chima_70115_950x420_mainstage.swf%3Fl.r2%3D1468991940 HTTP/1.1" 200 133 "-" "Mozilla/5.0 (Windows NT 6.1; WOW64) AppleWebKit/537.36 (KHTML, like Gecko) Chrome/47.0.2526.106 Safari/537.36"
172.31.38.136 - - [01/Jan/2016:00:00:08 +0000] "GET /axis2/services/WebFilteringService/getCategoryByUrl?app=chrome_webfilter&ver=0.19.7.1&url=http%3A//static.poptropica.com/game/data/entity/character/parts/eyes/eyes.xml HTTP/1.1" 200 133 "-" "Mozilla/5.0 (Windows NT 6.1; WOW64) AppleWebKit/537.36 (KHTML, like Gecko) Chrome/47.0.2526.106 Safari/537.36"
172.31.238.200 - - [01/Jan/2016:00:00:08 +0000] "GET /axis2/services/WebFilteringService/getCategoryByUrl?app=chrome_webfilter&ver=0.19.7.1&url=http%3A//static.poptropica.com/game/data/entity/character/parts/facial/pr_blader.xml HTTP/1.1" 200 133 "-" "Mozilla/5.0 (Windows NT 6.1; WOW64) AppleWebKit/537.36 (KHTML, like Gecko) Chrome/47.0.2526.106 Safari/537.36"
172.31.38.136 - - [01/Jan/2016:00:00:08 +0000] "GET /axis2/services/WebFilteringService/getCategoryByUrl?app=chrome_webfilter&ver=0.19.7.1&url=http%3A//static.poptropica.com/game/data/entity/character/parts/hand/hand.xml HTTP/1.1" 200 133 "-" "Mozilla/5.0 (Windows NT 6.1; WOW64) AppleWebKit/537.36 (KHTML, like Gecko) Chrome/47.0.2526.106 Safari/537.36"
172.31.238.200 - - [01/Jan/2016:00:00:08 +0000] "GET /axis2/services/WebFilteringService/getCategoryByUrl?app=chrome_antiporn&ver=0.19.7.1&url=https%3A//s.ytimg.com/yts/img/favicon_32-vfl8NGn4k.png HTTP/1.1" 200 133 "-" "Mozilla/5.0 (Windows NT 6.1; WOW64) AppleWebKit/537.36 (KHTML, like Gecko) Chrome/47.0.2526.106 Safari/537.36"
172.31.38.136 - - [01/Jan/2016:00:00:08 +0000] "GET /axis2/services/WebFilteringService/getCategoryByUrl?app=chrome_webfilter&ver=0.19.7.1&url=http%3A//ads.adaptv.advertising.com/crossdomain.xml HTTP/1.1" 200 133 "-" "Mozilla/5.0 (Windows NT 6.2) AppleWebKit/537.36 (KHTML, like Gecko) Chrome/47.0.2526.106 Safari/537.36"
172.31.38.136 - - [01/Jan/2016:00:00:08 +0000] "GET /axis2/services/WebFilteringService/getCategoryByUrl?app=chrome_webfilter&ver=0.19.7.1&url=https%3A//s.ytimg.com/yts/img/favicon_48-vfl1s0rGh.png HTTP/1.1" 200 133 "-" "Mozilla/5.0 (Windows NT 6.3; WOW64) AppleWebKit/537.36 (KHTML, like Gecko) Chrome/47.0.2526.106 Safari/537.36"
172.31.238.200 - - [01/Jan/2016:00:00:08 +0000] "GET /axis2/services/WebFilteringService/getCategoryByUrl?app=chrome_antiporn&ver=0.19.7.1&url=http%3A//prod.content.animaljam.com/1249/imageArrays/c17f85ffcf09eb5826f73c0b35c92d5d%3Fv%3D4 HTTP/1.1" 200 133 "-" "Mozilla/5.0 (Windows NT 6.3; WOW64) AppleWebKit/537.36 (KHTML, like Gecko) Chrome/47.0.2526.106 Safari/537.36"
172.31.38.136 - - [01/Jan/2016:00:00:08 +0000] "GET /axis2/services/WebFilteringService/getCategoryByUrl?app=chrome_antiporn&ver=0.19.7.1&url=http%3A//www.suntmama.com/2015/10/soricelul-educat.html HTTP/1.1" 200 134 "-" "Mozilla/5.0 (Windows NT 6.1) AppleWebKit/537.36 (KHTML, like Gecko) Chrome/47.0.2526.106 Safari/537.36"
