172.31.38.136 - - [01/Jan/2016:00:00:04 +0000] "GET /axis2/services/WebFilteringService/getCategoryByUrl?app=chrome_webfilter&ver=0.19.7.1&url=http%3A//mypirate.game.ggcorp.me/ver/RES.FRA.20151229.00225/resource/08/021/0802100042.png HTTP/1.1" 200 134 "-" "Mozilla/5.0 (Macintosh; Intel Mac OS X 10_11_1) AppleWebKit/537.36 (KHTML, like Gecko) Chrome/47.0.2526.106 Safari/537.36"
172.31.238.200 - - [01/Jan/2016:00:00:04 +0000] "GET /axis2/services/WebFilteringService/getCategoryByUrl?app=chrome_webfilter&ver=0.19.7.1&url=https%3A//s-ak.kobojo.com/mutants/assets/hud/mixingpopup/middle/btn_ok.png HTTP/1.1" 200 133 "-" "Mozilla/5.0 (Windows NT 6.1; WOW64) AppleWebKit/537.36 (KHTML, like Gecko) Chrome/47.0.2526.106 Safari/537.36"
172.31.238.200 - - [01/Jan/2016:00:00:04 +0000] "GET /axis2/services/WebFilteringService/getCategoryByUrl?app=chrome_webfilter&ver=0.19.7.1&url=https%3A//rycg0-a.akamaihd.net/citygirl/abc5912cf3daec3c120ebd700b7e5a65.pngblob HTTP/1.1" 200 133 "-" "Mozilla/5.0 (Windows NT 6.1; Win64; x64) AppleWebKit/537.36 (KHTML, like Gecko) Chrome/48.0.2564.48 Safari/537.36"
172.31.238.200 - - [01/Jan/2016:00:00:04 +0000] "GET /axis2/services/WebFilteringService/getCategoryByUrl?app=chrome_antiporn&ver=0.19.7.1&url=https%3A//fonts.gstatic.com/s/roboto/v15/mErvLBYg_cXG3rLvUsKT_fesZW2xOQ-xsNqO47m55DA.woff2 HTTP/1.1" 200 133 "-" "Mozilla/5.0 (Windows NT 6.1; WOW64) AppleWebKit/537.36 (KHTML, like Gecko) Chrome/47.0.2526.106 Safari/537.36"
172.31.38.136 - - [01/Jan/2016:00:00:04 +0000] "GET /axis2/services/WebFilteringService/getCategoryByUrl?app=chrome_antiporn&ver=0.19.7.1&url=http%3A//www.medicinenet.com/heart_disease_pictures_slideshow_visual_guide/article.htm HTTP/1.1" 200 133 "-" "Mozilla/5.0 (Windows NT 6.1) AppleWebKit/537.36 (KHTML, like Gecko) Chrome/47.0.2526.106 Safari/537.36"
172.31.238.200 - - [01/Jan/2016:00:00:04 +0000] "GET /axis2/services/WebFilteringService/getCategoryByUrl?app=chrome_antiporn&ver=0.19.7.1&url=https%3A//zdnfarmtwo0-a.akamaihd.net/assets/icons/icon_crafting_fine_fleece-2b66c442b41303c7ceced186f44fe5b6.jxr HTTP/1.1" 200 133 "-" "Mozilla/5.0 (Windows NT 6.3; WOW64) AppleWebKit/537.36 (KHTML, like Gecko) Chrome/47.0.2526.106 Safari/537.36"
172.31.38.136 - - [01/Jan/2016:00:00:04 +0000] "GET /axis2/services/WebFilteringService/getCategoryByUrl?app=chrome_antiporn&ver=0.19.7.1&url=https%3A//s.ytimg.com/yts/img/favicon_48-vfl1s0rGh.png HTTP/1.1" 200 133 "-" "Mozilla/5.0 (Windows NT 6.1; WOW64) AppleWebKit/537.36 (KHTML, like Gecko) Chrome/47.0.2526.106 Safari/537.36"
172.31.238.200 - - [01/Jan/2016:00:00:04 +0000] "GET /axis2/services/WebFilteringService/getCategoryByUrl?app=chrome_webfilter&ver=0.19.7.1&url=https%3A//mail.google.com/mail/%3Ftab%3Dwm%26pli%3D1%26auth%3DDQAAAM0AAAAD7pIw5uIrhNx4XbDvRhINqhy7NzaWIU21Ckg20vJHgMZ7xxBVAD7tAmI998iLaf6VDAmNv2-5ESITg_XrTRdme1hDBKDANm61LX2muF0hJl_pI5PGUzjnY_QhAnpOYMod7tZwYur9fjWCvumU3-43YPXean8ZDsHJqZGnhYDH2gFE3J0qzrLSmSd4IFXTZn-emPvfhrpe0mTHxtidAwiclHADWlJwxqNpxjIg8VrjJDxsLdXJo-NEr-sCE4wYO6OUeBByMrnfz7lHEJ2vytb6 HTTP/1.1" 200 133 "-" "Mozilla/5.0 (Windows NT 6.1) AppleWebKit/537.36 (KHTML, like Gecko) Chrome/47.0.2526.80 Safari/537.36"
172.31.38.136 - - [01/Jan/2016:00:00:04 +0000] "GET /webapi/getcategory?uri=nl1.ero-advertising.com&key=d647fe2a-2193-4c2d-8cad-38e78316d020 HTTP/1.1" 200 67 "-" "Apache-HttpClient/UNAVAILABLE (java 1.4)"
172.31.238.200 - - [01/Jan/2016:00:00:04 +0000] "GET /axis2/services/WebFilteringService/getCategoryByUrl?app=chrome_antiporn&ver=0.19.7.1&url=http%3A//livestream-f.akamaihd.net/control/4866906_2287408_38740615_1_1596@131964%3Fcmd%3Drtt-test%26v%3D3.6.0.50%26r%3DSTFOV%26g%3DMBDHETPHRPLH%26lvl1%3D12.198%2C11%2C17.255%2C24.55%2C0%2C13.545%2C8223%2C1723%2Csbr%2Csbr%2C1591.608%2C1451606400.932%2C1589.48%2C1590.995%2C1588.867%2C1589.881%2C2133%2C1.23%2C1.866%2C3%2C3%2C1618761%2Cu%2Cfalse HTTP/1.1" 200 133 "-" "Mozilla/5.0 (Windows NT 10.0; WOW64) AppleWebKit/537.36 (KHTML, like Gecko) Chrome/47.0.2526.106 Safari/537.36"
172.31.38.136 - - [01/Jan/2016:00:00:04 +0000] "GET /axis2/services/WebFilteringService/getCategoryByUrl?app=chrome_antiporn&ver=0.19.7.1&url=https%3A//default01.static.socialpointgames.com/static/dragoncity/assets/external_resources/DC_DragonCards_2.swf%3FgsCacheBusterID%3D1451605427985%26purpose%3Daudit HTTP/1.1" 200 133 "-" "Mozilla/5.0 (Windows NT 6.1; WOW64) AppleWebKit/537.36 (KHTML, like Gecko) Chrome/47.0.2526.106 Safari/537.36"
172.31.38.136 - - [01/Jan/2016:00:00:04 +0000] "GET /axis2/services/WebFilteringService/getCategoryByUrl?app=chrome_webfilter&ver=0.19.7.1&url=http%3A//stg-ec-ore-u.uplynk.com/slices/1d9/e8773f7770a44dbd886eee4fca16a66b/1d9e56b0d9064718a47cb31ba169db10/G000000EC.ts%3Fpbs%3Dd5c9b1eeed174e7b8a9bcc54db7c61dd%26_ux%3D1451606433347_260_147621789_c318f50c3512a43e89c719ced5bbc167 HTTP/1.1" 200 133 "-" "Mozilla/5.0 (Macintosh; Intel Mac OS X 10_10_5) AppleWebKit/537.36 (KHTML, like Gecko) Chrome/47.0.2526.106 Safari/537.36"
172.31.238.200 - - [01/Jan/2016:00:00:04 +0000] "GET /axis2/services/WebFilteringService/getCategoryByUrl?app=chrome_antiporn&ver=0.19.7.1&url=http%3A//r2cdn-sb.r2games.com/ns_en/media/system/player/736/scene/scenerun/1/media_unite.swf%3F20140507084921 HTTP/1.1" 200 133 "-" "Mozilla/5.0 (Windows NT 6.1; WOW64) AppleWebKit/537.36 (KHTML, like Gecko) Chrome/46.0.2490.86 Safari/537.36"
172.31.38.136 - - [01/Jan/2016:00:00:04 +0000] "GET /axis2/services/WebFilteringService/getCategoryByUrl?app=firefox_AntiPorn&ver=0.19.6.9&url=https%3A%2F%2Fdiscovertreasure-a.akamaihd.net%2Fa18%2Fgd.html HTTP/1.1" 200 133 "-" "Mozilla/5.0 (Windows NT 6.1; rv:43.0) Gecko/20100101 Firefox/43.0"
172.31.238.200 - - [01/Jan/2016:00:00:04 +0000] "GET /axis2/services/WebFilteringService/getCategoryByUrl?app=chrome_antiporn&ver=0.19.7.1&url=http%3A//media1.clubpenguin.com/play/v2/content/global/furniture/sprites/617.swf%3FcontentVersion%3D80883 HTTP/1.1" 200 133 "-" "Mozilla/5.0 (Windows NT 6.2; WOW64) AppleWebKit/537.36 (KHTML, like Gecko) Chrome/47.0.2526.106 Safari/537.36"
172.31.38.136 - - [01/Jan/2016:00:00:04 +0000] "GET /webapi/getcategory?uri=www.facebook.com&key=d647fe2a-2193-4c2d-8cad-38e78316d020 HTTP/1.1" 200 71 "-" "Apache-HttpClient/UNAVAILABLE (java 1.4)"
172.31.238.200 - - [01/Jan/2016:00:00:04 +0000] "GET /axis2/services/WebFilteringService/getCategoryByUrl?app=chrome_antiporn&ver=0.19.7.1&url=https%3A//video-ord1-1.xx.fbcdn.net/hvideo-xpf1/v/t42.1790-2/12456259_1105093716190851_1136647536_n.mp4%3Fefg%3DeyJybHIiOjM5NCwicmxhIjo1MTIsInZlbmNvZGVfdGFnIjoic2QifQ%253D%253D%26rl%3D394%26vabr%3D219%26oh%3Dae97ad803ffcd8c440c92383cdfd2e80%26oe%3D5685F0AD HTTP/1.1" 200 133 "-" "Mozilla/5.0 (Windows NT 5.1) AppleWebKit/537.36 (KHTML, like Gecko) Chrome/40.0.2214.115 Safari/537.36"
172.31.38.136 - - [01/Jan/2016:00:00:04 +0000] "GET /axis2/services/WebFilteringService/getCategoryByUrl?app=chrome_webfilter&ver=0.19.7.1&url=http%3A//c.mmcdn.net/assets/items/accessories/iggy_lantern_lite.swf HTTP/1.1" 200 133 "-" "Mozilla/5.0 (Windows NT 10.0; WOW64) AppleWebKit/537.36 (KHTML, like Gecko) Chrome/47.0.2526.106 Safari/537.36"
172.31.238.200 - - [01/Jan/2016:00:00:04 +0000] "GET /axis2/services/WebFilteringService/getCategoryByUrl?app=chrome_antiporn&ver=0.19.7.1&url=http%3A//sp-translations.socialpointgames.com/crossdomain.xml HTTP/1.1" 200 133 "-" "Mozilla/5.0 (Windows NT 6.3) AppleWebKit/537.36 (KHTML, like Gecko) Chrome/47.0.2526.106 Safari/537.36"
172.31.38.136 - - [01/Jan/2016:00:00:04 +0000] "GET /axis2/services/WebFilteringService/getCategoryByUrl?app=chrome_webfilter&ver=0.19.7.1&url=https%3A//default01.static.socialpointgames.com/static/dragoncity/assets/external_resources/DC_Kompu_1.swf HTTP/1.1" 200 133 "-" "Mozilla/5.0 (Windows NT 6.1; WOW64) AppleWebKit/537.36 (KHTML, like Gecko) Chrome/45.0.2454.101 Safari/537.36"
172.31.238.200 - - [01/Jan/2016:00:00:04 +0000] "GET /webapi/getcategory?uri=free.facebook.com&key=d647fe2a-2193-4c2d-8cad-38e78316d020 HTTP/1.1" 200 71 "-" "Apache-HttpClient/UNAVAILABLE (java 1.4)"
172.31.38.136 - - [01/Jan/2016:00:00:04 +0000] "GET /axis2/services/WebFilteringService/getCategoryByUrl?app=chrome_antiporn&ver=0.19.7.1&url=http%3A//vex.wildtangent.com/crossdomain.xml HTTP/1.1" 200 133 "-" "Mozilla/5.0 (Windows NT 10.0; WOW64) AppleWebKit/537.36 (KHTML, like Gecko) Chrome/47.0.2526.106 Safari/537.36"
172.31.238.200 - - [01/Jan/2016:00:00:04 +0000] "GET /axis2/services/WebFilteringService/getCategoryByUrl?app=chrome_antiporn&ver=0.19.7.1&url=https%3A//s.ytimg.com/yts/img/favicon_48-vfl1s0rGh.png HTTP/1.1" 200 133 "-" "Mozilla/5.0 (Windows NT 6.1; WOW64) AppleWebKit/537.36 (KHTML, like Gecko) Chrome/47.0.2526.106 Safari/537.36"
172.31.38.136 - - [01/Jan/2016:00:00:04 +0000] "GET /axis2/services/WebFilteringService/getCategoryByUrl?app=chrome_antiporn&ver=0.19.7.1&url=http%3A//es.nameguess.com/bootstrap/fonts/glyphicons-halflings-regular.woff2 HTTP/1.1" 200 134 "-" "Mozilla/5.0 (Windows NT 6.1; Win64; x64) AppleWebKit/537.36 (KHTML, like Gecko) Chrome/47.0.2526.106 Safari/537.36"
172.31.238.200 - - [01/Jan/2016:00:00:04 +0000] "GET /axis2/services/WebFilteringService/getCategoryByUrl?app=chrome_antiporn&ver=0.19.7.1&url=https%3A//fbcdn-video-a-a.akamaihd.net/hvideo-ak-xtf1/v/t42.1790-2/12034638_858820557540909_717653660_n.mp4%3Fefg%3DeyJybHIiOjU2NSwicmxhIjo1MTIsInZlbmNvZGVfdGFnIjoic2QifQ%253D%253D%26rl%3D565%26vabr%3D314%26oh%3D0074cae59dd0ec338dd54dbeda00bbff%26oe%3D5685ECDD%26__gda__%3D1451617703_7c2f1b70bb5f1f203f83caa7f9ec7f1d HTTP/1.1" 200 133 "-" "Mozilla/5.0 (Windows NT 6.3) AppleWebKit/537.36 (KHTML, like Gecko) Chrome/47.0.2526.106 Safari/537.36"
172.31.238.200 - - [01/Jan/2016:00:00:04 +0000] "GET /axis2/services/WebFilteringService/getCategoryByUrl?app=chrome_antiporn&ver=0.19.7.1&url=http%3A//eventstream-829-weblog-06.bigpoint.net/json.php HTTP/1.1" 200 133 "-" "Mozilla/5.0 (Windows NT 5.1) AppleWebKit/537.36 (KHTML, like Gecko) Chrome/47.0.2526.106 Safari/537.36"
172.31.38.136 - - [01/Jan/2016:00:00:04 +0000] "GET /axis2/services/WebFilteringService/getCategoryByUrl?app=chrome_antiporn&ver=0.19.7.1&url=http%3A//www.lazona.com.pe/images/swf/zonadeamor3.swf HTTP/1.1" 200 133 "-" "Mozilla/5.0 (Windows NT 6.1; WOW64) AppleWebKit/537.36 (KHTML, like Gecko) Chrome/47.0.2526.106 Safari/537.36"
172.31.238.200 - - [01/Jan/2016:00:00:04 +0000] "GET /axis2/services/WebFilteringService/getCategoryByUrl?app=chrome_antiporn&ver=0.19.7.1&url=https%3A//s.ytimg.com/yts/img/favicon_48-vfl1s0rGh.png HTTP/1.1" 200 133 "-" "Mozilla/5.0 (Windows NT 6.1; WOW64) AppleWebKit/537.36 (KHTML, like Gecko) Chrome/47.0.2526.106 Safari/537.36"
172.31.38.136 - - [01/Jan/2016:00:00:04 +0000] "GET /axis2/services/WebFilteringService/getCategoryByUrl?app=chrome_antiporn&ver=0.19.7.1&url=https%3A//s.ytimg.com/yts/img/favicon_144-vflWmzoXw.png HTTP/1.1" 200 133 "-" "Mozilla/5.0 (Windows NT 6.1) AppleWebKit/537.36 (KHTML, like Gecko) Chrome/47.0.2526.106 Safari/537.36"
172.31.238.200 - - [01/Jan/2016:00:00:04 +0000] "GET /axis2/services/WebFilteringService/getCategoryByUrl?app=chrome_webfilter&ver=0.19.7.1&url=https%3A//r18---sn-vgqs7n7e.googlevideo.com/videoplayback%3Fc%3Dweb%26clen%3D55419368%26cpn%3DCyRRK0yyRqt9EjRn%26cver%3Das3%26dur%3D803.602%26expire%3D1451628001%26fexp%3D9415791%252C9416126%252C9417423%252C9419469%252C9419487%252C9420452%252C9421503%252C9422141%252C9422596%252C9423020%252C9423607%252C9423662%252C9424551%252C9425200%252C9426236%252C9426401%26gir%3Dyes%26id%3Do-AGBSauzFgiPxpBwpV1mI600LQLzcWBo0iKcROXAsu7JR%26initcwndbps%3D603750%26ip%3D71.74.155.41%26ipbits%3D0%26itag%3D135%26keepalive%3Dyes%26key%3Dyt6%26lmt%3D1451560785738263%26mime%3Dvideo%252Fmp4%26mm%3D31%26mn%3Dsn-vgqs7n7e%26ms%3Dau%26mt%3D1451606337%26mv%3Dm%26nh%3DIgpwcjAzLm9yZDEyKg03Mi4xNC4yMjAuMTU3%26pl%3D19%26range%3D0-2072575%26ratebypass%3Dyes%26requiressl%3Dyes%26signature%3D1300D86BE1724EBE60E5B5546A7F782DC1B7F6AF.39A8CB5ACA7AB144D104266AF75BDCED3605644F%26source%3Dyoutube%26sparams%3Dclen%252Cdur%252Cgir%252Cid%252Cinitcwndbps%252Cip%252Cipbits%252Citag%252Ckeepalive%252Clmt%252Cmime%252Cmm%252Cmn%252Cms%252Cmv%252Cnh%252Cpl%252Crequiressl%252Csource%252Cupn%252Cexpire%26sver%3D3%26upn%3D4d0KBcBUkuI HTTP/1.1" 200 133 "-" "Mozilla/5.0 (Windows NT 6.1; WOW64) AppleWebKit/537.36 (KHTML, like Gecko) Chrome/46.0.2490.71 Safari/537.36"
172.31.38.136 - - [01/Jan/2016:00:00:04 +0000] "GET /axis2/services/WebFilteringService/getCategoryByUrl?app=chrome_antiporn&ver=0.19.7.1&url=https%3A//s.ytimg.com/yts/img/favicon_96-vfldSA3ca.png HTTP/1.1" 200 133 "-" "Mozilla/5.0 (Windows NT 6.1; WOW64) AppleWebKit/537.36 (KHTML, like Gecko) Chrome/47.0.2526.106 Safari/537.36"
172.31.238.200 - - [01/Jan/2016:00:00:04 +0000] "GET /axis2/services/WebFilteringService/getCategoryByUrl?app=chrome_antiporn&ver=0.19.7.1&url=https%3A//s.ytimg.com/yts/img/favicon_48-vfl1s0rGh.png HTTP/1.1" 200 133 "-" "Mozilla/5.0 (Windows NT 6.1; WOW64) AppleWebKit/537.36 (KHTML, like Gecko) Chrome/47.0.2526.106 Safari/537.36"
172.31.38.136 - - [01/Jan/2016:00:00:04 +0000] "GET /axis2/services/WebFilteringService/getCategoryByUrl?app=chrome_antiporn&ver=0.19.7.1&url=https%3A//s.ytimg.com/yts/img/favicon_144-vflWmzoXw.png HTTP/1.1" 200 133 "-" "Mozilla/5.0 (Windows NT 6.2; WOW64) AppleWebKit/537.36 (KHTML, like Gecko) Chrome/47.0.2526.106 Safari/537.36"
172.31.38.136 - - [01/Jan/2016:00:00:04 +0000] "GET /axis2/services/WebFilteringService/getCategoryByUrl?app=chrome_antiporn&ver=0.19.7.1&url=http%3A//cf.c.ooyala.com/p3bmd3eTpKhhkg6p2qyl0gCfw3OpA3xR/Ut_HKthATH4eww8X4xMDoxOjBrO-I4W8 HTTP/1.1" 200 133 "-" "Mozilla/5.0 (Windows NT 6.1) AppleWebKit/537.36 (KHTML, like Gecko) Chrome/47.0.2526.106 Safari/537.36"
172.31.238.200 - - [01/Jan/2016:00:00:04 +0000] "GET /axis2/services/WebFilteringService/getCategoryByUrl?app=chrome_webfilter&ver=0.19.7.1&url=http%3A//l.ooyala.com/verify%3Fts%3D1451606397776 HTTP/1.1" 200 133 "-" "Mozilla/5.0 (Windows NT 6.1; WOW64) AppleWebKit/537.36 (KHTML, like Gecko) Chrome/47.0.2526.106 Safari/537.36"
172.31.38.136 - - [01/Jan/2016:00:00:04 +0000] "GET /webapi/getcategory?uri=m.comic.naver.com&key=d647fe2a-2193-4c2d-8cad-38e78316d020 HTTP/1.1" 200 66 "-" "Apache-HttpClient/UNAVAILABLE (java 1.4)"
172.31.238.200 - - [01/Jan/2016:00:00:04 +0000] "GET /axis2/services/WebFilteringService/getCategoryByUrl?app=firefox_AntiPorn&ver=0.19.6.9&url=https%3A%2F%2Fs3.amazonaws.com%2Fcdn.foxydeal.com%2Fsf%2Fv6%2F10%2F3%2Flist.html HTTP/1.1" 200 133 "-" "Mozilla/5.0 (Windows NT 6.1; WOW64; rv:42.0) Gecko/20100101 Firefox/42.0"
172.31.38.136 - - [01/Jan/2016:00:00:04 +0000] "GET /axis2/services/WebFilteringService/getCategoryByUrl?app=chrome_webfilter&ver=0.19.7.1&url=http%3A//live.sekindo.com/content/video/vpaid/adManager_v2.1.9.swf HTTP/1.1" 200 133 "-" "Mozilla/5.0 (Windows NT 10.0; WOW64) AppleWebKit/537.36 (KHTML, like Gecko) Chrome/47.0.2526.106 Safari/537.36"
172.31.38.136 - - [01/Jan/2016:00:00:04 +0000] "GET /axis2/services/WebFilteringService/getCategoryByUrl?app=chrome_antiporn&ver=0.19.7.1&url=http%3A//shasta.vizu.com/v6/swf/vi/vtos.swf%3Fid%3D5190592595 HTTP/1.1" 200 133 "-" "Mozilla/5.0 (Windows NT 6.1; WOW64) AppleWebKit/537.36 (KHTML, like Gecko) Chrome/47.0.2526.106 Safari/537.36"
172.31.238.200 - - [01/Jan/2016:00:00:04 +0000] "GET /axis2/services/WebFilteringService/getCategoryByUrl?app=chrome_antiporn&ver=0.19.7.1&url=http%3A//media1.clubpenguin.com/play/v2/content/global/furniture/sprites/2210.swf%3FcontentVersion%3D80883 HTTP/1.1" 200 133 "-" "Mozilla/5.0 (Windows NT 6.2; WOW64) AppleWebKit/537.36 (KHTML, like Gecko) Chrome/47.0.2526.106 Safari/537.36"
172.31.38.136 - - [01/Jan/2016:00:00:04 +0000] "GET /axis2/services/WebFilteringService/getCategoryByUrl?app=chrome_webfilter&ver=0.19.7.1&url=https%3A//s.ytimg.com/yts/img/favicon_48-vfl1s0rGh.png HTTP/1.1" 200 133 "-" "Mozilla/5.0 (Windows NT 6.1; WOW64) AppleWebKit/537.36 (KHTML, like Gecko) Chrome/47.0.2526.106 Safari/537.36"
172.31.238.200 - - [01/Jan/2016:00:00:04 +0000] "GET /axis2/services/WebFilteringService/getCategoryByUrl?app=chrome_antiporn&ver=0.19.7.1&url=http%3A//static4.kizi.com/system/static/games/papas-freezeria.swf%3F0 HTTP/1.1" 200 133 "-" "Mozilla/5.0 (Windows NT 6.1) AppleWebKit/537.36 (KHTML, like Gecko) Chrome/47.0.2526.106 Safari/537.36"
172.31.238.200 - - [01/Jan/2016:00:00:04 +0000] "GET /axis2/services/WebFilteringService/getCategoryByUrl?app=chrome_antiporn&ver=0.19.7.1&url=http%3A//bubble.am/favicon-32x32.png HTTP/1.1" 200 134 "-" "Mozilla/5.0 (Windows NT 6.1; WOW64) AppleWebKit/537.36 (KHTML, like Gecko) Chrome/45.0.2454.93 Safari/537.36"
172.31.38.136 - - [01/Jan/2016:00:00:04 +0000] "GET /axis2/services/WebFilteringService/getCategoryByUrl?app=chrome_antiporn&ver=0.19.7.1&url=https%3A//fonts.gstatic.com/s/roboto/v15/RxZJdnzeo3R5zSexge8UUVtXRa8TVwTICgirnJhmVJw.woff2 HTTP/1.1" 200 133 "-" "Mozilla/5.0 (Windows NT 6.1; WOW64) AppleWebKit/537.36 (KHTML, like Gecko) Chrome/47.0.2526.106 Safari/537.36"
172.31.238.200 - - [01/Jan/2016:00:00:04 +0000] "GET /axis2/services/WebFilteringService/getCategoryByUrl?app=chrome_antiporn&ver=0.19.7.1&url=https%3A//s.ytimg.com/yts/img/favicon_96-vfldSA3ca.png HTTP/1.1" 200 133 "-" "Mozilla/5.0 (Windows NT 6.1; WOW64) AppleWebKit/537.36 (KHTML, like Gecko) Chrome/47.0.2526.106 Safari/537.36"
172.31.38.136 - - [01/Jan/2016:00:00:04 +0000] "GET /axis2/services/WebFilteringService/getCategoryByUrl?app=chrome_antiporn&ver=0.19.7.1&url=https%3A//amp.twimg.com/amplify-web-player/prod/styles/font/rosetta-icons-Regular.woff HTTP/1.1" 200 133 "-" "Mozilla/5.0 (Windows NT 6.3; WOW64) AppleWebKit/537.36 (KHTML, like Gecko) Chrome/47.0.2526.106 Safari/537.36"
172.31.238.200 - - [01/Jan/2016:00:00:04 +0000] "GET /axis2/services/WebFilteringService/getCategoryByUrl?app=chrome_antiporn&ver=0.19.7.1&url=https%3A//fbcdn-video-k-a.akamaihd.net/hvideo-ak-xpf1/v/t42.1790-2/12456240_947996971945276_661275950_n.mp4%3Fefg%3DeyJybHIiOjMwMCwicmxhIjo1MTIsInZlbmNvZGVfdGFnIjoic2QifQ%253D%253D%26oh%3Dbe9e85e58ad12f8304dbb69e812f6fd8%26oe%3D5685F3C2%26__gda__%3D1451620632_8e205d49100cc910c9a87b437e222179 HTTP/1.1" 200 133 "-" "Mozilla/5.0 (Windows NT 6.3; WOW64) AppleWebKit/537.36 (KHTML, like Gecko) Chrome/44.0.2403.155 Safari/537.36"
172.31.38.136 - - [01/Jan/2016:00:00:04 +0000] "GET /axis2/services/WebFilteringService/getCategoryByUrl?app=chrome_antiporn&ver=0.19.7.1&url=https%3A//s.ytimg.com/yts/img/favicon_32-vfl8NGn4k.png HTTP/1.1" 200 133 "-" "Mozilla/5.0 (Windows NT 5.1) AppleWebKit/537.36 (KHTML, like Gecko) Chrome/47.0.2526.106 Safari/537.36"
172.31.238.200 - - [01/Jan/2016:00:00:04 +0000] "GET /axis2/services/WebFilteringService/getCategoryByUrl?app=firefox_AntiPorn&ver=0.19.6.9&url=https%3A%2F%2Fwww.google.pl%2Fsearch HTTP/1.1" 200 133 "-" "Mozilla/5.0 (Windows NT 5.1; rv:28.0) Gecko/20100101 Firefox/28.0"
172.31.38.136 - - [01/Jan/2016:00:00:04 +0000] "GET /webapi/getcategory?uri=www.hablemosderelojes.com&key=d647fe2a-2193-4c2d-8cad-38e78316d020 HTTP/1.1" 200 85 "-" "Apache-HttpClient/UNAVAILABLE (java 1.4)"
172.31.238.200 - - [01/Jan/2016:00:00:04 +0000] "GET /axis2/services/WebFilteringService/getCategoryByUrl?app=chrome_webfilter&ver=0.19.7.1&url=http%3A//mypirate.game.ggcorp.me/ver/RES.FRA.20151229.00225/resource/08/021/0802100118.png HTTP/1.1" 200 134 "-" "Mozilla/5.0 (Macintosh; Intel Mac OS X 10_11_1) AppleWebKit/537.36 (KHTML, like Gecko) Chrome/47.0.2526.106 Safari/537.36"
172.31.38.136 - - [01/Jan/2016:00:00:04 +0000] "GET /axis2/services/WebFilteringService/getCategoryByUrl?app=chrome_antiporn&ver=0.19.7.1&url=https%3A//s.ytimg.com/yts/img/favicon_144-vflWmzoXw.png HTTP/1.1" 200 133 "-" "Mozilla/5.0 (Windows NT 6.1) AppleWebKit/537.36 (KHTML, like Gecko) Chrome/47.0.2526.106 Safari/537.36"
172.31.238.200 - - [01/Jan/2016:00:00:04 +0000] "GET /webapi/getcategory?uri=de.1jux.net&key=d647fe2a-2193-4c2d-8cad-38e78316d020 HTTP/1.1" 200 70 "-" "Apache-HttpClient/UNAVAILABLE (java 1.4)"
172.31.38.136 - - [01/Jan/2016:00:00:04 +0000] "GET /webapi/getcategory?uri=www.beymen.com&key=d647fe2a-2193-4c2d-8cad-38e78316d020 HTTP/1.1" 200 60 "-" "Apache-HttpClient/UNAVAILABLE (java 1.4)"
172.31.38.136 - - [01/Jan/2016:00:00:04 +0000] "GET /axis2/services/WebFilteringService/getCategoryByUrl?app=chrome_antiporn&ver=0.19.7.1&url=https%3A//s.ytimg.com/yts/img/favicon_96-vfldSA3ca.png HTTP/1.1" 200 133 "-" "Mozilla/5.0 (Macintosh; Intel Mac OS X 10_11_2) AppleWebKit/537.36 (KHTML, like Gecko) Chrome/47.0.2526.106 Safari/537.36"
172.31.238.200 - - [01/Jan/2016:00:00:04 +0000] "GET /webapi/getcategory?uri=gbf.game.mbga.jp&key=d647fe2a-2193-4c2d-8cad-38e78316d020 HTTP/1.1" 200 53 "-" "Apache-HttpClient/UNAVAILABLE (java 1.4)"
172.31.38.136 - - [01/Jan/2016:00:00:04 +0000] "GET /axis2/services/WebFilteringService/getCategoryByUrl?app=chrome_antiporn&ver=0.19.7.1&url=http%3A//video-edge-7ea6f8.mia02.hls.ttvnw.net/hls-a083ba/kittyplaysgames_18589668640_374078883/medium/index-0000004837-xs1a.ts HTTP/1.1" 200 134 "-" "Mozilla/5.0 (Windows NT 10.0; WOW64) AppleWebKit/537.36 (KHTML, like Gecko) Chrome/47.0.2526.106 Safari/537.36"
172.31.238.200 - - [01/Jan/2016:00:00:04 +0000] "GET /axis2/services/WebFilteringService/getCategoryByUrl?app=chrome_webfilter&ver=0.19.7.1&url=http%3A//d.chango.com/m/m%3Fp%3Dbrightroll%26uid%3D3VnL_EUVZVSMB1kcdDA%26ts%3D1451606404 HTTP/1.1" 200 133 "-" "Mozilla/5.0 (X11; CrOS x86_64 7520.63.0) AppleWebKit/537.36 (KHTML, like Gecko) Chrome/47.0.2526.106 Safari/537.36"
172.31.38.136 - - [01/Jan/2016:00:00:04 +0000] "GET /axis2/services/WebFilteringService/getCategoryByUrl?app=chrome_antiporn&ver=0.19.7.1&url=https%3A//maa0-a.akamaihd.net/marvelshield/production_n7/ac/20151223111838/fs/4ui0009.swf HTTP/1.1" 200 133 "-" "Mozilla/5.0 (Windows NT 6.1; WOW64) AppleWebKit/537.36 (KHTML, like Gecko) Chrome/47.0.2526.106 Safari/537.36"
172.31.238.200 - - [01/Jan/2016:00:00:04 +0000] "GET /axis2/services/WebFilteringService/getCategoryByUrl?app=chrome_antiporn&ver=0.19.7.1&url=https%3A//s.ytimg.com/yts/img/favicon_144-vflWmzoXw.png HTTP/1.1" 200 133 "-" "Mozilla/5.0 (Windows NT 6.1; WOW64) AppleWebKit/537.36 (KHTML, like Gecko) Chrome/47.0.2526.106 Safari/537.36"
172.31.238.200 - - [01/Jan/2016:00:00:04 +0000] "GET /axis2/services/WebFilteringService/getCategoryByUrl?app=chrome_antiporn&ver=0.19.7.1&url=https%3A//s.ytimg.com/yts/img/favicon_48-vfl1s0rGh.png HTTP/1.1" 200 133 "-" "Mozilla/5.0 (Windows NT 6.1; Win64; x64) AppleWebKit/537.36 (KHTML, like Gecko) Chrome/47.0.2526.106 Safari/537.36"
172.31.238.200 - - [01/Jan/2016:00:00:04 +0000] "GET /axis2/services/WebFilteringService/getCategoryByUrl?app=chrome_antiporn&ver=0.19.7.1&url=https%3A//s.ytimg.com/yts/img/favicon_32-vfl8NGn4k.png HTTP/1.1" 200 133 "-" "Mozilla/5.0 (Windows NT 6.1; WOW64) AppleWebKit/537.36 (KHTML, like Gecko) Chrome/47.0.2526.106 Safari/537.36"
172.31.38.136 - - [01/Jan/2016:00:00:04 +0000] "GET /axis2/services/WebFilteringService/getCategoryByUrl?app=chrome_antiporn&ver=0.19.7.1&url=https%3A//fbcdn-video-f-a.akamaihd.net/hvideo-ak-ash2/v/t42.1790-2/10635002_838702186180851_228548282_n.mp4%3Fefg%3DeyJybHIiOjMwMCwicmxhIjo1NTcsInZlbmNvZGVfdGFnIjoibGVnYWN5X3NkIn0%253D%26rl%3D300%26vabr%3D128%26oh%3D19dac30e645573517c4a8693bf611d83%26oe%3D5685F6A4%26__gda__%3D1451619078_c292723fd098912e83c3f96359eb6816 HTTP/1.1" 200 133 "-" "Mozilla/5.0 (Windows NT 6.1; WOW64) AppleWebKit/537.36 (KHTML, like Gecko) Chrome/47.0.2526.106 Safari/537.36"
172.31.238.200 - - [01/Jan/2016:00:00:04 +0000] "GET /axis2/services/WebFilteringService/getCategoryByUrl?app=chrome_webfilter&ver=0.19.7.1&url=https%3A//s.ytimg.com/yts/img/favicon-vflz7uhzw.ico HTTP/1.1" 200 133 "-" "Mozilla/5.0 (Windows NT 6.1; WOW64) AppleWebKit/537.36 (KHTML, like Gecko) Chrome/47.0.2526.106 Safari/537.36"
172.31.238.200 - - [01/Jan/2016:00:00:04 +0000] "GET /axis2/services/WebFilteringService/getCategoryByUrl?app=chrome_webfilter&ver=0.19.7.1&url=https%3A//s.ytimg.com/yts/img/favicon_96-vfldSA3ca.png HTTP/1.1" 200 133 "-" "Mozilla/5.0 (Windows NT 6.1) AppleWebKit/537.36 (KHTML, like Gecko) Chrome/47.0.2526.106 Safari/537.36"
172.31.38.136 - - [01/Jan/2016:00:00:04 +0000] "GET /webapi/getcategory?uri=www.videosporno0.com&key=d647fe2a-2193-4c2d-8cad-38e78316d020 HTTP/1.1" 200 92 "-" "Apache-HttpClient/UNAVAILABLE (java 1.4)"
172.31.238.200 - - [01/Jan/2016:00:00:04 +0000] "GET /axis2/services/WebFilteringService/getCategoryByUrl?app=chrome_antiporn&ver=0.19.7.1&url=http%3A//r2cdn-sb.r2games.com/ns_en/media/system/player/3067/scene/scenerun/1/media_unite.swf%3F20140507080009 HTTP/1.1" 200 133 "-" "Mozilla/5.0 (Windows NT 6.1; WOW64) AppleWebKit/537.36 (KHTML, like Gecko) Chrome/46.0.2490.86 Safari/537.36"
172.31.38.136 - - [01/Jan/2016:00:00:04 +0000] "GET /axis2/services/WebFilteringService/getCategoryByUrl?app=chrome_antiporn&ver=0.19.7.1&url=https%3A//s.ytimg.com/yts/img/favicon_144-vflWmzoXw.png HTTP/1.1" 200 133 "-" "Mozilla/5.0 (Macintosh; Intel Mac OS X 10_10_5) AppleWebKit/537.36 (KHTML, like Gecko) Chrome/47.0.2526.106 Safari/537.36"
172.31.238.200 - - [01/Jan/2016:00:00:04 +0000] "GET /axis2/services/WebFilteringService/getCategoryByUrl?app=chrome_antiporn&ver=0.19.7.1&url=https%3A//s.ytimg.com/yts/img/favicon_48-vfl1s0rGh.png HTTP/1.1" 200 133 "-" "Mozilla/5.0 (Macintosh; Intel Mac OS X 10_10_5) AppleWebKit/537.36 (KHTML, like Gecko) Chrome/47.0.2526.106 Safari/537.36"
172.31.38.136 - - [01/Jan/2016:00:00:04 +0000] "GET /webapi/getcategory?uri=store.uktsc.com&key=d647fe2a-2193-4c2d-8cad-38e78316d020 HTTP/1.1" 200 71 "-" "Apache-HttpClient/UNAVAILABLE (java 1.4)"
172.31.38.136 - - [01/Jan/2016:00:00:04 +0000] "GET /axis2/services/WebFilteringService/getCategoryByUrl?app=chrome_antiporn&ver=0.19.7.1&url=https%3A//foees.innogamescdn.com/assets/city/buildings/A_SS_PostModernEra_Culture3.png%3Fe58c5f28 HTTP/1.1" 200 134 "-" "Mozilla/5.0 (Windows NT 6.1; WOW64) AppleWebKit/537.36 (KHTML, like Gecko) Chrome/47.0.2526.106 Safari/537.36"
172.31.238.200 - - [01/Jan/2016:00:00:04 +0000] "GET /axis2/services/WebFilteringService/getCategoryByUrl?app=chrome_webfilter&ver=0.19.7.1&url=https%3A//s.ytimg.com/yts/img/favicon_144-vflWmzoXw.png HTTP/1.1" 200 133 "-" "Mozilla/5.0 (Windows NT 6.2) AppleWebKit/537.36 (KHTML, like Gecko) Chrome/47.0.2526.106 Safari/537.36"
172.31.38.136 - - [01/Jan/2016:00:00:04 +0000] "GET /axis2/services/WebFilteringService/getCategoryByUrl?app=chrome_antiporn&ver=0.19.7.1&url=https%3A//s.ytimg.com/yts/img/favicon_96-vfldSA3ca.png HTTP/1.1" 200 133 "-" "Mozilla/5.0 (Windows NT 6.1; WOW64) AppleWebKit/537.36 (KHTML, like Gecko) Chrome/47.0.2526.106 Safari/537.36"
172.31.38.136 - - [01/Jan/2016:00:00:04 +0000] "GET /axis2/services/WebFilteringService/getCategoryByUrl?app=chrome_antiporn&ver=0.19.7.1&url=http%3A//gwc.lphbs.com/0/lpg/msg HTTP/1.1" 200 134 "-" "Mozilla/5.0 (Macintosh; Intel Mac OS X 10_10_4) AppleWebKit/537.36 (KHTML, like Gecko) Chrome/47.0.2526.106 Safari/537.36"
172.31.238.200 - - [01/Jan/2016:00:00:04 +0000] "GET /axis2/services/WebFilteringService/getCategoryByUrl?app=chrome_antiporn&ver=0.19.7.1&url=https%3A//s.ytimg.com/yts/img/favicon_144-vflWmzoXw.png HTTP/1.1" 200 133 "-" "Mozilla/5.0 (Windows NT 6.1; WOW64) AppleWebKit/537.36 (KHTML, like Gecko) Chrome/47.0.2526.106 Safari/537.36"
172.31.238.200 - - [01/Jan/2016:00:00:04 +0000] "GET /axis2/services/WebFilteringService/getCategoryByUrl?app=chrome_antiporn&ver=0.19.7.1&url=https%3A//s.ytimg.com/yts/img/favicon_144-vflWmzoXw.png HTTP/1.1" 200 133 "-" "Mozilla/5.0 (Windows NT 5.1) AppleWebKit/537.36 (KHTML, like Gecko) Chrome/47.0.2526.106 Safari/537.36"
172.31.38.136 - - [01/Jan/2016:00:00:04 +0000] "GET /axis2/services/WebFilteringService/getCategoryByUrl?app=chrome_antiporn&ver=0.19.7.1&url=https%3A//s.ytimg.com/yts/img/favicon_32-vfl8NGn4k.png HTTP/1.1" 200 133 "-" "Mozilla/5.0 (Windows NT 6.1; WOW64) AppleWebKit/537.36 (KHTML, like Gecko) Chrome/45.0.2454.101 Safari/537.36"
172.31.38.136 - - [01/Jan/2016:00:00:04 +0000] "GET /axis2/services/WebFilteringService/getCategoryByUrl?app=chrome_antiporn&ver=0.19.7.1&url=https%3A//static.adsafeprotected.com/detector_4_1.pix HTTP/1.1" 200 133 "-" "Mozilla/5.0 (X11; CrOS armv7l 7520.63.0) AppleWebKit/537.36 (KHTML, like Gecko) Chrome/47.0.2526.106 Safari/537.36"
172.31.238.200 - - [01/Jan/2016:00:00:04 +0000] "GET /axis2/services/WebFilteringService/getCategoryByUrl?app=chrome_webfilter&ver=0.19.7.1&url=https%3A//s.ytimg.com/yts/img/favicon-vflz7uhzw.ico HTTP/1.1" 200 133 "-" "Mozilla/5.0 (Windows NT 6.1; WOW64) AppleWebKit/537.36 (KHTML, like Gecko) Chrome/47.0.2526.106 Safari/537.36"
172.31.38.136 - - [01/Jan/2016:00:00:04 +0000] "GET /axis2/services/WebFilteringService/getCategoryByUrl?app=chrome_antiporn&ver=0.19.7.1&url=https%3A//s.ytimg.com/yts/img/favicon_96-vfldSA3ca.png HTTP/1.1" 200 133 "-" "Mozilla/5.0 (Windows NT 5.1) AppleWebKit/537.36 (KHTML, like Gecko) Chrome/47.0.2526.106 Safari/537.36"
172.31.238.200 - - [01/Jan/2016:00:00:04 +0000] "GET /axis2/services/WebFilteringService/getCategoryByUrl?app=chrome_antiporn&ver=0.19.7.1&url=https%3A//tata.static.ninjasaga.com/swf/3.2.00543/swf/items/wpn_1014.swf HTTP/1.1" 200 133 "-" "Mozilla/5.0 (Windows NT 6.1; WOW64) AppleWebKit/537.36 (KHTML, like Gecko) Chrome/47.0.2526.106 Safari/537.36"
172.31.38.136 - - [01/Jan/2016:00:00:04 +0000] "GET /axis2/services/WebFilteringService/getCategoryByUrl?app=chrome_antiporn&ver=0.19.7.1&url=https%3A//s.ytimg.com/yts/img/favicon_32-vfl8NGn4k.png HTTP/1.1" 200 133 "-" "Mozilla/5.0 (Windows NT 6.1; WOW64) AppleWebKit/537.36 (KHTML, like Gecko) Chrome/47.0.2526.106 Safari/537.36"
172.31.238.200 - - [01/Jan/2016:00:00:04 +0000] "GET /axis2/services/WebFilteringService/getCategoryByUrl?app=chrome_antiporn&ver=0.19.7.1&url=http%3A//bubble.am/favicon-32x32.png HTTP/1.1" 200 134 "-" "Mozilla/5.0 (Windows NT 6.1; WOW64) AppleWebKit/537.36 (KHTML, like Gecko) Chrome/45.0.2454.93 Safari/537.36"
172.31.38.136 - - [01/Jan/2016:00:00:04 +0000] "GET /axis2/services/WebFilteringService/getCategoryByUrl?app=chrome_antiporn&ver=0.19.7.1&url=https%3A//graph.facebook.com/v2.5/100002423283416/picture%3Fwidth%3D50%26height%3D50 HTTP/1.1" 200 133 "-" "Mozilla/5.0 (Windows NT 5.1) AppleWebKit/537.36 (KHTML, like Gecko) Chrome/47.0.2526.106 Safari/537.36"
172.31.238.200 - - [01/Jan/2016:00:00:04 +0000] "GET /axis2/services/WebFilteringService/getCategoryByUrl?app=firefox_WebFilter&ver=0.19.6.9&url=https%3A%2F%2Fsrv136.services.gc.ca%2Fstaticcontent%2Fwcp%2Fmsca-mdsc%2Fv1.0%2Fwet-4.0.1-theme-gcwu-fegc%2Fcss%2Fpolyfills%2Fdetails.min.css HTTP/1.1" 200 133 "-" "Mozilla/5.0 (Windows NT 6.1; WOW64; rv:42.0) Gecko/20100101 Firefox/42.0"
172.31.238.200 - - [01/Jan/2016:00:00:04 +0000] "GET /axis2/services/WebFilteringService/getCategoryByUrl?app=chrome_webfilter&ver=0.19.7.1&url=http%3A//mypirate.game.ggcorp.me/ver/RES.FRA.20151229.00225/resource/08/021/0802100113.png HTTP/1.1" 200 134 "-" "Mozilla/5.0 (Macintosh; Intel Mac OS X 10_11_1) AppleWebKit/537.36 (KHTML, like Gecko) Chrome/47.0.2526.106 Safari/537.36"
172.31.38.136 - - [01/Jan/2016:00:00:04 +0000] "GET /axis2/services/WebFilteringService/getCategoryByUrl?app=chrome_antiporn&ver=0.19.7.1&url=https%3A//static.adsafeprotected.com/detector_4_1.pix HTTP/1.1" 200 133 "-" "Mozilla/5.0 (X11; CrOS armv7l 7520.63.0) AppleWebKit/537.36 (KHTML, like Gecko) Chrome/47.0.2526.106 Safari/537.36"
172.31.238.200 - - [01/Jan/2016:00:00:04 +0000] "GET /axis2/services/WebFilteringService/getCategoryByUrl?app=chrome_antiporn&ver=0.19.7.1&url=https%3A//s.ytimg.com/yts/img/favicon_32-vfl8NGn4k.png HTTP/1.1" 200 133 "-" "Mozilla/5.0 (Windows NT 6.1; WOW64) AppleWebKit/537.36 (KHTML, like Gecko) Chrome/47.0.2526.106 Safari/537.36"
172.31.38.136 - - [01/Jan/2016:00:00:05 +0000] "GET /axis2/services/WebFilteringService/getCategoryByUrl?app=chrome_antiporn&ver=0.19.7.1&url=http%3A//www.tiec.gov.eg/en-US/innovegypt/Pages/default.aspx HTTP/1.1" 200 133 "-" "Mozilla/5.0 (Windows NT 6.1; WOW64) AppleWebKit/537.36 (KHTML, like Gecko) Chrome/47.0.2526.106 Safari/537.36"
172.31.238.200 - - [01/Jan/2016:00:00:04 +0000] "GET /axis2/services/WebFilteringService/getCategoryByUrl?app=chrome_antiporn&ver=0.19.7.1&url=https%3A//s.ytimg.com/yts/img/favicon_96-vfldSA3ca.png HTTP/1.1" 200 133 "-" "Mozilla/5.0 (Windows NT 6.1) AppleWebKit/537.36 (KHTML, like Gecko) Chrome/47.0.2526.106 Safari/537.36"
172.31.38.136 - - [01/Jan/2016:00:00:05 +0000] "GET /axis2/services/WebFilteringService/getCategoryByUrl?app=chrome_antiporn&ver=0.19.7.1&url=https%3A//s-ak.kobojo.com/mutants/assets/hud/main_ui/v3/slot_shop_v3.bin HTTP/1.1" 200 133 "-" "Mozilla/5.0 (Windows NT 6.3; WOW64) AppleWebKit/537.36 (KHTML, like Gecko) Chrome/47.0.2526.106 Safari/537.36"
172.31.238.200 - - [01/Jan/2016:00:00:04 +0000] "GET /axis2/services/WebFilteringService/getCategoryByUrl?app=firefox_AntiPorn&ver=0.19.6.9&url=https%3A%2F%2Fapis.google.com%2Fu%2F0%2Fse%2F0%2Fwm%2F1%2F HTTP/1.1" 200 133 "-" "Mozilla/5.0 (Windows NT 10.0; WOW64; rv:43.0) Gecko/20100101 Firefox/43.0"
172.31.38.136 - - [01/Jan/2016:00:00:05 +0000] "GET /axis2/services/WebFilteringService/getCategoryByUrl?app=chrome_antiporn&ver=0.19.7.1&url=https%3A//s.ytimg.com/yts/img/favicon_144-vflWmzoXw.png HTTP/1.1" 200 133 "-" "Mozilla/5.0 (Windows NT 10.0) AppleWebKit/537.36 (KHTML, like Gecko) Chrome/47.0.2526.106 Safari/537.36"
172.31.238.200 - - [01/Jan/2016:00:00:04 +0000] "GET /axis2/services/WebFilteringService/getCategoryByUrl?app=chrome_webfilter&ver=0.19.7.1&url=http%3A//futwatch.com/pack-simulator/newyears.php HTTP/1.1" 200 134 "-" "Mozilla/5.0 (Windows NT 10.0) AppleWebKit/537.36 (KHTML, like Gecko) Chrome/47.0.2526.106 Safari/537.36"
172.31.238.200 - - [01/Jan/2016:00:00:04 +0000] "GET /axis2/services/WebFilteringService/getCategoryByUrl?app=chrome_antiporn&ver=0.19.7.1&url=https%3A//zdnfarmtwo2-a.akamaihd.net/assets/animals/horselarge/horselarge_adult_generic_anim_eat_turn-7e70fe60c8d4c44ce1cddb9cc04f191f.f3d HTTP/1.1" 200 133 "-" "Mozilla/5.0 (Windows NT 6.3; WOW64) AppleWebKit/537.36 (KHTML, like Gecko) Chrome/47.0.2526.106 Safari/537.36"
172.31.38.136 - - [01/Jan/2016:00:00:05 +0000] "GET /axis2/services/WebFilteringService/getCategoryByUrl?app=chrome_antiporn&ver=0.19.7.1&url=https%3A//s.ytimg.com/yts/img/favicon_96-vfldSA3ca.png HTTP/1.1" 200 133 "-" "Mozilla/5.0 (Windows NT 6.1; WOW64) AppleWebKit/537.36 (KHTML, like Gecko) Chrome/47.0.2526.106 Safari/537.36"
172.31.38.136 - - [01/Jan/2016:00:00:05 +0000] "GET /axis2/services/WebFilteringService/getCategoryByUrl?app=chrome_antiporn&ver=0.19.7.1&url=https%3A//www.youtube.com/watch%3Fv%3DSlpAh0FJZzc HTTP/1.1" 200 133 "-" "Mozilla/5.0 (Windows NT 6.2; WOW64) AppleWebKit/537.36 (KHTML, like Gecko) Chrome/47.0.2526.106 Safari/537.36"
172.31.238.200 - - [01/Jan/2016:00:00:04 +0000] "GET /axis2/services/WebFilteringService/getCategoryByUrl?app=chrome_antiporn&ver=0.19.7.1&url=https%3A//s.ytimg.com/yts/img/favicon_32-vfl8NGn4k.png HTTP/1.1" 200 133 "-" "Mozilla/5.0 (Windows NT 5.1) AppleWebKit/537.36 (KHTML, like Gecko) Chrome/47.0.2526.106 Safari/537.36"
172.31.238.200 - - [01/Jan/2016:00:00:04 +0000] "GET /axis2/services/WebFilteringService/getCategoryByUrl?app=chrome_antiporn&ver=0.19.7.1&url=http%3A//media1.clubpenguin.com/play/v2/content/global/furniture/sprites/225.swf%3FcontentVersion%3D80883 HTTP/1.1" 200 133 "-" "Mozilla/5.0 (Windows NT 6.2; WOW64) AppleWebKit/537.36 (KHTML, like Gecko) Chrome/47.0.2526.106 Safari/537.36"
172.31.38.136 - - [01/Jan/2016:00:00:05 +0000] "GET /axis2/services/WebFilteringService/getCategoryByUrl?app=chrome_antiporn&ver=0.19.7.1&url=https%3A//s.ytimg.com/yts/img/favicon_144-vflWmzoXw.png HTTP/1.1" 200 133 "-" "Mozilla/5.0 (Windows NT 6.3; WOW64) AppleWebKit/537.36 (KHTML, like Gecko) Chrome/47.0.2526.106 Safari/537.36"
172.31.38.136 - - [01/Jan/2016:00:00:05 +0000] "GET /axis2/services/WebFilteringService/getCategoryByUrl?app=chrome_antiporn&ver=0.19.7.1&url=http%3A//redir.adap.tv/redir/client/VPixel.swf HTTP/1.1" 200 133 "-" "Mozilla/5.0 (Windows NT 6.1; WOW64) AppleWebKit/537.36 (KHTML, like Gecko) Chrome/44.0.2403.157 Safari/537.36"
172.31.238.200 - - [01/Jan/2016:00:00:04 +0000] "GET /axis2/services/WebFilteringService/getCategoryByUrl?app=chrome_antiporn&ver=0.19.7.1&url=https%3A//zdnfarmtwo1-a.akamaihd.net/assets/animals/horselarge/horselarge_adult_generic_anim_eat-99e415764458fead63adf142cba1885e.f3d HTTP/1.1" 200 133 "-" "Mozilla/5.0 (Windows NT 6.3; WOW64) AppleWebKit/537.36 (KHTML, like Gecko) Chrome/47.0.2526.106 Safari/537.36"
172.31.38.136 - - [01/Jan/2016:00:00:05 +0000] "GET /axis2/services/WebFilteringService/getCategoryByUrl?app=chrome_antiporn&ver=0.19.7.1&url=https%3A//foees.innogamescdn.com/assets/shared/avatars/portrait_22.jpg%3Feb62bdb1 HTTP/1.1" 200 134 "-" "Mozilla/5.0 (Windows NT 6.1; WOW64) AppleWebKit/537.36 (KHTML, like Gecko) Chrome/47.0.2526.106 Safari/537.36"
172.31.38.136 - - [01/Jan/2016:00:00:05 +0000] "GET /webapi/getcategory?uri=amazingwalkrace.org&key=d647fe2a-2193-4c2d-8cad-38e78316d020 HTTP/1.1" 200 91 "-" "Apache-HttpClient/UNAVAILABLE (java 1.4)"
172.31.238.200 - - [01/Jan/2016:00:00:04 +0000] "GET /axis2/services/WebFilteringService/getCategoryByUrl?app=chrome_antiporn&ver=0.19.7.1&url=https%3A//mcf-static-s1.socialpointgames.com/static/monstercity/assets/images/en/element-icons/w-square-31x36.png HTTP/1.1" 200 133 "-" "Mozilla/5.0 (Windows NT 6.1; WOW64) AppleWebKit/537.36 (KHTML, like Gecko) Chrome/47.0.2526.106 Safari/537.36"
172.31.238.200 - - [01/Jan/2016:00:00:04 +0000] "GET /axis2/services/WebFilteringService/getCategoryByUrl?app=chrome_antiporn&ver=0.19.7.1&url=https%3A//s.ytimg.com/yts/img/favicon_96-vfldSA3ca.png HTTP/1.1" 200 133 "-" "Mozilla/5.0 (Windows NT 6.1; WOW64) AppleWebKit/537.36 (KHTML, like Gecko) Chrome/47.0.2526.106 Safari/537.36"
172.31.38.136 - - [01/Jan/2016:00:00:05 +0000] "GET /axis2/services/WebFilteringService/getCategoryByUrl?app=chrome_antiporn&ver=0.19.7.1&url=https%3A//s.ytimg.com/yts/img/favicon_48-vfl1s0rGh.png HTTP/1.1" 200 133 "-" "Mozilla/5.0 (Windows NT 6.1) AppleWebKit/537.36 (KHTML, like Gecko) Chrome/47.0.2526.106 Safari/537.36"
172.31.238.200 - - [01/Jan/2016:00:00:04 +0000] "GET /axis2/services/WebFilteringService/getCategoryByUrl?app=chrome_antiporn&ver=0.19.7.1&url=http%3A//cdn.moviestarplanet.com/swf/tops/grungeSchool_2015_top_FJ.swf%3Fv%3D1447412932097 HTTP/1.1" 200 133 "-" "Mozilla/5.0 (X11; Linux x86_64) AppleWebKit/537.36 (KHTML, like Gecko) Chrome/47.0.2526.73 Safari/537.36"
172.31.238.200 - - [01/Jan/2016:00:00:04 +0000] "GET /axis2/services/WebFilteringService/getCategoryByUrl?app=chrome_antiporn&ver=0.19.7.1&url=https%3A//zdnfarmtwo1-a.akamaihd.net/assets/animals/horselarge/horselarge_adult_generic_anim_idle_hungry-227a1b9dc3c9403961fb9824813ff707.f3d HTTP/1.1" 200 133 "-" "Mozilla/5.0 (Windows NT 6.3; WOW64) AppleWebKit/537.36 (KHTML, like Gecko) Chrome/47.0.2526.106 Safari/537.36"
172.31.38.136 - - [01/Jan/2016:00:00:05 +0000] "GET /axis2/services/WebFilteringService/getCategoryByUrl?app=firefox_WebFilter&ver=0.19.6.9&url=http%3A%2F%2Fwww.zerochan.net%2FSuou HTTP/1.1" 200 133 "-" "Mozilla/5.0 (Windows NT 10.0; WOW64; rv:43.0) Gecko/20100101 Firefox/43.0"
172.31.238.200 - - [01/Jan/2016:00:00:04 +0000] "GET /axis2/services/WebFilteringService/getCategoryByUrl?app=chrome_antiporn&ver=0.19.7.1&url=https%3A//s.ytimg.com/yts/img/favicon_48-vfl1s0rGh.png HTTP/1.1" 200 133 "-" "Mozilla/5.0 (Windows NT 6.1; Win64; x64) AppleWebKit/537.36 (KHTML, like Gecko) Chrome/47.0.2526.16 Safari/537.36"
172.31.38.136 - - [01/Jan/2016:00:00:05 +0000] "GET /axis2/services/WebFilteringService/getCategoryByUrl?app=chrome_webfilter&ver=0.19.7.1&url=https%3A//www.google.com.co/ HTTP/1.1" 200 133 "-" "Mozilla/5.0 (Windows NT 6.1) AppleWebKit/537.36 (KHTML, like Gecko) Chrome/47.0.2526.106 Safari/537.36"
172.31.238.200 - - [01/Jan/2016:00:00:04 +0000] "GET /axis2/services/WebFilteringService/getCategoryByUrl?app=chrome_antiporn&ver=0.19.7.1&url=https%3A//s.ytimg.com/yts/img/favicon_96-vfldSA3ca.png HTTP/1.1" 200 133 "-" "Mozilla/5.0 (Windows NT 6.1) AppleWebKit/537.36 (KHTML, like Gecko) Chrome/47.0.2526.106 Safari/537.36"
172.31.38.136 - - [01/Jan/2016:00:00:05 +0000] "GET /axis2/services/WebFilteringService/getCategoryByUrl?app=chrome_antiporn&ver=0.19.7.1&url=https%3A//s.ytimg.com/yts/img/favicon_144-vflWmzoXw.png HTTP/1.1" 200 133 "-" "Mozilla/5.0 (Windows NT 6.2; WOW64) AppleWebKit/537.36 (KHTML, like Gecko) Chrome/47.0.2526.106 Safari/537.36"
172.31.238.200 - - [01/Jan/2016:00:00:04 +0000] "GET /axis2/services/WebFilteringService/getCategoryByUrl?app=chrome_antiporn&ver=0.19.7.1&url=https%3A//zdnfarmtwo2-a.akamaihd.net/assets/animals/horselarge/horselarge_adult_generic_anim_fidget_b-46f771189a2d8c553d65e8c5a13869f1.f3d HTTP/1.1" 200 133 "-" "Mozilla/5.0 (Windows NT 6.3; WOW64) AppleWebKit/537.36 (KHTML, like Gecko) Chrome/47.0.2526.106 Safari/537.36"
172.31.38.136 - - [01/Jan/2016:00:00:05 +0000] "GET /webapi/getcategory?uri=map.cainz.com&key=d647fe2a-2193-4c2d-8cad-38e78316d020 HTTP/1.1" 200 85 "-" "Apache-HttpClient/UNAVAILABLE (java 1.4)"
172.31.38.136 - - [01/Jan/2016:00:00:05 +0000] "GET /axis2/services/WebFilteringService/getCategoryByUrl?app=chrome_webfilter&ver=0.19.7.1&url=http%3A//www.google.com/ HTTP/1.1" 200 133 "-" "Mozilla/5.0 (Windows NT 6.1) AppleWebKit/537.36 (KHTML, like Gecko) Chrome/47.0.2526.106 Safari/537.36"
172.31.238.200 - - [01/Jan/2016:00:00:04 +0000] "GET /axis2/services/WebFilteringService/getCategoryByUrl?app=chrome_webfilter&ver=0.19.7.1&url=https%3A//graph.facebook.com/v2.3/me/apprequests%3Faccess%255Ftoken%3DCAAFrEar0soYBAPoMXcB5XdMsZBXatXtGU2dFvifoAC5tott2ndA3GuL6t1bdl7Lp2ou8VLZA6jaQmR9VE3NVFfxlVxpqi3bhF7kuAhMXJCZAtfwnZB1AyTZBlmBankbSlIT2Ji3RjG05PknwZAZCYJcXf4AuZBk7M2VXGVY5qO3zzpHzZA7ZAFfNfMZCRy3nL7mwMoZCwOsLXZCiQ34MT2Cnvf7Y2%26limit%3D5000%26cb%3D1109 HTTP/1.1" 200 133 "-" "Mozilla/5.0 (Windows NT 6.1; WOW64) AppleWebKit/537.36 (KHTML, like Gecko) Chrome/47.0.2526.106 Safari/537.36"
172.31.38.136 - - [01/Jan/2016:00:00:05 +0000] "GET /axis2/services/WebFilteringService/getCategoryByUrl?app=chrome_antiporn&ver=0.19.7.1&url=https%3A//www.google.com.bo/%3Fgws_rd%3Dcr%2Cssl%26ei%3DhMGFVuKNK8OnwATXx4LoBw HTTP/1.1" 200 133 "-" "Mozilla/5.0 (Windows NT 6.1) AppleWebKit/537.36 (KHTML, like Gecko) Chrome/47.0.2526.106 Safari/537.36"
172.31.238.200 - - [01/Jan/2016:00:00:04 +0000] "GET /axis2/services/WebFilteringService/getCategoryByUrl?app=chrome_antiporn&ver=0.19.7.1&url=https%3A//tata.static.ninjasaga.com/swf/3.2.00543/swf/items/wpn_1025.swf HTTP/1.1" 200 133 "-" "Mozilla/5.0 (Windows NT 6.1; WOW64) AppleWebKit/537.36 (KHTML, like Gecko) Chrome/47.0.2526.106 Safari/537.36"
172.31.38.136 - - [01/Jan/2016:00:00:05 +0000] "GET /axis2/services/WebFilteringService/getCategoryByUrl?app=chrome_antiporn&ver=0.19.7.1&url=https%3A//s.ytimg.com/yts/img/favicon_32-vfl8NGn4k.png HTTP/1.1" 200 133 "-" "Mozilla/5.0 (Windows NT 6.1; WOW64) AppleWebKit/537.36 (KHTML, like Gecko) Chrome/47.0.2526.106 Safari/537.36"
172.31.38.136 - - [01/Jan/2016:00:00:05 +0000] "GET /axis2/services/WebFilteringService/getCategoryByUrl?app=chrome_antiporn&ver=0.19.7.1&url=https%3A//s.ytimg.com/yts/img/favicon_32-vfl8NGn4k.png HTTP/1.1" 200 133 "-" "Mozilla/5.0 (Windows NT 6.1) AppleWebKit/537.36 (KHTML, like Gecko) Chrome/47.0.2526.106 Safari/537.36"
172.31.238.200 - - [01/Jan/2016:00:00:04 +0000] "GET /axis2/services/WebFilteringService/getCategoryByUrl?app=chrome_antiporn&ver=0.19.7.1&url=https%3A//s.ytimg.com/yts/img/favicon_144-vflWmzoXw.png HTTP/1.1" 200 133 "-" "Mozilla/5.0 (Windows NT 6.1; WOW64) AppleWebKit/537.36 (KHTML, like Gecko) Chrome/47.0.2526.106 Safari/537.36"
172.31.38.136 - - [01/Jan/2016:00:00:05 +0000] "GET /axis2/services/WebFilteringService/getCategoryByUrl?app=firefox_AntiPorn&ver=0.19.6.9&url=https%3A%2F%2Fwww.blogger.com%2Fswitch-profile.g HTTP/1.1" 200 133 "-" "Mozilla/5.0 (Windows NT 10.0; WOW64; rv:43.0) Gecko/20100101 Firefox/43.0"
172.31.238.200 - - [01/Jan/2016:00:00:04 +0000] "GET /axis2/services/WebFilteringService/getCategoryByUrl?app=chrome_webfilter&ver=0.19.7.1&url=https%3A//s.ytimg.com/yts/img/favicon_32-vfl8NGn4k.png HTTP/1.1" 200 133 "-" "Mozilla/5.0 (Windows NT 6.2) AppleWebKit/537.36 (KHTML, like Gecko) Chrome/47.0.2526.106 Safari/537.36"
172.31.38.136 - - [01/Jan/2016:00:00:05 +0000] "GET /axis2/services/WebFilteringService/getCategoryByUrl?app=chrome_antiporn&ver=0.19.7.1&url=http%3A//cache.btrll.com/default/Pix-1x1.gif HTTP/1.1" 200 133 "-" "Mozilla/5.0 (X11; CrOS x86_64 7520.63.0) AppleWebKit/537.36 (KHTML, like Gecko) Chrome/47.0.2526.106 Safari/537.36"
172.31.238.200 - - [01/Jan/2016:00:00:04 +0000] "GET /webapi/getcategory?uri=www.privada.me&key=d647fe2a-2193-4c2d-8cad-38e78316d020 HTTP/1.1" 200 86 "-" "Apache-HttpClient/UNAVAILABLE (java 1.4)"
172.31.38.136 - - [01/Jan/2016:00:00:05 +0000] "GET /axis2/services/WebFilteringService/getCategoryByUrl?app=chrome_antiporn&ver=0.19.7.1&url=https%3A//video-mia1-1.xx.fbcdn.net/hvideo-xap1/v/t42.1790-2/10646001_1112142568797959_195449448_n.mp4%3Fefg%3DeyJybHIiOjMwNCwicmxhIjo1MTIsInZlbmNvZGVfdGFnIjoic3ZlX3NkIn0%253D%26rl%3D304%26vabr%3D169%26oh%3Dab883c5c47fdc5c37290e4f8c0b1ba42%26oe%3D5685EF52 HTTP/1.1" 200 133 "-" "Mozilla/5.0 (Windows NT 6.3; WOW64) AppleWebKit/537.36 (KHTML, like Gecko) Chrome/47.0.2526.106 Safari/537.36"
172.31.38.136 - - [01/Jan/2016:00:00:05 +0000] "GET /axis2/services/WebFilteringService/getCategoryByUrl?app=chrome_antiporn&ver=0.19.7.1&url=https%3A//fbcdn-video-i-a.akamaihd.net/hvideo-ak-xat1/v/t42.4659-2/1031396_1027688053961309_1213822987_n.mp4%3Foh%3D3ad85710c7b768f197d58f3ba9f227a6%26oe%3D568607CC%26__gda__%3D1451620647_33e94d6b2cf5cfc2f49080eb009ff054 HTTP/1.1" 200 133 "-" "Mozilla/5.0 (Windows NT 6.1; WOW64) AppleWebKit/537.36 (KHTML, like Gecko) Chrome/47.0.2526.106 Safari/537.36"
172.31.238.200 - - [01/Jan/2016:00:00:04 +0000] "GET /axis2/services/WebFilteringService/getCategoryByUrl?app=chrome_antiporn&ver=0.19.7.1&url=https%3A//s.ytimg.com/yts/img/favicon_144-vflWmzoXw.png HTTP/1.1" 200 133 "-" "Mozilla/5.0 (Windows NT 6.1; WOW64) AppleWebKit/537.36 (KHTML, like Gecko) Chrome/47.0.2526.106 Safari/537.36"
172.31.238.200 - - [01/Jan/2016:00:00:04 +0000] "GET /axis2/services/WebFilteringService/getCategoryByUrl?app=chrome_antiporn&ver=0.19.7.1&url=https%3A//zdnfarmtwo3-a.akamaihd.net/assets/animals/cow/braunvieh/icon_cow_adult_braunvieh_128-bc6757d4ff9902567ebcd87333ba702e.jxr HTTP/1.1" 200 133 "-" "Mozilla/5.0 (Windows NT 6.3; WOW64) AppleWebKit/537.36 (KHTML, like Gecko) Chrome/47.0.2526.106 Safari/537.36"
172.31.38.136 - - [01/Jan/2016:00:00:05 +0000] "GET /axis2/services/WebFilteringService/getCategoryByUrl?app=chrome_antiporn&ver=0.19.7.1&url=https%3A//s.ytimg.com/yts/img/favicon_96-vfldSA3ca.png HTTP/1.1" 200 133 "-" "Mozilla/5.0 (Windows NT 6.1) AppleWebKit/537.36 (KHTML, like Gecko) Chrome/46.0.2490.86 Safari/537.36"
172.31.38.136 - - [01/Jan/2016:00:00:05 +0000] "GET /axis2/services/WebFilteringService/getCategoryByUrl?app=chrome_antiporn&ver=0.19.7.1&url=https%3A//s.ytimg.com/yts/img/favicon_96-vfldSA3ca.png HTTP/1.1" 200 133 "-" "Mozilla/5.0 (Windows NT 6.1; WOW64) AppleWebKit/537.36 (KHTML, like Gecko) Chrome/47.0.2526.106 Safari/537.36"
172.31.238.200 - - [01/Jan/2016:00:00:04 +0000] "GET /axis2/services/WebFilteringService/getCategoryByUrl?app=chrome_antiporn&ver=0.19.7.1&url=https%3A//s.ytimg.com/yts/img/favicon_144-vflWmzoXw.png HTTP/1.1" 200 133 "-" "Mozilla/5.0 (Windows NT 6.1) AppleWebKit/537.36 (KHTML, like Gecko) Chrome/47.0.2526.106 Safari/537.36"
172.31.38.136 - - [01/Jan/2016:00:00:05 +0000] "GET /axis2/services/WebFilteringService/getCategoryByUrl?app=chrome_webfilter&ver=0.19.7.1&url=https%3A//billing.softnyx.com/Charge/FreeOfferVideo.aspx HTTP/1.1" 200 133 "-" "Mozilla/5.0 (Windows NT 5.1) AppleWebKit/537.36 (KHTML, like Gecko) Chrome/46.0.2490.80 Safari/537.36"
172.31.238.200 - - [01/Jan/2016:00:00:04 +0000] "GET /axis2/services/WebFilteringService/getCategoryByUrl?app=chrome_antiporn&ver=0.19.7.1&url=http%3A//hds2.pro12.lv3.hbogo.com/videos/PRO12/e3/hbo/feature/13439/hbo_534955_PRO12_f4m/hbo_534955_PRO12_eng_aac_128-Seg1-Frag118 HTTP/1.1" 200 133 "-" "Mozilla/5.0 (Windows NT 6.1; WOW64) AppleWebKit/537.36 (KHTML, like Gecko) Chrome/47.0.2526.106 Safari/537.36"
172.31.238.200 - - [01/Jan/2016:00:00:04 +0000] "GET /axis2/services/WebFilteringService/getCategoryByIP?app=chrome_antiporn&ver=0.19.7.1&url=http%3A//96.7.48.165/idle/KnumVWknyRSEy6rZ/2397 HTTP/1.1" 200 132 "-" "Mozilla/5.0 (Windows NT 6.1; WOW64) AppleWebKit/537.36 (KHTML, like Gecko) Chrome/47.0.2526.106 Safari/537.36"
172.31.38.136 - - [01/Jan/2016:00:00:05 +0000] "GET /axis2/services/WebFilteringService/getCategoryByUrl?app=chrome_antiporn&ver=0.19.7.1&url=https%3A//secure.capitalone360.com/myaccount/banking/accountTransactions%3Finitialize%3Dtrue%26displayNumber%3D1%26 HTTP/1.1" 200 133 "-" "Mozilla/5.0 (Windows NT 10.0; WOW64) AppleWebKit/537.36 (KHTML, like Gecko) Chrome/47.0.2526.106 Safari/537.36"
172.31.38.136 - - [01/Jan/2016:00:00:05 +0000] "GET /axis2/services/WebFilteringService/getCategoryByUrl?app=chrome_antiporn&ver=0.19.7.1&url=https%3A//s.ytimg.com/yts/img/favicon_144-vflWmzoXw.png HTTP/1.1" 200 133 "-" "Mozilla/5.0 (Windows NT 6.1) AppleWebKit/537.36 (KHTML, like Gecko) Chrome/47.0.2526.106 Safari/537.36"
172.31.238.200 - - [01/Jan/2016:00:00:05 +0000] "GET /axis2/services/WebFilteringService/getCategoryByUrl?app=firefox_AntiPorn&ver=0.19.6.9&url=http%3A%2F%2Fedicionimpresa.laprensalara.com.ve%2Fportal_emision%2Fmenu_contenido.asp HTTP/1.1" 200 133 "-" "Mozilla/5.0 (Windows NT 6.1; rv:43.0) Gecko/20100101 Firefox/43.0"
172.31.38.136 - - [01/Jan/2016:00:00:05 +0000] "GET /axis2/services/WebFilteringService/getCategoryByUrl?app=chrome_antiporn&ver=0.19.7.1&url=https%3A//s.ytimg.com/yts/img/favicon_48-vfl1s0rGh.png HTTP/1.1" 200 133 "-" "Mozilla/5.0 (Windows NT 6.1) AppleWebKit/537.36 (KHTML, like Gecko) Chrome/47.0.2526.106 Safari/537.36"
