172.31.38.136 - - [01/Jan/2016:00:00:00 +0000] "GET /axis2/services/WebFilteringService/getCategoryByUrl?app=chrome_antiporn&ver=0.19.7.1&url=https%3A//cdn.slashkey.com/flash/farm/libs/0709-170243/assets/crops/pumpkin.swf HTTP/1.1" 200 133 "-" "Mozilla/5.0 (Windows NT 6.1; WOW64) AppleWebKit/537.36 (KHTML, like Gecko) Chrome/47.0.2526.106 Safari/537.36"
172.31.238.200 - - [01/Jan/2016:00:00:00 +0000] "GET /axis2/services/WebFilteringService/getCategoryByUrl?app=chrome_antiporn&ver=0.19.7.1&url=https%3A//video-mia1-1.xx.fbcdn.net/hvideo-xlf1/v/t42.1790-2/12458446_464332497086064_1392055431_n.mp4%3Fefg%3DeyJybHIiOjM3MiwicmxhIjo1MTIsInZlbmNvZGVfdGFnIjoic3ZlX3NkIn0%253D%26rl%3D372%26vabr%3D207%26oh%3D96c0b9c0059fef0465f8bbefd192fcf3%26oe%3D5685F8D4 HTTP/1.1" 200 133 "-" "Mozilla/5.0 (Windows NT 6.1; Win64; x64) AppleWebKit/537.36 (KHTML, like Gecko) Chrome/46.0.2490.22 Safari/537.36"
172.31.238.200 - - [01/Jan/2016:00:00:00 +0000] "GET /axis2/services/WebFilteringService/getCategoryByUrl?app=chrome_antiporn&ver=0.19.7.1&url=http%3A//hds2.pro12.lv3.hbogo.com/videos/PRO12/e3/hbo/feature/13439/hbo_534955_PRO12_f4m/hbo_534955_PRO12_eng_aac_128-Seg1-Frag107 HTTP/1.1" 200 133 "-" "Mozilla/5.0 (Windows NT 6.1; WOW64) AppleWebKit/537.36 (KHTML, like Gecko) Chrome/47.0.2526.106 Safari/537.36"
172.31.38.136 - - [01/Jan/2016:00:00:00 +0000] "GET /axis2/services/WebFilteringService/getCategoryByUrl?app=chrome_antiporn&ver=0.19.7.1&url=https%3A//default01.static.socialpointgames.com/static/dragoncity/assets/sprites/1085_dragon_air_3.swf HTTP/1.1" 200 133 "-" "Mozilla/5.0 (Windows NT 6.1) AppleWebKit/537.36 (KHTML, like Gecko) Chrome/47.0.2526.106 Safari/537.36"
172.31.238.200 - - [01/Jan/2016:00:00:00 +0000] "GET /webapi/getcategory?uri=mobile.facebook.com&key=d647fe2a-2193-4c2d-8cad-38e78316d020 HTTP/1.1" 200 71 "-" "Apache-HttpClient/UNAVAILABLE (java 1.4)"
172.31.38.136 - - [01/Jan/2016:00:00:00 +0000] "GET /webapi/getcategory?uri=worldbox.pl&key=d647fe2a-2193-4c2d-8cad-38e78316d020 HTTP/1.1" 200 59 "-" "Apache-HttpClient/UNAVAILABLE (java 1.4)"
172.31.238.200 - - [01/Jan/2016:00:00:00 +0000] "GET /axis2/services/WebFilteringService/getCategoryByUrl?app=chrome_antiporn&ver=0.19.7.1&url=https%3A//cdn01.x-plarium.com/sparta/content/sector/decor/0/decor11_2x2.swf HTTP/1.1" 200 133 "-" "Mozilla/5.0 (Windows NT 6.1; WOW64) AppleWebKit/537.36 (KHTML, like Gecko) Chrome/47.0.2526.106 Safari/537.36"
172.31.238.200 - - [01/Jan/2016:00:00:00 +0000] "GET /webapi/getcategory?uri=free.facebook.com&key=d647fe2a-2193-4c2d-8cad-38e78316d020 HTTP/1.1" 200 71 "-" "Apache-HttpClient/UNAVAILABLE (java 1.4)"
172.31.38.136 - - [01/Jan/2016:00:00:00 +0000] "GET /axis2/services/WebFilteringService/getCategoryByUrl?app=chrome_antiporn&ver=0.19.7.1&url=https%3A//s.ytimg.com/yts/img/favicon_144-vflWmzoXw.png HTTP/1.1" 200 133 "-" "Mozilla/5.0 (Windows NT 10.0; WOW64) AppleWebKit/537.36 (KHTML, like Gecko) Chrome/47.0.2526.106 Safari/537.36"
172.31.238.200 - - [01/Jan/2016:00:00:00 +0000] "GET /axis2/services/WebFilteringService/getCategoryByUrl?app=firefox_AntiPorn&ver=0.19.6.9&url=https%3A%2F%2Ftbc.tetrisfb.com%2F HTTP/1.1" 200 133 "-" "Mozilla/5.0 (Windows NT 6.1; WOW64; rv:40.0) Gecko/20100101 Firefox/40.0"
172.31.238.200 - - [01/Jan/2016:00:00:00 +0000] "GET /axis2/services/WebFilteringService/getCategoryByUrl?app=chrome_antiporn&ver=0.19.7.1&url=http%3A//id2.java145.come2play.com/j.java HTTP/1.1" 200 133 "-" "Mozilla/5.0 (Windows NT 6.1) AppleWebKit/537.36 (KHTML, like Gecko) Chrome/47.0.2526.106 Safari/537.36"
172.31.38.136 - - [01/Jan/2016:00:00:01 +0000] "GET /axis2/services/WebFilteringService/getCategoryByUrl?app=chrome_webfilter&ver=0.19.7.1&url=https%3A//s.ytimg.com/yts/img/favicon_48-vfl1s0rGh.png HTTP/1.1" 200 133 "-" "Mozilla/5.0 (Windows NT 6.1; WOW64) AppleWebKit/537.36 (KHTML, like Gecko) Chrome/47.0.2526.106 Safari/537.36"
172.31.238.200 - - [01/Jan/2016:00:00:00 +0000] "GET /axis2/services/WebFilteringService/getCategoryByUrl?app=firefox_AntiPorn&ver=0.19.6.9&url=https%3A%2F%2Ftbc.tetrisfb.com%2F HTTP/1.1" 200 133 "-" "Mozilla/5.0 (Windows NT 6.1; WOW64; rv:40.0) Gecko/20100101 Firefox/40.0"
172.31.38.136 - - [01/Jan/2016:00:00:01 +0000] "GET /axis2/services/WebFilteringService/getCategoryByUrl?app=chrome_antiporn&ver=0.19.7.1&url=https%3A//s.ytimg.com/yts/img/favicon_144-vflWmzoXw.png HTTP/1.1" 200 133 "-" "Mozilla/5.0 (Windows NT 6.1) AppleWebKit/537.36 (KHTML, like Gecko) Chrome/47.0.2526.106 Safari/537.36"
172.31.238.200 - - [01/Jan/2016:00:00:00 +0000] "GET /axis2/services/WebFilteringService/getCategoryByUrl?app=chrome_antiporn&ver=0.19.7.1&url=http%3A//www.youtube-mp3.org/get%3Fvideo_id%3D1FucU8iY-0s%26ts_create%3D1451606396%26r%3DMjAxLjIzMC4yNDguMTUx%26h2%3De4e73acee7c9bc5ece5f0ad11817f681%26s%3D34181 HTTP/1.1" 200 133 "-" "Mozilla/5.0 (Windows NT 6.1) AppleWebKit/537.36 (KHTML, like Gecko) Chrome/47.0.2526.106 Safari/537.36"
172.31.38.136 - - [01/Jan/2016:00:00:01 +0000] "GET /axis2/services/WebFilteringService/getCategoryByUrl?app=chrome_antiporn&ver=0.19.7.1&url=https%3A//fbcdn-creative-a.akamaihd.net/hads-ak-xpf1/v/t42.1790-4/12387296_1739426492944272_1373153616_n.mp4%3Fefg%3DeyJ2ZW5jb2RlX3RhZyI6InNkIn0%253D%26oh%3Dfbc39698989df33a9ae87ba3863d9b7d%26oe%3D5685EF67%26__gda__%3D1451617239_fca9244dde16da38c5482f133c486292 HTTP/1.1" 200 133 "-" "Mozilla/5.0 (Windows NT 6.1; WOW64) AppleWebKit/537.36 (KHTML, like Gecko) Chrome/47.0.2526.106 Safari/537.36"
172.31.38.136 - - [01/Jan/2016:00:00:01 +0000] "GET /axis2/services/WebFilteringService/getCategoryByUrl?app=chrome_antiporn&ver=0.19.7.1&url=http%3A//redir.adap.tv/redir/client/VPixel.swf HTTP/1.1" 200 133 "-" "Mozilla/5.0 (X11; CrOS x86_64 7520.63.0) AppleWebKit/537.36 (KHTML, like Gecko) Chrome/47.0.2526.106 Safari/537.36"
172.31.38.136 - - [01/Jan/2016:00:00:01 +0000] "GET /axis2/services/WebFilteringService/getCategoryByUrl?app=chrome_webfilter&ver=0.19.7.1&url=https%3A//intranet.cibertec.edu.pe/LoginIntranet/resetpassword.aspx HTTP/1.1" 200 133 "-" "Mozilla/5.0 (Windows NT 5.1) AppleWebKit/537.36 (KHTML, like Gecko) Chrome/47.0.2526.106 Safari/537.36"
172.31.238.200 - - [01/Jan/2016:00:00:00 +0000] "GET /axis2/services/WebFilteringService/getCategoryByUrl?app=chrome_antiporn&ver=0.19.7.1&url=https%3A//s.ytimg.com/yts/img/favicon_96-vfldSA3ca.png HTTP/1.1" 200 133 "-" "Mozilla/5.0 (Windows NT 6.1) AppleWebKit/537.36 (KHTML, like Gecko) Chrome/47.0.2526.106 Safari/537.36"
172.31.38.136 - - [01/Jan/2016:00:00:01 +0000] "GET /axis2/services/WebFilteringService/getCategoryByUrl?app=chrome_antiporn&ver=0.19.7.1&url=https%3A//s.ytimg.com/yts/img/favicon_32-vfl8NGn4k.png HTTP/1.1" 200 133 "-" "Mozilla/5.0 (Windows NT 6.1) AppleWebKit/537.36 (KHTML, like Gecko) Chrome/47.0.2526.106 Safari/537.36"
172.31.238.200 - - [01/Jan/2016:00:00:00 +0000] "GET /axis2/services/WebFilteringService/getCategoryByUrl?app=chrome_antiporn&ver=0.19.7.1&url=https%3A//default01.static.socialpointgames.com/static/dragoncity/assets/sprites/1530_dragon_orc_3.swf HTTP/1.1" 200 133 "-" "Mozilla/5.0 (Windows NT 6.1) AppleWebKit/537.36 (KHTML, like Gecko) Chrome/47.0.2526.106 Safari/537.36"
172.31.238.200 - - [01/Jan/2016:00:00:00 +0000] "GET /axis2/services/WebFilteringService/getCategoryByUrl?app=chrome_antiporn&ver=0.19.7.1&url=http%3A//vs-hds-uk-live.edgesuite.net/pool_4/live/bbc_one_london/bbc_one_london.isml/bbc_one_london-pa3%3D96000-video%3D1604000.bootstrap HTTP/1.1" 200 133 "-" "Mozilla/5.0 (Windows NT 6.1; WOW64) AppleWebKit/537.36 (KHTML, like Gecko) Chrome/47.0.2526.106 Safari/537.36"
172.31.238.200 - - [01/Jan/2016:00:00:00 +0000] "GET /axis2/services/WebFilteringService/getCategoryByUrl?app=chrome_antiporn&ver=0.19.7.1&url=https%3A//cdn01.x-plarium.com/sparta/content/ui/skin_parts/containers/bgOccupationSectorArrow/occupation_side.png HTTP/1.1" 200 133 "-" "Mozilla/5.0 (Windows NT 6.1; WOW64) AppleWebKit/537.36 (KHTML, like Gecko) Chrome/47.0.2526.106 Safari/537.36"
172.31.238.200 - - [01/Jan/2016:00:00:00 +0000] "GET /axis2/services/WebFilteringService/getCategoryByUrl?app=firefox_AntiPorn&ver=0.19.6.9&url=https%3A%2F%2Fwww.instagram.com%2F HTTP/1.1" 200 133 "-" "Mozilla/5.0 (Macintosh; Intel Mac OS X 10.10; rv:41.0) Gecko/20100101 Firefox/41.0"
172.31.38.136 - - [01/Jan/2016:00:00:01 +0000] "GET /axis2/services/WebFilteringService/getCategoryByUrl?app=chrome_antiporn&ver=0.19.7.1&url=https%3A//s.ytimg.com/yts/img/favicon_96-vfldSA3ca.png HTTP/1.1" 200 133 "-" "Mozilla/5.0 (Windows NT 6.1) AppleWebKit/537.36 (KHTML, like Gecko) Chrome/47.0.2526.106 Safari/537.36"
172.31.238.200 - - [01/Jan/2016:00:00:00 +0000] "GET /axis2/services/WebFilteringService/getCategoryByUrl?app=chrome_webfilter&ver=0.19.7.1&url=https%3A//s.ytimg.com/yts/img/favicon_96-vfldSA3ca.png HTTP/1.1" 200 133 "-" "Mozilla/5.0 (Windows NT 6.3; WOW64) AppleWebKit/537.36 (KHTML, like Gecko) Chrome/47.0.2526.106 Safari/537.36"
172.31.38.136 - - [01/Jan/2016:00:00:01 +0000] "GET /axis2/services/WebFilteringService/getCategoryByUrl?app=chrome_webfilter&ver=0.19.7.1&url=http%3A//sync.adaptv.advertising.com/sync%3Ftype%3Dgif%26key%3Ddataxu%26uid%3DsbqeSsmQ1A3egz5 HTTP/1.1" 200 133 "-" "Mozilla/5.0 (Windows NT 10.0; WOW64) AppleWebKit/537.36 (KHTML, like Gecko) Chrome/47.0.2526.106 Safari/537.36"
172.31.238.200 - - [01/Jan/2016:00:00:00 +0000] "GET /axis2/services/WebFilteringService/getCategoryByUrl?app=chrome_antiporn&ver=0.19.7.1&url=https%3A//fbcdn-video-e-a.akamaihd.net/hvideo-ak-xat1/v/t42.4659-2/12273353_935372693217048_882089251_n.mp4%3Foh%3Dd37bdb66bedfee38526ae847b2bf96f8%26oe%3D5685F62E%26__gda__%3D1451620350_57b596f02e8fc1ac43f70f9ea313a5e0 HTTP/1.1" 200 133 "-" "Mozilla/5.0 (Windows NT 6.2; WOW64) AppleWebKit/537.36 (KHTML, like Gecko) Chrome/47.0.2526.106 Safari/537.36"
172.31.38.136 - - [01/Jan/2016:00:00:01 +0000] "GET /axis2/services/WebFilteringService/getCategoryByUrl?app=chrome_antiporn&ver=0.19.7.1&url=https%3A//es-la.facebook.com/ HTTP/1.1" 200 133 "-" "Mozilla/5.0 (Windows NT 6.1) AppleWebKit/537.36 (KHTML, like Gecko) Chrome/47.0.2526.106 Safari/537.36"
172.31.238.200 - - [01/Jan/2016:00:00:00 +0000] "GET /axis2/services/WebFilteringService/getCategoryByUrl?app=chrome_antiporn&ver=0.19.7.1&url=https%3A//s.ytimg.com/yts/img/favicon_32-vfl8NGn4k.png HTTP/1.1" 200 133 "-" "Mozilla/5.0 (Windows NT 6.1; WOW64) AppleWebKit/537.36 (KHTML, like Gecko) Chrome/47.0.2526.106 Safari/537.36"
172.31.38.136 - - [01/Jan/2016:00:00:01 +0000] "GET /axis2/services/WebFilteringService/getCategoryByUrl?app=chrome_antiporn&ver=0.19.7.1&url=https%3A//s.ytimg.com/yts/img/favicon_144-vflWmzoXw.png HTTP/1.1" 200 133 "-" "Mozilla/5.0 (Windows NT 6.1; WOW64) AppleWebKit/537.36 (KHTML, like Gecko) Chrome/47.0.2526.106 Safari/537.36"
172.31.38.136 - - [01/Jan/2016:00:00:01 +0000] "GET /axis2/services/WebFilteringService/getCategoryByUrl?app=chrome_antiporn&ver=0.19.7.1&url=https%3A//susestudio.com/user/update_new HTTP/1.1" 200 133 "-" "Mozilla/5.0 (X11; Linux i686) AppleWebKit/537.36 (KHTML, like Gecko) Ubuntu Chromium/47.0.2526.73 Chrome/47.0.2526.73 Safari/537.36"
172.31.238.200 - - [01/Jan/2016:00:00:00 +0000] "GET /axis2/services/WebFilteringService/getCategoryByUrl?app=chrome_antiporn&ver=0.19.7.1&url=https%3A//s.ytimg.com/yts/img/favicon_144-vflWmzoXw.png HTTP/1.1" 200 133 "-" "Mozilla/5.0 (Windows NT 5.1) AppleWebKit/537.36 (KHTML, like Gecko) Chrome/47.0.2526.106 Safari/537.36"
172.31.38.136 - - [01/Jan/2016:00:00:01 +0000] "GET /axis2/services/WebFilteringService/getCategoryByUrl?app=chrome_antiporn&ver=0.19.7.1&url=http%3A//l.ooyala.com/errors/report%3Flog%3DdXJsPWh0dHAlM0ElMkYlMkZ3d3cudGVsZWdyYXBoLmNvLnVrJTJGbmV3cyUyRndvcmxkbmV3cyUyRjEyMDc0NzQ1JTJGV2F0Y2gtbGl2ZS1OZXctWWVhci1maXJld29yay1kaXNwbGF5cy1mcm9tLWFyb3VuZC10aGUtd29ybGQuaHRtbCZsb2FkPTE0NTE2MDYwMTEmcGNvZGU9UnZiR1U2Wjc0WEVfYTNiajRRd1JHQnlocTloMiZtc2c9NzQ5MDclMjBTRVZFUkUlMjAlM0UlM0UlMjBDYW4lMjBub3QlMjBpbnZva2UlMjBnZXR0ZXIlM0ElMjBpc1BsYXlpbmcmcGxheT0xMDI0ODg5ODkmcm9vdD00Mk5qZG1henA4T1BJS0pSeUNoRVN6MlJldk5xZTJhUQ%3D%3D%26ts%3D1451606400 HTTP/1.1" 200 133 "-" "Mozilla/5.0 (X11; CrOS x86_64 7520.63.0) AppleWebKit/537.36 (KHTML, like Gecko) Chrome/47.0.2526.106 Safari/537.36"
172.31.38.136 - - [01/Jan/2016:00:00:01 +0000] "GET /axis2/services/WebFilteringService/getCategoryByUrl?app=chrome_webfilter&ver=0.19.7.1&url=https%3A//s.ytimg.com/yts/img/favicon_48-vfl1s0rGh.png HTTP/1.1" 200 133 "-" "Mozilla/5.0 (Windows NT 6.3; WOW64) AppleWebKit/537.36 (KHTML, like Gecko) Chrome/47.0.2526.106 Safari/537.36"
172.31.238.200 - - [01/Jan/2016:00:00:00 +0000] "GET /webapi/getcategory?uri=ro.xo321.com&key=d647fe2a-2193-4c2d-8cad-38e78316d020 HTTP/1.1" 200 84 "-" "Apache-HttpClient/UNAVAILABLE (java 1.4)"
172.31.238.200 - - [01/Jan/2016:00:00:00 +0000] "GET /axis2/services/WebFilteringService/getCategoryByIP?app=chrome_antiporn&ver=0.19.7.1&url=http%3A//96.7.48.165/idle/KnumVWknyRSEy6rZ/2393 HTTP/1.1" 200 132 "-" "Mozilla/5.0 (Windows NT 6.1; WOW64) AppleWebKit/537.36 (KHTML, like Gecko) Chrome/47.0.2526.106 Safari/537.36"
172.31.38.136 - - [01/Jan/2016:00:00:01 +0000] "GET /axis2/services/WebFilteringService/getCategoryByUrl?app=chrome_antiporn&ver=0.19.7.1&url=https%3A//www.facebook.com/help/contact/914197401995989 HTTP/1.1" 200 133 "-" "Mozilla/5.0 (Windows NT 6.1) AppleWebKit/537.36 (KHTML, like Gecko) Chrome/47.0.2526.106 Safari/537.36"
172.31.238.200 - - [01/Jan/2016:00:00:00 +0000] "GET /axis2/services/WebFilteringService/getCategoryByUrl?app=chrome_antiporn&ver=0.19.7.1&url=https%3A//cdn01.x-plarium.com/sparta/content/ui/skin_parts/buttons/button_red/l_up_corner.jpg HTTP/1.1" 200 133 "-" "Mozilla/5.0 (Windows NT 6.1; WOW64) AppleWebKit/537.36 (KHTML, like Gecko) Chrome/47.0.2526.106 Safari/537.36"
172.31.238.200 - - [01/Jan/2016:00:00:00 +0000] "GET /axis2/services/WebFilteringService/getCategoryByUrl?app=chrome_antiporn&ver=0.19.7.1&url=http%3A//static.poptropica.com/game/assets/entity/character/mouth/17.swf HTTP/1.1" 200 133 "-" "Mozilla/5.0 (Windows NT 10.0; WOW64) AppleWebKit/537.36 (KHTML, like Gecko) Chrome/47.0.2526.106 Safari/537.36"
172.31.38.136 - - [01/Jan/2016:00:00:01 +0000] "GET /axis2/services/WebFilteringService/getCategoryByUrl?app=chrome_antiporn&ver=0.19.7.1&url=http%3A//www.crunchyroll.com/xml/%3Freq%3DRpcApiVideoPlayer_GetStandardConfig%26media_id%3D585046%26video_format%3D106%26video_quality%3D60%26auto_play%3D1%26aff%3Dcrunchyroll-website%26show_pop_out_controls%3D1%26pop_out_disable_message%3DOnly+Premium+and+Premium%252B+Members+can+pop+out+this+video.+Get+your+membership+today%2521%26click_through%3D0 HTTP/1.1" 200 133 "-" "Mozilla/5.0 (Windows NT 10.0; WOW64) AppleWebKit/537.36 (KHTML, like Gecko) Chrome/47.0.2526.106 Safari/537.36"
172.31.238.200 - - [01/Jan/2016:00:00:00 +0000] "GET /axis2/services/WebFilteringService/getCategoryByUrl?app=chrome_antiporn&ver=0.19.7.1&url=http%3A//video-edge-49a790.iad02.hls.ttvnw.net/hls-80ecec/vargskelethor_18591423904_374130221/chunked/py-index-live.m3u8%3Ftoken%3Did%3D7063593712046114146%2Cbid%3D18591423904%2Cexp%3D1451689918%2Cnode%3Dvideo-edge-49a790-1.iad02.hls.justin.tv%2Cnname%3Dvideo-edge-49a790.iad02%2Cfmt%3Dchunked%26sig%3D617d6f07a92863b25bd679a5313a071927ac2982 HTTP/1.1" 200 134 "-" "Mozilla/5.0 (Windows NT 6.1; WOW64) AppleWebKit/537.36 (KHTML, like Gecko) Chrome/47.0.2526.106 Safari/537.36"
172.31.238.200 - - [01/Jan/2016:00:00:00 +0000] "GET /axis2/services/WebFilteringService/getCategoryByUrl?app=firefox_AntiPorn&ver=0.19.6.9&url=https%3A%2F%2Fgoogleads.g.doubleclick.net%2Fpagead%2Fhtml%2Fr20151208%2Fr20151221%2Fzrt_lookup.html HTTP/1.1" 200 133 "-" "Mozilla/5.0 (Windows NT 6.1; rv:35.0) Gecko/20100101 Firefox/35.0"
172.31.38.136 - - [01/Jan/2016:00:00:01 +0000] "GET /axis2/services/WebFilteringService/getCategoryByUrl?app=chrome_antiporn&ver=0.19.7.1&url=https%3A//default01.static.socialpointgames.com/static/dragoncity/assets/sprites/1625_dragon_grinch_3.swf HTTP/1.1" 200 133 "-" "Mozilla/5.0 (Windows NT 6.1) AppleWebKit/537.36 (KHTML, like Gecko) Chrome/47.0.2526.106 Safari/537.36"
172.31.238.200 - - [01/Jan/2016:00:00:00 +0000] "GET /axis2/services/WebFilteringService/getCategoryByUrl?app=chrome_antiporn&ver=0.19.7.1&url=https%3A//maa0-a.akamaihd.net/marvelshield/production_n7/ac/20151223111838/fs/dzh0001.swf HTTP/1.1" 200 133 "-" "Mozilla/5.0 (Windows NT 6.1; Win64; x64) AppleWebKit/537.36 (KHTML, like Gecko) Chrome/38.0.2125.104 Safari/537.36"
172.31.38.136 - - [01/Jan/2016:00:00:01 +0000] "GET /axis2/services/WebFilteringService/getCategoryByUrl?app=chrome_antiporn&ver=0.19.7.1&url=https%3A//fbcdn-profile-a.akamaihd.net/hprofile-ak-xta1/v/t1.0-1/p50x50/10629831_821025177927750_7006901365296563165_n.jpg%3Foh%3D43536fca1c15e282dff5623a8b40a8c9%26oe%3D57043EF4%26__gda__%3D1460996613_a7c749723fae591c7e6a01ab1c061c1a HTTP/1.1" 200 133 "-" "Mozilla/5.0 (Windows NT 6.1; Win64; x64) AppleWebKit/537.36 (KHTML, like Gecko) Chrome/38.0.2125.104 Safari/537.36"
172.31.238.200 - - [01/Jan/2016:00:00:00 +0000] "GET /axis2/services/WebFilteringService/getCategoryByUrl?app=chrome_webfilter&ver=0.19.7.1&url=http%3A//conservativetribune.com/filmmaker-hilary-panic-clip/%3Futm_source%3DFacebook%26utm_medium%3DPostSideSharingButtons%26utm_content%3D2015-12-25%26utm_campaign%3Dwebsitesharingbuttons HTTP/1.1" 200 134 "-" "Mozilla/5.0 (Windows NT 6.1; WOW64) AppleWebKit/537.36 (KHTML, like Gecko) Chrome/47.0.2526.106 Safari/537.36"
172.31.238.200 - - [01/Jan/2016:00:00:00 +0000] "GET /axis2/services/WebFilteringService/getCategoryByUrl?app=chrome_antiporn&ver=0.19.7.1&url=https%3A//fonts.gstatic.com/l/font%3Fkit%3DMD9mg8Cy2AOZQTj1RMSKultXRa8TVwTICgirnJhmVJw%26skey%3D6830e38320d5ad43 HTTP/1.1" 200 133 "-" "Mozilla/5.0 (Windows NT 6.1; WOW64) AppleWebKit/537.36 (KHTML, like Gecko) Chrome/47.0.2526.106 Safari/537.36"
172.31.238.200 - - [01/Jan/2016:00:00:00 +0000] "GET /webapi/getcategory?uri=l.e.superprize.pch.com&key=d647fe2a-2193-4c2d-8cad-38e78316d020 HTTP/1.1" 200 69 "-" "Apache-HttpClient/UNAVAILABLE (java 1.4)"
172.31.38.136 - - [01/Jan/2016:00:00:01 +0000] "GET /axis2/services/WebFilteringService/getCategoryByUrl?app=chrome_antiporn&ver=0.19.7.1&url=https%3A//s-ak.kobojo.com/mutants/assets/inbox/custom_askpvpassist.png HTTP/1.1" 200 133 "-" "Mozilla/5.0 (Windows NT 6.3; WOW64) AppleWebKit/537.36 (KHTML, like Gecko) Chrome/47.0.2526.106 Safari/537.36"
172.31.238.200 - - [01/Jan/2016:00:00:00 +0000] "GET /axis2/services/WebFilteringService/getCategoryByUrl?app=chrome_antiporn&ver=0.19.7.1&url=https%3A//s.ytimg.com/yts/img/favicon_96-vfldSA3ca.png HTTP/1.1" 200 133 "-" "Mozilla/5.0 (Windows NT 5.1) AppleWebKit/537.36 (KHTML, like Gecko) Chrome/47.0.2526.106 Safari/537.36"
172.31.238.200 - - [01/Jan/2016:00:00:00 +0000] "GET /axis2/services/WebFilteringService/getCategoryByUrl?app=chrome_antiporn&ver=0.19.7.1&url=https%3A//widget.crowdynews.com/widget/font/fontello.woff%3F29794035 HTTP/1.1" 200 133 "-" "Mozilla/5.0 (Windows NT 6.1; WOW64) AppleWebKit/537.36 (KHTML, like Gecko) Chrome/47.0.2526.106 Safari/537.36"
172.31.38.136 - - [01/Jan/2016:00:00:01 +0000] "GET /axis2/services/WebFilteringService/getCategoryByUrl?app=chrome_webfilter&ver=0.19.7.1&url=http%3A//mm-a.akamaihd.net/flashsn/assets/cn/img/icon/baby_skill/12.png HTTP/1.1" 200 133 "-" "Mozilla/5.0 (X11; CrOS armv7l 7520.63.0) AppleWebKit/537.36 (KHTML, like Gecko) Chrome/47.0.2526.106 Safari/537.36"
172.31.238.200 - - [01/Jan/2016:00:00:00 +0000] "GET /axis2/services/WebFilteringService/getCategoryByUrl?app=chrome_antiporn&ver=0.19.7.1&url=https%3A//fonts.gstatic.com/s/ubuntu/v8/M-Ii49WH_TYYnOjQyLgTMBJtnKITppOI_IvcXXDNrsc.woff2 HTTP/1.1" 200 133 "-" "Mozilla/5.0 (Windows NT 6.1; WOW64) AppleWebKit/537.36 (KHTML, like Gecko) Chrome/47.0.2526.106 Safari/537.36"
172.31.38.136 - - [01/Jan/2016:00:00:01 +0000] "GET /axis2/services/WebFilteringService/getCategoryByUrl?app=chrome_antiporn&ver=0.19.7.1&url=https%3A//s.ytimg.com/yts/img/favicon_96-vfldSA3ca.png HTTP/1.1" 200 133 "-" "Mozilla/5.0 (Windows NT 6.1) AppleWebKit/537.36 (KHTML, like Gecko) Chrome/47.0.2526.106 Safari/537.36"
172.31.38.136 - - [01/Jan/2016:00:00:01 +0000] "GET /axis2/services/WebFilteringService/getCategoryByUrl?app=chrome_webfilter&ver=0.19.7.1&url=https%3A//mcf-static-s1.socialpointgames.com/static/monstercity/assets/thumbs/legendary_fire_superfire_3_v3.jpg HTTP/1.1" 200 133 "-" "Mozilla/5.0 (Windows NT 6.1) AppleWebKit/537.36 (KHTML, like Gecko) Chrome/47.0.2526.106 Safari/537.36"
172.31.238.200 - - [01/Jan/2016:00:00:00 +0000] "GET /axis2/services/WebFilteringService/getCategoryByUrl?app=chrome_antiporn&ver=0.19.7.1&url=https%3A//mcf-static-s1.socialpointgames.com/static/monstercity/assets/sounds/29_mc_noeffect.mp3 HTTP/1.1" 200 133 "-" "Mozilla/5.0 (Windows NT 6.1) AppleWebKit/537.36 (KHTML, like Gecko) Chrome/47.0.2526.106 Safari/537.36"
172.31.238.200 - - [01/Jan/2016:00:00:00 +0000] "GET /axis2/services/WebFilteringService/getCategoryByUrl?app=chrome_antiporn&ver=0.19.7.1&url=https%3A//mcf-static-s1.socialpointgames.com/static/monstercity/assets/sounds/30_mc_recharge.mp3 HTTP/1.1" 200 133 "-" "Mozilla/5.0 (Windows NT 6.1) AppleWebKit/537.36 (KHTML, like Gecko) Chrome/47.0.2526.106 Safari/537.36"
172.31.238.200 - - [01/Jan/2016:00:00:00 +0000] "GET /axis2/services/WebFilteringService/getCategoryByUrl?app=firefox_WebFilter&ver=0.19.6.9&url=https%3A%2F%2Fdub111.mail.live.com%2Fmail%2FRteFrameResources.aspx HTTP/1.1" 200 133 "-" "Mozilla/5.0 (Windows NT 6.1; rv:43.0) Gecko/20100101 Firefox/43.0"
172.31.38.136 - - [01/Jan/2016:00:00:01 +0000] "GET /axis2/services/WebFilteringService/getCategoryByUrl?app=chrome_webfilter&ver=0.19.7.1&url=http%3A//fonts.gstatic.com/s/opensans/v13/k3k702ZOKiLJc3WVjuplzD0LW-43aMEzIO6XUTLjad8.woff2 HTTP/1.1" 200 133 "-" "Mozilla/5.0 (Windows NT 6.1; WOW64) AppleWebKit/537.36 (KHTML, like Gecko) Chrome/47.0.2526.106 Safari/537.36"
172.31.238.200 - - [01/Jan/2016:00:00:00 +0000] "GET /axis2/services/WebFilteringService/getCategoryByUrl?app=chrome_webfilter&ver=0.19.7.1&url=http%3A//www.pedalpower.org.au/cycling-events/twilight-ride-4/ HTTP/1.1" 200 134 "-" "Mozilla/5.0 (Windows NT 5.1) AppleWebKit/537.36 (KHTML, like Gecko) Chrome/47.0.2526.106 Safari/537.36"
172.31.38.136 - - [01/Jan/2016:00:00:01 +0000] "GET /webapi/getcategory?uri=m.facebook.com&key=d647fe2a-2193-4c2d-8cad-38e78316d020 HTTP/1.1" 200 71 "-" "Apache-HttpClient/UNAVAILABLE (java 1.4)"
172.31.238.200 - - [01/Jan/2016:00:00:00 +0000] "GET /axis2/services/WebFilteringService/getCategoryByUrl?app=chrome_antiporn&ver=0.19.7.1&url=https%3A//s.ytimg.com/yts/img/favicon_32-vfl8NGn4k.png HTTP/1.1" 200 133 "-" "Mozilla/5.0 (Windows NT 6.1) AppleWebKit/537.36 (KHTML, like Gecko) Chrome/47.0.2526.106 Safari/537.36"
172.31.38.136 - - [01/Jan/2016:00:00:01 +0000] "GET /axis2/services/WebFilteringService/getCategoryByUrl?app=chrome_antiporn&ver=0.19.7.1&url=http%3A//c742ee0d-lp-live.ums.ustream.tv/1/ustream%3Fapplication%3Dchannel%26media%3D9408562%26format%3Djson%26connectionId%3Date0l7i45f76ipbr43u2e641cj HTTP/1.1" 200 133 "-" "Mozilla/5.0 (Windows NT 6.3) AppleWebKit/537.36 (KHTML, like Gecko) Chrome/47.0.2526.106 Safari/537.36"
172.31.238.200 - - [01/Jan/2016:00:00:00 +0000] "GET /axis2/services/WebFilteringService/getCategoryByUrl?app=firefox_AntiPorn&ver=0.19.6.9&url=http%3A%2F%2Fchicago.cbslocal.com%2F2015%2F12%2F31%2Fdemonstrators-hope-2016-will-be-less-violent-in-chicago%2F HTTP/1.1" 200 133 "-" "Mozilla/5.0 (Windows NT 6.1; WOW64; rv:43.0) Gecko/20100101 Firefox/43.0"
172.31.38.136 - - [01/Jan/2016:00:00:01 +0000] "GET /axis2/services/WebFilteringService/getCategoryByUrl?app=chrome_antiporn&ver=0.19.7.1&url=http%3A//www.google.com.pe/favicon.ico HTTP/1.1" 200 133 "-" "Mozilla/5.0 (Windows NT 5.1) AppleWebKit/537.36 (KHTML, like Gecko) Chrome/47.0.2526.106 Safari/537.36"
172.31.238.200 - - [01/Jan/2016:00:00:00 +0000] "GET /axis2/services/WebFilteringService/getCategoryByUrl?app=chrome_antiporn&ver=0.19.7.1&url=http%3A//ads.adaptv.advertising.com/a/h/_TUDADrgfgTipQdboQY4cwN6BXBqGGDI%3Fcb%3D1451606279%26pageUrl%3Dhttp%253A%252F%252Fwww.minecraftforum.net%252Fforums%252Fmapping-and-modding%252Fminecraft-mods%252F1291396-sildurs-shaders-pc-mac-intel-update-10-27-12-15%26description%3DLife%252BTherapy%252BSeries%252B-%252BThe%252BCure%252Bto%252BOvereating%26duration%3D86%26id%3Dthe_cure_to_overeating%26title%3DHealth%252B-%252BThe%252BCure%252Bto%252BOvereating%26url%3Dhttps%253A%252F%252Fvideo.sekindo.com%252Fuploads%252Fvideo%252Fthe_cure_to_overeating_mini.mp4%26keywords%3DVIDEO_KEYWORDS%26eov%3Deov%26a.cluster%3D0%26a.pvt%3D0%26a.hasAppInfo%3D2%26companionId%3D%26a.rid%3D%26a.d.pageUrl%3Dhttp%253A%252F%252Fwww.minecraftforum.net%252Fforums%252Fmapping-and-modding%252Fminecraft-mods%252F1291396-sildurs-shaders-pc-mac-intel-update-10-27-12-15%26referrerUrl%3Dhttps%253A%252F%252Fwww.google.com.mx%252F%26pageUrlOv%3D%26depth%3D0%26a.sdk%3Dadaptv%26p.vw.callbackTime%3D1451606394925%26p.vw.domId%3DflashObjSekindoSPlayer22825%26p.vw.framerate%3D-1%26p.vw.area%3D75000%26a.sdkType%3Dflash%26p.vw.viewableOpportunity%3D-1%26p.vw.hasFocus%3D0%26p.vw.viewable%3D-1%26p.appListTime%3D1451606392350%26p.vw.active%3D0%26p.vw.geometric%3D0%26p.vw.psize%3D1%26height%3D250%26width%3D300 HTTP/1.1" 200 133 "-" "Mozilla/5.0 (Windows NT 10.0; Win64; x64) AppleWebKit/537.36 (KHTML, like Gecko) Chrome/47.0.2526.106 Safari/537.36"
172.31.38.136 - - [01/Jan/2016:00:00:01 +0000] "GET /axis2/services/WebFilteringService/getCategoryByUrl?app=chrome_webfilter&ver=0.19.7.1&url=http%3A//bd0dc.v.fwmrm.net/ad/l/1%3Fs%3Db159%26n%3D87146%253B87146%253B94047%253B193466%253B379619%26t%3D1451606377981116014%26f%3D%26cn%3DslotEnd%26et%3Di%26tpos%3D0%26init%3D1%26slid%3D1%26cr%3Dhttp%253A%252F%252Fbd0dc.v.fwmrm.net%252Fad%252Fl%252F1%253Fs%253Db159%2526n%253D87146%25253B87146%25253B94047%25253B193466%25253B379619%2526t%253D1451606377981116014%2526f%253D%2526cn%253DslotEnd%2526et%253Di%2526tpos%253D0%2526init%253D1%2526slid%253D0 HTTP/1.1" 200 133 "-" "Mozilla/5.0 (Macintosh; Intel Mac OS X 10_10_5) AppleWebKit/537.36 (KHTML, like Gecko) Chrome/44.0.2403.89 Safari/537.36"
172.31.238.200 - - [01/Jan/2016:00:00:00 +0000] "GET /axis2/services/WebFilteringService/getCategoryByUrl?app=chrome_antiporn&ver=0.19.7.1&url=https%3A//s.ytimg.com/yts/img/favicon_96-vfldSA3ca.png HTTP/1.1" 200 133 "-" "Mozilla/5.0 (Windows NT 6.1) AppleWebKit/537.36 (KHTML, like Gecko) Chrome/47.0.2526.106 Safari/537.36"
172.31.38.136 - - [01/Jan/2016:00:00:01 +0000] "GET /axis2/services/WebFilteringService/getCategoryByUrl?app=chrome_antiporn&ver=0.19.7.1&url=https%3A//cdn.slashkey.com/flash/farm/libs/0709-170243/assets/crops/peas.swf HTTP/1.1" 200 133 "-" "Mozilla/5.0 (Windows NT 6.1; WOW64) AppleWebKit/537.36 (KHTML, like Gecko) Chrome/47.0.2526.106 Safari/537.36"
172.31.238.200 - - [01/Jan/2016:00:00:00 +0000] "GET /axis2/services/WebFilteringService/getCategoryByUrl?app=chrome_antiporn&ver=0.19.7.1&url=https%3A//s.ytimg.com/yts/img/favicon_32-vfl8NGn4k.png HTTP/1.1" 200 133 "-" "Mozilla/5.0 (Windows NT 6.1; WOW64) AppleWebKit/537.36 (KHTML, like Gecko) Chrome/44.0.2403.155 Safari/537.36"
172.31.38.136 - - [01/Jan/2016:00:00:01 +0000] "GET /axis2/services/WebFilteringService/getCategoryByUrl?app=chrome_antiporn&ver=0.19.7.1&url=https%3A//www.google.com.pe/search%3Fq%3Dguason+navide%25C3%25B1o%26espv%3D2%26biw%3D1600%26bih%3D775%26source%3Dlnms%26tbm%3Disch%26sa%3DX%26ved%3D0ahUKEwjUn5iZp4fKAhUBdx4KHS-dCX4Q_AUIBigB%26safe%3Dhigh HTTP/1.1" 200 133 "-" "Mozilla/5.0 (Windows NT 6.1; WOW64) AppleWebKit/537.36 (KHTML, like Gecko) Chrome/47.0.2526.106 Safari/537.36"
172.31.238.200 - - [01/Jan/2016:00:00:00 +0000] "GET /axis2/services/WebFilteringService/getCategoryByUrl?app=chrome_antiporn&ver=0.19.7.1&url=https%3A//s.ytimg.com/yts/img/favicon_144-vflWmzoXw.png HTTP/1.1" 200 133 "-" "Mozilla/5.0 (Windows NT 6.1) AppleWebKit/537.36 (KHTML, like Gecko) Chrome/46.0.2490.80 Safari/537.36"
172.31.38.136 - - [01/Jan/2016:00:00:01 +0000] "GET /webapi/getcategory?uri=2shu8.com&key=d647fe2a-2193-4c2d-8cad-38e78316d020 HTTP/1.1" 200 81 "-" "Apache-HttpClient/UNAVAILABLE (java 1.4)"
172.31.238.200 - - [01/Jan/2016:00:00:00 +0000] "GET /webapi/getcategory?uri=www.pof.com&key=d647fe2a-2193-4c2d-8cad-38e78316d020 HTTP/1.1" 200 55 "-" "Apache-HttpClient/UNAVAILABLE (java 1.4)"
172.31.38.136 - - [01/Jan/2016:00:00:01 +0000] "GET /axis2/services/WebFilteringService/getCategoryByUrl?app=chrome_webfilter&ver=0.19.7.1&url=https%3A//s.ytimg.com/yts/img/favicon_144-vflWmzoXw.png HTTP/1.1" 200 133 "-" "Mozilla/5.0 (Windows NT 5.1) AppleWebKit/537.36 (KHTML, like Gecko) Chrome/47.0.2526.106 Safari/537.36"
172.31.238.200 - - [01/Jan/2016:00:00:00 +0000] "GET /axis2/services/WebFilteringService/getCategoryByUrl?app=chrome_antiporn&ver=0.19.7.1&url=https%3A//fbcdn-creative-a.akamaihd.net/hads-ak-xtf1/v/t42.1790-4/12387385_1675136436077916_1113026330_n.mp4%3Fefg%3DeyJ2ZW5jb2RlX3RhZyI6InN2ZV9zZCJ9%26oh%3Dcc9fc719fa42c092ecbd9cc2a34ac9b3%26oe%3D5685F66D%26__gda__%3D1451617528_fc6fd8b3c47aeb6dc50528da78ed3baa HTTP/1.1" 200 133 "-" "Mozilla/5.0 (Windows NT 5.1) AppleWebKit/537.36 (KHTML, like Gecko) Chrome/46.0.2490.71 Safari/537.36"
172.31.238.200 - - [01/Jan/2016:00:00:00 +0000] "GET /axis2/services/WebFilteringService/getCategoryByUrl?app=chrome_antiporn&ver=0.19.7.1&url=https%3A//s.ytimg.com/yts/img/favicon_32-vfl8NGn4k.png HTTP/1.1" 200 133 "-" "Mozilla/5.0 (Windows NT 6.1; WOW64) AppleWebKit/537.36 (KHTML, like Gecko) Chrome/41.0.2272.118 Safari/537.36"
172.31.38.136 - - [01/Jan/2016:00:00:01 +0000] "GET /axis2/services/WebFilteringService/getCategoryByUrl?app=chrome_webfilter&ver=0.19.7.1&url=https%3A//s.ytimg.com/yts/img/favicon_96-vfldSA3ca.png HTTP/1.1" 200 133 "-" "Mozilla/5.0 (Windows NT 6.1; WOW64) AppleWebKit/537.36 (KHTML, like Gecko) Chrome/47.0.2526.106 Safari/537.36"
172.31.238.200 - - [01/Jan/2016:00:00:00 +0000] "GET /axis2/services/WebFilteringService/getCategoryByUrl?app=chrome_antiporn&ver=0.19.7.1&url=https%3A//maa5-a.akamaihd.net/marvelshield/production_n7/ac/20151223111838/fs/3j60012.png HTTP/1.1" 200 133 "-" "Mozilla/5.0 (Macintosh; Intel Mac OS X 10_11_2) AppleWebKit/537.36 (KHTML, like Gecko) Chrome/47.0.2526.106 Safari/537.36"
172.31.238.200 - - [01/Jan/2016:00:00:00 +0000] "GET /axis2/services/WebFilteringService/getCategoryByUrl?app=chrome_antiporn&ver=0.19.7.1&url=https%3A//cdn01.x-plarium.com/sparta/content/ui/skin_parts/containers/sceneObject_description/warehouse_icon_shadow.png HTTP/1.1" 200 133 "-" "Mozilla/5.0 (Windows NT 6.1; WOW64) AppleWebKit/537.36 (KHTML, like Gecko) Chrome/47.0.2526.106 Safari/537.36"
172.31.238.200 - - [01/Jan/2016:00:00:00 +0000] "GET /axis2/services/WebFilteringService/getCategoryByUrl?app=chrome_antiporn&ver=0.19.7.1&url=https%3A//s.ytimg.com/yts/img/favicon_144-vflWmzoXw.png HTTP/1.1" 200 133 "-" "Mozilla/5.0 (Windows NT 10.0; WOW64) AppleWebKit/537.36 (KHTML, like Gecko) Chrome/47.0.2526.106 Safari/537.36"
172.31.38.136 - - [01/Jan/2016:00:00:01 +0000] "GET /axis2/services/WebFilteringService/getCategoryByUrl?app=chrome_antiporn&ver=0.19.7.1&url=https%3A//s.ytimg.com/yts/img/favicon_144-vflWmzoXw.png HTTP/1.1" 200 133 "-" "Mozilla/5.0 (Windows NT 6.1; WOW64) AppleWebKit/537.36 (KHTML, like Gecko) Chrome/47.0.2526.106 Safari/537.36"
172.31.238.200 - - [01/Jan/2016:00:00:00 +0000] "GET /axis2/services/WebFilteringService/getCategoryByUrl?app=chrome_antiporn&ver=0.19.7.1&url=https%3A//s.ytimg.com/yts/img/favicon_144-vflWmzoXw.png HTTP/1.1" 200 133 "-" "Mozilla/5.0 (Windows NT 6.1) AppleWebKit/537.36 (KHTML, like Gecko) Chrome/47.0.2526.106 Safari/537.36"
172.31.38.136 - - [01/Jan/2016:00:00:01 +0000] "GET /webapi/getcategory?uri=apps.facebook.com&key=d647fe2a-2193-4c2d-8cad-38e78316d020 HTTP/1.1" 200 71 "-" "Apache-HttpClient/UNAVAILABLE (java 1.4)"
172.31.238.200 - - [01/Jan/2016:00:00:00 +0000] "GET /axis2/services/WebFilteringService/getCategoryByUrl?app=chrome_antiporn&ver=0.19.7.1&url=http%3A//cdn.cack.vtcmobile.vn/resNew/sound/wd/yc/jiugonglianhuanjian.mp3%3Fv%3D8749 HTTP/1.1" 200 134 "-" "Mozilla/5.0 (Windows NT 6.2; WOW64) AppleWebKit/537.36 (KHTML, like Gecko) coc_coc_browser/52.2.98 Chrome/46.2.2490.98 Safari/537.36"
172.31.238.200 - - [01/Jan/2016:00:00:01 +0000] "GET /axis2/services/WebFilteringService/getCategoryByUrl?app=chrome_antiporn&ver=0.19.7.1&url=https%3A//s.ytimg.com/yts/img/favicon_32-vfl8NGn4k.png HTTP/1.1" 200 133 "-" "Mozilla/5.0 (Windows NT 6.1; WOW64) AppleWebKit/537.36 (KHTML, like Gecko) Chrome/47.0.2526.106 Safari/537.36"
172.31.38.136 - - [01/Jan/2016:00:00:01 +0000] "GET /axis2/services/WebFilteringService/getCategoryByUrl?app=chrome_webfilter&ver=0.19.7.1&url=https%3A//s-ak.kobojo.com/mutants/assets/hud/daily_news/btn_daily_news.png HTTP/1.1" 200 133 "-" "Mozilla/5.0 (Windows NT 5.1) AppleWebKit/537.36 (KHTML, like Gecko) Chrome/47.0.2526.106 Safari/537.36"
172.31.238.200 - - [01/Jan/2016:00:00:01 +0000] "GET /axis2/services/WebFilteringService/getCategoryByUrl?app=chrome_antiporn&ver=0.19.7.1&url=http%3A//logger.ivi.ru/logger/content/time/ HTTP/1.1" 200 133 "-" "Mozilla/5.0 (X11; Linux x86_64) AppleWebKit/537.36 (KHTML, like Gecko) Ubuntu Chromium/45.0.2454.101 Chrome/45.0.2454.101 Safari/537.36"
172.31.238.200 - - [01/Jan/2016:00:00:01 +0000] "GET /axis2/services/WebFilteringService/getCategoryByUrl?app=chrome_webfilter&ver=0.19.7.1&url=https%3A//s.ytimg.com/yts/img/favicon_144-vflWmzoXw.png HTTP/1.1" 200 133 "-" "Mozilla/5.0 (Windows NT 6.3; WOW64) AppleWebKit/537.36 (KHTML, like Gecko) Chrome/47.0.2526.106 Safari/537.36"
172.31.38.136 - - [01/Jan/2016:00:00:01 +0000] "GET /axis2/services/WebFilteringService/getCategoryByUrl?app=chrome_antiporn&ver=0.19.7.1&url=http%3A//ve-hds-uk-live.bbcfmt.vo.llnwd.net/pool_15/live/uk/news_stream_01_4/news_stream_01_4.isml/news_stream_01_4-track1%3D96000-video%3D700000-Seg1-Frag181450797 HTTP/1.1" 200 133 "-" "Mozilla/5.0 (Windows NT 6.1) AppleWebKit/537.36 (KHTML, like Gecko) Chrome/47.0.2526.106 Safari/537.36"
172.31.238.200 - - [01/Jan/2016:00:00:01 +0000] "GET /axis2/services/WebFilteringService/getCategoryByUrl?app=chrome_webfilter&ver=0.19.7.1&url=https%3A//www.groupon.cl/login%3Fref%3Dhttps%253A%252F%252Fwww.groupon.cl%252Fdeals%252Fdesde-11900-por-1-3-6-o-12-meses-de-acceso-libre-a-gimnasio-en-sparta-gym0s0000a00a4c0iv610-15%252Fconfirmation%253Fpledge_id%253D1003302459 HTTP/1.1" 200 133 "-" "Mozilla/5.0 (Windows NT 6.1) AppleWebKit/537.36 (KHTML, like Gecko) Chrome/47.0.2526.106 Safari/537.36"
172.31.238.200 - - [01/Jan/2016:00:00:01 +0000] "GET /axis2/services/WebFilteringService/getCategoryByUrl?app=chrome_webfilter&ver=0.19.7.1&url=https%3A//s.ytimg.com/yts/img/favicon_48-vfl1s0rGh.png HTTP/1.1" 200 133 "-" "Mozilla/5.0 (Windows NT 5.1) AppleWebKit/537.36 (KHTML, like Gecko) Chrome/47.0.2526.106 Safari/537.36"
172.31.38.136 - - [01/Jan/2016:00:00:01 +0000] "GET /axis2/services/WebFilteringService/getCategoryByUrl?app=chrome_webfilter&ver=0.19.7.1&url=http%3A//sync.adaptv.advertising.com/sync%3Ftype%3Dgif%26key%3Dextendtv%26uid%3Da6798760-b01a-11e5-9375-125d7a8cbf47 HTTP/1.1" 200 133 "-" "Mozilla/5.0 (Windows NT 10.0; WOW64) AppleWebKit/537.36 (KHTML, like Gecko) Chrome/47.0.2526.106 Safari/537.36"
172.31.238.200 - - [01/Jan/2016:00:00:01 +0000] "GET /axis2/services/WebFilteringService/getCategoryByUrl?app=chrome_antiporn&ver=0.19.7.1&url=https%3A//cdn01.x-plarium.com/sparta/content/ui/skin_parts/icons/clickerRadar/controlFreeLocRadarSP.png HTTP/1.1" 200 133 "-" "Mozilla/5.0 (Windows NT 6.1; WOW64) AppleWebKit/537.36 (KHTML, like Gecko) Chrome/47.0.2526.106 Safari/537.36"
172.31.38.136 - - [01/Jan/2016:00:00:01 +0000] "GET /axis2/services/WebFilteringService/getCategoryByUrl?app=chrome_antiporn&ver=0.19.7.1&url=http%3A//b.scorecardresearch.com/p%3Fc1%3D19%26c2%3D13765216%26ns_ap_an%3DVK%2520Video%2520Player%26ns_ap_pn%3Das3%26ns_ap_pv%3D20%252C0%252C0%252C267%26c12%3De45211fa09e2198b4a6ee54a1013d6d3-cs72%26name%3Dforeground%26ns_ap_ec%3D120%26ns_ap_ev%3Dhidden%26ns_ap_device%3DGoogle%2520Pepper%26ns_ap_id%3D1451610711233%26ns_ap_bi%3D%26ns_ap_pfm%3DPlugIn%26ns_ap_pfv%3D20%252C0%252C0%252C267%26ns_ap_ver%3Dunknown%26ns_ap_sv%3D3.1505.26%26ns_type%3Dhidden%26ns_st_sv%3D4.1505.26%26ns_st_it%3Dr%26ns_st_id%3D1451610711216_0%26ns_st_ec%3D7%26ns_st_sp%3D1%26ns_st_cn%3D1%26ns_st_ev%3Dhb%26ns_st_po%3D6481477%26ns_st_cl%3D0%26ns_st_hc%3D113%26ns_st_mp%3Das3_puppet%26ns_st_mv%3D4.1505.26%26ns_st_pn%3D1%26ns_st_tp%3D0%26ns_st_pt%3D6481477%26ns_st_pa%3D6481477%26ns_st_ci%3D87155741_148967790%26ns_ap_res%3D7177x5000%26ns_ap_cs%3D1%26ns_ap_lang%3Des%26ns_ts%3D1451617202058%26ns_st_pe%3D1%26ns_st_bt%3D0%26ns_st_bp%3D0%26ns_st_pc%3D0%26ns_st_pp%3D0%26ns_st_br%3D0%26ns_st_ub%3D0%26ns_st_ct%3Dvc%26c3%3D*null%26c4%3D*null%26c6%3D*null%26c7%3Dhttp%253A%252F%252Fvk.com%252Fvideo_ext.php%253Foid%253D87155741%2526id%253D148967790%2526hash%253D2e163b1bc40bb15d%2526hd%253D1%26c8%3DVK%2520%257C%2520Video%2520Ext%26c9%3Dhttp%253A%252F%252Fviewmovies-online.blogspot.pe%252F2013%252F05%252Fel-amor-en-los-tiempos-del-colera-2007.html HTTP/1.1" 200 133 "-" "Mozilla/5.0 (Windows NT 6.3; WOW64) AppleWebKit/537.36 (KHTML, like Gecko) Chrome/47.0.2526.106 Safari/537.36"
172.31.238.200 - - [01/Jan/2016:00:00:01 +0000] "GET /axis2/services/WebFilteringService/getCategoryByUrl?app=chrome_webfilter&ver=0.19.7.1&url=https%3A//s.ytimg.com/yts/img/favicon_32-vfl8NGn4k.png HTTP/1.1" 200 133 "-" "Mozilla/5.0 (Windows NT 6.2) AppleWebKit/537.36 (KHTML, like Gecko) Chrome/47.0.2526.106 Safari/537.36"
172.31.38.136 - - [01/Jan/2016:00:00:01 +0000] "GET /axis2/services/WebFilteringService/getCategoryByUrl?app=chrome_webfilter&ver=0.19.7.1&url=https%3A//www.youtube.com/watch%3Fv%3DeSFhEoUd0cw HTTP/1.1" 200 133 "-" "Mozilla/5.0 (Windows NT 6.1) AppleWebKit/537.36 (KHTML, like Gecko) Chrome/47.0.2526.106 Safari/537.36"
172.31.238.200 - - [01/Jan/2016:00:00:01 +0000] "GET /axis2/services/WebFilteringService/getCategoryByUrl?app=chrome_antiporn&ver=0.19.7.1&url=https%3A//cdn01.x-plarium.com/sparta/content/sector/decor/0/mutagen_2x2.swf HTTP/1.1" 200 133 "-" "Mozilla/5.0 (Windows NT 6.1; WOW64) AppleWebKit/537.36 (KHTML, like Gecko) Chrome/47.0.2526.106 Safari/537.36"
172.31.238.200 - - [01/Jan/2016:00:00:01 +0000] "GET /axis2/services/WebFilteringService/getCategoryByUrl?app=chrome_antiporn&ver=0.19.7.1&url=https%3A//candycrush.king.com/candycrushapi/getGameModePerLevel%3F_session%3DpT51JXwJnaix2gIrJ7gkOw.2 HTTP/1.1" 200 133 "-" "Mozilla/5.0 (Windows NT 6.1; WOW64) AppleWebKit/537.36 (KHTML, like Gecko) Chrome/47.0.2526.106 Safari/537.36"
172.31.38.136 - - [01/Jan/2016:00:00:01 +0000] "GET /axis2/services/WebFilteringService/getCategoryByUrl?app=chrome_antiporn&ver=0.19.7.1&url=http%3A//www.ascodevida.com/familia/1910145 HTTP/1.1" 200 133 "-" "Mozilla/5.0 (Windows NT 6.2; WOW64) AppleWebKit/537.36 (KHTML, like Gecko) Chrome/47.0.2526.106 Safari/537.36"
172.31.238.200 - - [01/Jan/2016:00:00:01 +0000] "GET /axis2/services/WebFilteringService/getCategoryByUrl?app=chrome_antiporn&ver=0.19.7.1&url=https%3A//d1s72spon8oqz4.cloudfront.net/resources/game-configuration.json%3F_v%3Dhvr05g HTTP/1.1" 200 133 "-" "Mozilla/5.0 (Windows NT 6.1; WOW64) AppleWebKit/537.36 (KHTML, like Gecko) Chrome/47.0.2526.106 Safari/537.36"
172.31.38.136 - - [01/Jan/2016:00:00:01 +0000] "GET /axis2/services/WebFilteringService/getCategoryByUrl?app=chrome_webfilter&ver=0.19.7.1&url=https%3A//www.google.com.pe/search%3Fq%3Dfrases+para+el+a%25C3%25B1o+nuevo+2016%26espv%3D2%26biw%3D1366%26bih%3D600%26site%3Dwebhp%26source%3Dlnms%26tbm%3Disch%26sa%3DX%26ved%3D0ahUKEwiL9dubp4fKAhWChJAKHevjAE0Q_AUIBigB%26safe%3Dhigh HTTP/1.1" 200 133 "-" "Mozilla/5.0 (Windows NT 6.1; WOW64) AppleWebKit/537.36 (KHTML, like Gecko) Chrome/39.0.2171.27 Safari/537.36"
172.31.238.200 - - [01/Jan/2016:00:00:01 +0000] "GET /axis2/services/WebFilteringService/getCategoryByUrl?app=chrome_webfilter&ver=0.19.7.1&url=http%3A//link.theplatform.com/crossdomain.xml HTTP/1.1" 200 133 "-" "Mozilla/5.0 (X11; CrOS x86_64 7520.63.0) AppleWebKit/537.36 (KHTML, like Gecko) Chrome/47.0.2526.106 Safari/537.36"
172.31.38.136 - - [01/Jan/2016:00:00:01 +0000] "GET /axis2/services/WebFilteringService/getCategoryByUrl?app=chrome_antiporn&ver=0.19.7.1&url=http%3A//sw.lalakla.ru/users_pool HTTP/1.1" 200 134 "-" "Mozilla/5.0 (Windows NT 10.0; WOW64) AppleWebKit/537.36 (KHTML, like Gecko) Chrome/47.0.2526.106 Safari/537.36"
172.31.238.200 - - [01/Jan/2016:00:00:01 +0000] "GET /axis2/services/WebFilteringService/getCategoryByUrl?app=chrome_antiporn&ver=0.19.7.1&url=https%3A//s.youtube.com/api/stats/watchtime%3Ffmt%3D160%26plid%3DAAUoOnGjbKVF6bxj%26ver%3D2%26cmt%3D34.422%26cosver%3D6.1%26cbr%3DChrome%26rtn%3D75%26rti%3D35%26hl%3Dar_EG%26len%3D2543.583%26fexp%3D3300134%2C3300137%2C3300161%2C3312381%2C9407181%2C9408558%2C9412777%2C9413139%2C9416126%2C9417701%2C9418223%2C9420452%2C9422596%2C9423625%2C9423662%2C9423974%2C9424134%2C9424985%2C9425337%26ldpj%3D-36%26cplayer%3DAS3%26cr%3DDZ%26et%3D34.327%26c%3DWEB%26ns%3Dyt%26cbrver%3D47.0.2526.106%26st%3D23.225%26cver%3Das3%26el%3Ddetailpage%26idpj%3D-7%26of%3DmyekohdKlOsJh9kACOi34g%26lact%3D400%26cos%3DWindows%26feature%3Drelmfu%26state%3Dplaying%26vm%3DCAEQAQ%26ei%3DW8GFVsPJDM2wc-yGvLAN%26docid%3Dc5P3uaHnMrA%26cpn%3DSujNsztic1GQcXLd%26rt%3D37.088 HTTP/1.1" 200 133 "-" "Mozilla/5.0 (Windows NT 6.1) AppleWebKit/537.36 (KHTML, like Gecko) Chrome/47.0.2526.106 Safari/537.36"
172.31.38.136 - - [01/Jan/2016:00:00:01 +0000] "GET /axis2/services/WebFilteringService/getCategoryByUrl?app=chrome_webfilter&ver=0.19.7.1&url=http%3A//www.sport.es/es/ HTTP/1.1" 200 133 "-" "Mozilla/5.0 (Windows NT 6.1; WOW64) AppleWebKit/537.36 (KHTML, like Gecko) Chrome/47.0.2526.106 Safari/537.36"
172.31.38.136 - - [01/Jan/2016:00:00:01 +0000] "GET /axis2/services/WebFilteringService/getCategoryByUrl?app=chrome_antiporn&ver=0.19.7.1&url=https%3A//s-ak.kobojo.com/mutants/assets/maps/collision1.png HTTP/1.1" 200 133 "-" "Mozilla/5.0 (Windows NT 6.3; WOW64) AppleWebKit/537.36 (KHTML, like Gecko) Chrome/47.0.2526.106 Safari/537.36"
172.31.38.136 - - [01/Jan/2016:00:00:01 +0000] "GET /axis2/services/WebFilteringService/getCategoryByUrl?app=chrome_webfilter&ver=0.19.7.1&url=http%3A//www.emol.com/especiales/2016/tendencias/predicciones/piscis.asp HTTP/1.1" 200 133 "-" "Mozilla/5.0 (Windows NT 6.1; WOW64) AppleWebKit/537.36 (KHTML, like Gecko) Chrome/47.0.2526.106 Safari/537.36"
172.31.238.200 - - [01/Jan/2016:00:00:01 +0000] "GET /axis2/services/WebFilteringService/getCategoryByUrl?app=chrome_antiporn&ver=0.19.7.1&url=https%3A//cdn01.x-plarium.com/sparta/content/ui/skin_parts/text/new_message_counter/sp_main_council_tab_interactive.swf HTTP/1.1" 200 133 "-" "Mozilla/5.0 (Windows NT 6.1; WOW64) AppleWebKit/537.36 (KHTML, like Gecko) Chrome/47.0.2526.106 Safari/537.36"
172.31.38.136 - - [01/Jan/2016:00:00:01 +0000] "GET /axis2/services/WebFilteringService/getCategoryByUrl?app=firefox_AntiPorn&ver=0.19.6.9&url=http%3A%2F%2Fad.doubleclick.net%2Fadi%2FN74003.226576DBM%2FB8279619.112937690%3Bsz%3D728x90%3Binsertion_order_id%3D1376116%3Blnm%3D1982471%3Bcrea%3D6349058%3Bxbid_auction_id%3DABAjH0hltwtjNFZIQmx-ewfvuR93%3Bxbid_exchange_id%3D10%3Bxbid_url%3Dhttp%3A%2F%2Fwww.msn.com%2Fen-us%2Flifestyle%2Ffamily%2Ft-shirt-telling-little-girls-they-can-be-president-angers-moms%2Far-BBo3HkP HTTP/1.1" 200 133 "-" "Mozilla/5.0 (Macintosh; Intel Mac OS X 10.11; rv:43.0) Gecko/20100101 Firefox/43.0"
172.31.238.200 - - [01/Jan/2016:00:00:01 +0000] "GET /axis2/services/WebFilteringService/getCategoryByUrl?app=chrome_webfilter&ver=0.19.7.1&url=https%3A//s.ytimg.com/yts/img/favicon_144-vflWmzoXw.png HTTP/1.1" 200 133 "-" "Mozilla/5.0 (Windows NT 6.1) AppleWebKit/537.36 (KHTML, like Gecko) Chrome/47.0.2526.106 Safari/537.36"
172.31.38.136 - - [01/Jan/2016:00:00:01 +0000] "GET /axis2/services/WebFilteringService/getCategoryByUrl?app=chrome_antiporn&ver=0.19.7.1&url=https%3A//www.youtube.com/ HTTP/1.1" 200 133 "-" "Mozilla/5.0 (Windows NT 6.1) AppleWebKit/537.36 (KHTML, like Gecko) Chrome/47.0.2526.106 Safari/537.36"
172.31.38.136 - - [01/Jan/2016:00:00:01 +0000] "GET /axis2/services/WebFilteringService/getCategoryByUrl?app=chrome_antiporn&ver=0.19.7.1&url=https%3A//s.ytimg.com/yts/img/favicon_144-vflWmzoXw.png HTTP/1.1" 200 133 "-" "Mozilla/5.0 (Windows NT 6.1) AppleWebKit/537.36 (KHTML, like Gecko) Chrome/47.0.2526.106 Safari/537.36"
172.31.238.200 - - [01/Jan/2016:00:00:01 +0000] "GET /axis2/services/WebFilteringService/getCategoryByUrl?app=chrome_antiporn&ver=0.19.7.1&url=https%3A//www.facebook.com/pollosus HTTP/1.1" 200 133 "-" "Mozilla/5.0 (Windows NT 5.1) AppleWebKit/537.36 (KHTML, like Gecko) Chrome/47.0.2526.106 Safari/537.36"
172.31.38.136 - - [01/Jan/2016:00:00:01 +0000] "GET /axis2/services/WebFilteringService/getCategoryByUrl?app=chrome_webfilter&ver=0.19.7.1&url=http%3A//s.imgur.com/include/fonts/imgur.woff%3F1441818015 HTTP/1.1" 200 133 "-" "Mozilla/5.0 (Windows NT 6.3; WOW64) AppleWebKit/537.36 (KHTML, like Gecko) Chrome/47.0.2526.106 Safari/537.36"
172.31.38.136 - - [01/Jan/2016:00:00:01 +0000] "GET /axis2/services/WebFilteringService/getCategoryByUrl?app=chrome_antiporn&ver=0.19.7.1&url=https%3A//default01.static.socialpointgames.com/static/dragoncity/assets/sprites/0076_stone_4_xmas_b.swf%3Fversion%3D1 HTTP/1.1" 200 133 "-" "Mozilla/5.0 (Windows NT 6.1) AppleWebKit/537.36 (KHTML, like Gecko) Chrome/45.0.2454.101 Safari/537.36"
172.31.238.200 - - [01/Jan/2016:00:00:01 +0000] "GET /axis2/services/WebFilteringService/getCategoryByUrl?app=chrome_antiporn&ver=0.19.7.1&url=https%3A//cdn.slashkey.com/flash/farm/libs/0709-170243/assets/crops/sugarcane2.swf HTTP/1.1" 200 133 "-" "Mozilla/5.0 (Windows NT 6.1; WOW64) AppleWebKit/537.36 (KHTML, like Gecko) Chrome/47.0.2526.106 Safari/537.36"
172.31.38.136 - - [01/Jan/2016:00:00:01 +0000] "GET /axis2/services/WebFilteringService/getCategoryByUrl?app=chrome_webfilter&ver=0.19.7.1&url=https%3A//vk.com/images/fav_chat_2x.ico%3F3 HTTP/1.1" 200 133 "-" "Mozilla/5.0 (Windows NT 6.3; WOW64) AppleWebKit/537.36 (KHTML, like Gecko) Chrome/47.0.2526.106 Safari/537.36"
172.31.238.200 - - [01/Jan/2016:00:00:01 +0000] "GET /axis2/services/WebFilteringService/getCategoryByUrl?app=chrome_webfilter&ver=0.19.7.1&url=http%3A//espn3hds.espn.go.com/z/espn1_p@11631/400_fa5b1a3f5ee957d2-p.bootstrap%3Fg%3DPNECVFSXUEWX%26hdntl%3Dexp%3D1451692531%7Eacl%3D%252f*%7Edata%3Dhdntl%7Ehmac%3Db388048d0b4ff271c6da1f9b0cdec9c14e906beaac49a3418b7859c3489f5c1f%26hdcore%3D3.3.3%26plugin%3Daasp-3.3.3.2.2 HTTP/1.1" 200 133 "-" "Mozilla/5.0 (Windows NT 6.1; WOW64) AppleWebKit/537.36 (KHTML, like Gecko) Chrome/47.0.2526.106 Safari/537.36"
172.31.38.136 - - [01/Jan/2016:00:00:01 +0000] "GET /axis2/services/WebFilteringService/getCategoryByUrl?app=firefox_AntiPorn&ver=0.19.6.9&url=https%3A%2F%2Fgoogleads.g.doubleclick.net%2Fpagead%2Fads HTTP/1.1" 200 133 "-" "Mozilla/5.0 (Windows NT 6.1; rv:31.0) Gecko/20100101 Firefox/31.0"
172.31.38.136 - - [01/Jan/2016:00:00:01 +0000] "GET /axis2/services/WebFilteringService/getCategoryByUrl?app=firefox_WebFilter&ver=0.19.6.9&url=https%3A%2F%2Fstaticxx.facebook.com%2Fconnect%2Fxd_arbiter.php HTTP/1.1" 200 133 "-" "Mozilla/5.0 (X11; Linux x86_64; rv:31.0) Gecko/20100101 Firefox/31.0 Iceweasel/31.8.0"
172.31.238.200 - - [01/Jan/2016:00:00:01 +0000] "GET /axis2/services/WebFilteringService/getCategoryByUrl?app=chrome_antiporn&ver=0.19.7.1&url=https%3A//s.ytimg.com/yts/img/favicon_48-vfl1s0rGh.png HTTP/1.1" 200 133 "-" "Mozilla/5.0 (Windows NT 6.1; WOW64) AppleWebKit/537.36 (KHTML, like Gecko) Chrome/47.0.2526.80 Safari/537.36"
172.31.38.136 - - [01/Jan/2016:00:00:01 +0000] "GET /axis2/services/WebFilteringService/getCategoryByUrl?app=chrome_antiporn&ver=0.19.7.1&url=https%3A//s.ytimg.com/yts/img/favicon_144-vflWmzoXw.png HTTP/1.1" 200 133 "-" "Mozilla/5.0 (Windows NT 6.1; WOW64) AppleWebKit/537.36 (KHTML, like Gecko) Chrome/47.0.2526.106 Safari/537.36"
172.31.238.200 - - [01/Jan/2016:00:00:01 +0000] "GET /axis2/services/WebFilteringService/getCategoryByUrl?app=firefox_AntiPorn&ver=0.19.6.9&url=http%3A%2F%2Fwww.clocklink.com%2Fhtml5embed.php HTTP/1.1" 200 133 "-" "Mozilla/5.0 (Windows NT 6.3; WOW64; rv:43.0) Gecko/20100101 Firefox/43.0"
172.31.38.136 - - [01/Jan/2016:00:00:01 +0000] "GET /axis2/services/WebFilteringService/getCategoryByUrl?app=chrome_antiporn&ver=0.19.7.1&url=https%3A//graph.facebook.com/550091070/picture%3Ftype%3Dsquare HTTP/1.1" 200 133 "-" "Mozilla/5.0 (Windows NT 6.3; WOW64) AppleWebKit/537.36 (KHTML, like Gecko) Chrome/47.0.2526.106 Safari/537.36"
172.31.38.136 - - [01/Jan/2016:00:00:01 +0000] "GET /axis2/services/WebFilteringService/getCategoryByUrl?app=chrome_antiporn&ver=0.19.7.1&url=https%3A//s.ytimg.com/yts/img/favicon_144-vflWmzoXw.png HTTP/1.1" 200 133 "-" "Mozilla/5.0 (Windows NT 6.1) AppleWebKit/537.36 (KHTML, like Gecko) Chrome/47.0.2526.106 Safari/537.36"
172.31.238.200 - - [01/Jan/2016:00:00:01 +0000] "GET /axis2/services/WebFilteringService/getCategoryByUrl?app=chrome_webfilter&ver=0.19.7.1&url=https%3A//s-ak.kobojo.com/mutants/assets/hud/main_ui/picto_sound.png HTTP/1.1" 200 133 "-" "Mozilla/5.0 (Windows NT 5.1) AppleWebKit/537.36 (KHTML, like Gecko) Chrome/47.0.2526.106 Safari/537.36"
172.31.38.136 - - [01/Jan/2016:00:00:01 +0000] "GET /axis2/services/WebFilteringService/getCategoryByUrl?app=chrome_antiporn&ver=0.19.7.1&url=https%3A//fbcdn-profile-a.akamaihd.net/hprofile-ak-xta1/v/t1.0-1/p200x200/12187686_460089217526520_8323243834713489006_n.jpg%3Foh%3Df36608a0941702b091e602d559220e3a%26oe%3D5701896E%26__gda__%3D1461771072_3571a2d2a0a695a1ce35f06c0ccbb558 HTTP/1.1" 200 133 "-" "Mozilla/5.0 (Windows NT 6.1; WOW64) AppleWebKit/537.36 (KHTML, like Gecko) Chrome/47.0.2526.106 Safari/537.36"
172.31.238.200 - - [01/Jan/2016:00:00:01 +0000] "GET /axis2/services/WebFilteringService/getCategoryByUrl?app=chrome_antiporn&ver=0.19.7.1&url=http%3A//donpornogratis.com/xvideos/page/4 HTTP/1.1" 200 134 "-" "Mozilla/5.0 (Windows NT 6.3; WOW64) AppleWebKit/537.36 (KHTML, like Gecko) Chrome/47.0.2526.106 Safari/537.36"
